.....random order seed: 554
..................................serve: 2026-09-28T02:19:56.530+00:00 method="GET" path="/api/settings" status=200 size=3493 duration_ms=1.748 event="end"
serve: 2026-09-28T02:19:56.531+00:00 method="POST" path="/api/settings" status=- size=0 duration_ms=0.302 event="start"
serve: 2026-09-28T02:19:56.544+00:00 method="POST" path="/api/settings" status=400 size=79 duration_ms=13.069 event="end"
..............................................................serve: 2026-09-28T02:20:39.266+00:00 method="POST" path="/api/client_log" status=- size=0 duration_ms=0.147 event="start"
serve: 2026-09-28T02:20:39.266+00:00 method="POST" path="/api/client_log" status=204 size=0 duration_ms=0.459 event="end"
......serve: 2026-09-28T02:20:39.303+00:00 method="GET" path="/api/releases/mahler" status=200 size=105 duration_ms=0.219 event="end"
...........................................................................................serve: 2026-09-28T02:20:41.293+00:00 method="POST" path="/api/pause" status=- size=0 duration_ms=0.207 event="start"
serve: 2026-09-28T02:20:41.293+00:00 method="POST" path="/api/pause" status=200 size=12 duration_ms=0.427 event="end"
...............................serve: 2026-09-28T02:20:41.783+00:00 method="GET" path="/api/releases/phish-in%2Fcouch-tour.json" status=200 size=118 duration_ms=0.543 event="end"
..........................................................................serve: 2026-09-28T02:20:43.293+00:00 method="GET" path="/fragment" status=200 size=3824 duration_ms=1.990 event="end"
serve: 2026-09-28T02:20:43.296+00:00 method="GET" path="/api/state" status=200 size=41870 duration_ms=3.256 event="end"
..................................serve: 2026-09-28T02:20:44.092+00:00 method="GET" path="/api/releases/nonexistent" status=- size=0 duration_ms=0.179 event="code 404, message Not Found"
serve: 2026-09-28T02:20:44.092+00:00 method="GET" path="/api/releases/nonexistent" status=404 size=455 duration_ms=0.256 event="end"
serve: 2026-09-28T02:20:44.092+00:00 method="GET" path="/api/releases/mahler" status=- size=0 duration_ms=0.069 event="code 404, message Not Found"
serve: 2026-09-28T02:20:44.092+00:00 method="GET" path="/api/releases/mahler" status=404 size=455 duration_ms=0.141 event="end"
.....serve: 2026-09-28T02:20:44.132+00:00 method="POST" path="/api/pause" status=- size=0 duration_ms=0.075 event="start"
serve: 2026-09-28T02:20:44.132+00:00 method="POST" path="/api/pause" status=200 size=12 duration_ms=0.274 event="end"
serve: 2026-09-28T02:20:44.133+00:00 method="POST" path="/api/resume" status=- size=0 duration_ms=0.063 event="start"
serve: 2026-09-28T02:20:44.133+00:00 method="POST" path="/api/resume" status=200 size=12 duration_ms=0.159 event="end"
.......................................................serve: 2026-09-28T02:20:45.716+00:00 method="POST" path="/api/brief_seen" status=- size=0 duration_ms=0.114 event="start"
serve: 2026-09-28T02:20:45.717+00:00 method="POST" path="/api/brief_seen" status=200 size=23 duration_ms=0.381 event="end"
serve: 2026-09-28T02:20:45.721+00:00 method="GET" path="/api/state" status=200 size=43055 duration_ms=3.998 event="end"
........................................serve: 2026-09-28T02:20:46.526+00:00 method="GET" path="/api/settings" status=200 size=3493 duration_ms=0.558 event="end"
serve: 2026-09-28T02:20:46.526+00:00 method="POST" path="/api/settings" status=- size=0 duration_ms=0.054 event="start"
serve: 2026-09-28T02:20:46.530+00:00 method="POST" path="/api/settings" status=200 size=3519 duration_ms=4.049 event="end"
serve: 2026-09-28T02:20:46.533+00:00 method="GET" path="/api/settings" status=200 size=3493 duration_ms=0.920 event="end"
...................serve: 2026-09-28T02:20:47.173+00:00 method="POST" path="/api/client_log" status=- size=0 duration_ms=0.103 event="start"
serve: 2026-09-28T02:20:47.173+00:00 method="POST" path="/api/client_log" status=204 size=0 duration_ms=0.326 event="end"
...............................serve: 2026-09-28T02:20:48.496+00:00 method="POST" path="/api/client_log" status=- size=0 duration_ms=0.190 event="start"
serve: 2026-09-28T02:20:48.496+00:00 method="POST" path="/api/client_log" status=204 size=0 duration_ms=0.545 event="end"
.........................................................................serve: 2026-09-28T02:20:50.693+00:00 method="POST" path="/api/pause" status=- size=0 duration_ms=0.126 event="start"
serve: 2026-09-28T02:20:50.693+00:00 method="POST" path="/api/pause" status=400 size=52 duration_ms=0.334 event="end"
serve: 2026-09-28T02:20:50.695+00:00 method="POST" path="/api/clear_backoff" status=- size=0 duration_ms=0.079 event="start"
serve: 2026-09-28T02:20:50.696+00:00 method="POST" path="/api/clear_backoff" status=400 size=53 duration_ms=0.269 event="end"
....................................serve: 2026-09-28T02:20:53.934+00:00 method="POST" path="/api/pause" status=- size=0 duration_ms=0.134 event="start"
serve: 2026-09-28T02:20:53.935+00:00 method="POST" path="/api/pause" status=200 size=12 duration_ms=0.416 event="end"
............................................................serve: 2026-09-28T02:20:55.537+00:00 method="POST" path="/api/pause" status=- size=0 duration_ms=0.117 event="start"
serve: 2026-09-28T02:20:55.538+00:00 method="POST" path="/api/pause" status=403 size=57 duration_ms=0.242 event="end"
serve: 2026-09-28T02:20:55.539+00:00 method="POST" path="/api/pause" status=- size=0 duration_ms=0.744 event="start"
serve: 2026-09-28T02:20:55.539+00:00 method="POST" path="/api/pause" status=403 size=52 duration_ms=1.029 event="end"
serve: 2026-09-28T02:20:55.540+00:00 method="POST" path="/api/pause" status=- size=0 duration_ms=0.076 event="start"
serve: 2026-09-28T02:20:55.540+00:00 method="POST" path="/api/pause" status=415 size=47 duration_ms=0.272 event="end"
...................serve: 2026-09-28T02:20:55.634+00:00 method="POST" path="/api/client_log" status=- size=0 duration_ms=0.203 event="start"
serve: 2026-09-28T02:20:55.635+00:00 method="POST" path="/api/client_log" status=403 size=57 duration_ms=0.325 event="end"
serve: 2026-09-28T02:20:55.635+00:00 method="POST" path="/api/client_log" status=- size=0 duration_ms=0.063 event="start"
serve: 2026-09-28T02:20:55.635+00:00 method="POST" path="/api/client_log" status=415 size=47 duration_ms=0.129 event="end"
serve: 2026-09-28T02:20:55.636+00:00 method="POST" path="/api/client_log" status=- size=0 duration_ms=0.047 event="start"
serve: 2026-09-28T02:20:55.636+00:00 method="POST" path="/api/client_log" status=403 size=52 duration_ms=0.122 event="end"
serve: 2026-09-28T02:20:55.636+00:00 method="POST" path="/api/client_log" status=- size=0 duration_ms=0.046 event="start"
serve: 2026-09-28T02:20:55.636+00:00 method="POST" path="/api/client_log" status=403 size=83 duration_ms=0.120 event="end"
...serve: 2026-09-28T02:20:55.689+00:00 method="GET" path="/fragment?layout=phone&tab=models" status=200 size=1743 duration_ms=2.727 event="end"
serve: 2026-09-28T02:20:55.691+00:00 method="GET" path="/" status=200 size=127043 duration_ms=1.902 event="end"
.......................................serve: cannot read HEAD, will retry
serve: cannot read HEAD, will retry
serve: cannot read HEAD, will retry
..............serve: cannot read HEAD, will retry
serve: cannot read HEAD, will retry
serve: cannot read HEAD, will retry
serve: cannot read HEAD, will retry
serve: cannot read HEAD, will retry
.................serve: cannot read HEAD, will retry
....serve: cannot read HEAD, will retry
serve: cannot read HEAD, will retry
serve: cannot read HEAD, will retry
serve: cannot read HEAD, will retry
serve: cannot read HEAD, will retry
serve: cannot read HEAD, will retry
serve: cannot read HEAD, will retry
serve: cannot read HEAD, will retry
serve: cannot read HEAD, will retry
serve: cannot read HEAD, will retry
serve: cannot read HEAD, will retry
.....serve: cannot read HEAD, will retry
.............serve: 2026-09-28T02:21:00.475+00:00 method="GET" path="/status" status=- size=0 duration_ms=0.193 event="code 404, message Not Found"
serve: 2026-09-28T02:21:00.476+00:00 method="GET" path="/status" status=404 size=455 duration_ms=0.339 event="end"
.serve: cannot read HEAD, will retry
serve: cannot read HEAD, will retry
serve: cannot read HEAD, will retry
serve: cannot read HEAD, will retry
serve: cannot read HEAD, will retry
serve: cannot read HEAD, will retry
serve: cannot read HEAD, will retry
serve: cannot read HEAD, will retry
serve: cannot read HEAD, will retry
serve: cannot read HEAD, will retry
serve: cannot read HEAD, will retry
serve: cannot read HEAD, will retry
serve: cannot read HEAD, will retry
....serve: cannot read HEAD, will retry
........serve: cannot read HEAD, will retry
serve: cannot read HEAD, will retry
serve: cannot read HEAD, will retry
serve: cannot read HEAD, will retry
...............................serve: cannot read HEAD, will retry
serve: cannot read HEAD, will retry
serve: cannot read HEAD, will retry
serve: cannot read HEAD, will retry
serve: cannot read HEAD, will retry
.serve: 2026-09-28T02:21:02.977+00:00 method="POST" path="/api/pause" status=- size=0 duration_ms=0.255 event="start"
serve: 2026-09-28T02:21:03.070+00:00 method="POST" path="/api/pause" status=200 size=12 duration_ms=92.788 event="end"
...serve: cannot read HEAD, will retry
serve: cannot read HEAD, will retry
serve: cannot read HEAD, will retry
serve: cannot read HEAD, will retry
serve: cannot read HEAD, will retry
serve: cannot read HEAD, will retry
serve: cannot read HEAD, will retry
serve: cannot read HEAD, will retry
..............serve: cannot read HEAD, will retry
.serve: cannot read HEAD, will retry
serve: cannot read HEAD, will retry
serve: cannot read HEAD, will retry
serve: cannot read HEAD, will retry
......serve: cannot read HEAD, will retry
.........serve: 2026-09-28T02:21:04.640+00:00 method="GET" path="/api/releases/mahler?limit=5" status=200 size=424 duration_ms=0.575 event="end"
.serve: cannot read HEAD, will retry
..serve: cannot read HEAD, will retry
serve: cannot read HEAD, will retry
serve: cannot read HEAD, will retry
......serve: cannot read HEAD, will retry
serve: cannot read HEAD, will retry
serve: cannot read HEAD, will retry
serve: cannot read HEAD, will retry
serve: cannot read HEAD, will retry
serve: cannot read HEAD, will retry
serve: cannot read HEAD, will retry
serve: cannot read HEAD, will retry
serve: cannot read HEAD, will retry
serve: cannot read HEAD, will retry
serve: cannot read HEAD, will retry
serve: cannot read HEAD, will retry
serve: cannot read HEAD, will retry
serve: cannot read HEAD, will retry
....serve: cannot read HEAD, will retry
serve: cannot read HEAD, will retry
serve: cannot read HEAD, will retry
serve: cannot read HEAD, will retry
serve: cannot read HEAD, will retry
serve: cannot read HEAD, will retry
...............serve: cannot read HEAD, will retry
serve: cannot read HEAD, will retry
serve: cannot read HEAD, will retry
serve: cannot read HEAD, will retry
serve: cannot read HEAD, will retry
......serve: cannot read HEAD, will retry
serve: cannot read HEAD, will retry
serve: cannot read HEAD, will retry
serve: cannot read HEAD, will retry
serve: cannot read HEAD, will retry
.........serve: cannot read HEAD, will retry
.......serve: 2026-09-28T02:21:07.892+00:00 method="POST" path="/api/attach" status=- size=0 duration_ms=0.146 event="start"
serve: 2026-09-28T02:21:07.892+00:00 method="POST" path="/api/attach" status=400 size=60 duration_ms=0.392 event="end"
........................serve: cannot read HEAD, will retry
........serve: cannot read HEAD, will retry
serve: cannot read HEAD, will retry
serve: cannot read HEAD, will retry
serve: cannot read HEAD, will retry
.......serve: cannot read HEAD, will retry
serve: cannot read HEAD, will retry
serve: cannot read HEAD, will retry
serve: cannot read HEAD, will retry
serve: cannot read HEAD, will retry
serve: cannot read HEAD, will retry
serve: cannot read HEAD, will retry
serve: cannot read HEAD, will retry
serve: cannot read HEAD, will retry
serve: cannot read HEAD, will retry
serve: cannot read HEAD, will retry
serve: cannot read HEAD, will retry
...............serve: cannot read HEAD, will retry
.serve: 2026-09-28T02:21:09.336+00:00 method="GET" path="/?view=backlog" status=200 size=98789 duration_ms=2.509 event="end"
serve: 2026-09-28T02:21:09.339+00:00 method="GET" path="/?view=backlog" status=200 size=99449 duration_ms=1.956 event="end"
........serve: cannot read HEAD, will retry
serve: cannot read HEAD, will retry
serve: cannot read HEAD, will retry
serve: cannot read HEAD, will retry
serve: cannot read HEAD, will retry
...serve: cannot read HEAD, will retry
......................serve: cannot read HEAD, will retry
.serve: cannot read HEAD, will retry
serve: cannot read HEAD, will retry
serve: cannot read HEAD, will retry
serve: cannot read HEAD, will retry
serve: cannot read HEAD, will retry
.........serve: cannot read HEAD, will retry
serve: cannot read HEAD, will retry
