TEST test_accounts.ConfigTests.test_account_mode_defaults_to_order
.TEST test_accounts.ConfigTests.test_account_mode_equal_is_read_through
.TEST test_accounts.ConfigTests.test_account_mode_priority_is_read_through
.TEST test_accounts.ConfigTests.test_another_account_gets_its_own_quota_group
.TEST test_accounts.ConfigTests.test_bad_account_mode_fails_closed
.TEST test_accounts.ConfigTests.test_bad_from_disables_the_platform_instead_of_raising
.TEST test_accounts.ConfigTests.test_config_rejects_duplicate_project_accounts
.TEST test_accounts.ConfigTests.test_config_rejects_undefined_accounts_and_github_identity
.TEST test_accounts.ConfigTests.test_empty_size_bound_means_uncapped_and_bad_sizes_are_rejected
.TEST test_accounts.ConfigTests.test_from_inherits_the_base_platform
.TEST test_accounts.ConfigTests.test_own_account_inherits_the_environment_as_is
.TEST test_accounts.ConfigTests.test_priority_mode_requires_a_project_route
.TEST test_accounts.ConfigTests.test_priority_route_omitted_role_has_no_candidates
.TEST test_accounts.ConfigTests.test_priority_route_rejects_an_undeclared_account
.TEST test_accounts.ConfigTests.test_quota_groups_cannot_cross_account_boundaries
.TEST test_accounts.ConfigTests.test_undefined_account_fails_closed
.TEST test_accounts.ConfigTests.test_work_env_drops_inherited_logins_and_sets_its_own
.TEST test_accounts.LaunchAndGitHubTests.test_global_app_never_overrides_work_subprocess_identity
.TEST test_accounts.LaunchAndGitHubTests.test_launch_refuses_a_platform_from_another_account
.TEST test_accounts.LaunchAndGitHubTests.test_run_environment_github_identity_overlay
.TEST test_accounts.LaunchAndGitHubTests.test_scheduler_app_selection_does_not_change_agent_identity
.TEST test_accounts.LaunchAndGitHubTests.test_work_project_github_calls_carry_the_work_env
.TEST test_accounts.MultiAccountTests.test_equal_account_mode_interleaves_instead_of_exhausting_one_account
.TEST test_accounts.MultiAccountTests.test_equal_account_mode_leaves_single_account_projects_unaffected
.TEST test_accounts.MultiAccountTests.test_gh_account_defaults_to_the_first_account_and_explicit_wins
.TEST test_accounts.MultiAccountTests.test_launch_accepts_a_platform_on_any_declared_account
.TEST test_accounts.MultiAccountTests.test_launch_still_refuses_a_platform_on_an_undeclared_account
.TEST test_accounts.MultiAccountTests.test_multi_account_builds_on_its_first_account_with_headroom
.TEST test_accounts.MultiAccountTests.test_multi_account_falls_through_to_its_next_account
.TEST test_accounts.MultiAccountTests.test_multi_account_pin_on_an_undeclared_account_is_refused
.TEST test_accounts.MultiAccountTests.test_multi_account_pin_on_either_declared_account_works
.TEST test_accounts.MultiAccountTests.test_multi_account_sort_is_deferred_when_every_account_lacks_a_builder
.TEST test_accounts.MultiAccountTests.test_multi_account_sort_is_not_deferred_while_any_account_has_a_builder
.TEST test_accounts.MultiAccountTests.test_order_account_mode_still_exhausts_personal_first_by_default
.TEST test_accounts.MultiAccountTests.test_pick_for_project_honors_account_mode_for_fix_runs_too
.TEST test_accounts.MultiAccountTests.test_priority_mode_applies_to_fix_runs
.TEST test_accounts.MultiAccountTests.test_priority_mode_can_place_a_second_codex_login_just_before_claude
.TEST test_accounts.MultiAccountTests.test_priority_mode_follows_exact_cross_account_order
.TEST test_accounts.MultiAccountTests.test_priority_mode_uses_later_platform_when_preferred_account_is_spent
.TEST test_accounts.MultiAccountTests.test_project_setting_both_account_and_accounts_is_a_config_error
.TEST test_accounts.MultiAccountTests.test_single_account_projects_read_as_one_account
.TEST test_accounts.RouterTests.test_account_without_routing_gets_nothing
.TEST test_accounts.RouterTests.test_candidates_for_accounts_preserves_order_when_one_account_runs_out
.TEST test_accounts.RouterTests.test_candidates_for_accounts_round_robin_interleaves
.TEST test_accounts.RouterTests.test_personal_burst_never_lifts_work_claude
.TEST test_accounts.RouterTests.test_personal_project_never_gets_a_work_platform
.TEST test_accounts.RouterTests.test_pick_with_accounts_merges_instead_of_falling_back_by_order
.TEST test_accounts.RouterTests.test_pick_with_accounts_pin_reason_names_every_declared_account
.TEST test_accounts.RouterTests.test_pin_across_accounts_is_refused
.TEST test_accounts.RouterTests.test_work_project_routes_only_to_work_platforms
.TEST test_accounts.ScheduleTests.test_work_and_personal_items_each_get_their_own_accounts_platform
.TEST test_accounts.SlotAndUsageTests.test_each_claude_login_has_its_own_run_slot
.TEST test_accounts.SlotAndUsageTests.test_personal_readings_never_land_on_work_platforms
.TEST test_accounts.SlotAndUsageTests.test_refresh_probes_the_work_login_with_its_own_env
.TEST test_accounts.SlotAndUsageTests.test_work_oauth_reads_the_configured_keychain_entry
.TEST test_accounts.SlotAndUsageTests.test_work_readings_land_only_on_work_platforms
.TEST test_backup.BackupFailureTests.test_corrupt_failure_timestamp_backs_off
.TEST test_backup.BackupFailureTests.test_corrupt_success_timestamp_backs_off
.TEST test_backup.BackupFailureTests.test_forced_missing_name_is_reported
.TEST test_backup.BackupFailureTests.test_invalid_hour_backs_off_before_validation
.TEST test_backup.BackupFailureTests.test_missing_name_backs_off
.TEST test_backup.BackupFailureTests.test_non_table_spec_backs_off
.TEST test_backup.BackupFailureTests.test_tick_continues_after_malformed_or_unexpected_backup_failure
.TEST test_backup.BackupFailureTests.test_well_formed_run_then_skip_and_force
.TEST test_backup.BackupTests.test_due_once_a_day_and_backs_off_after_failure
.TEST test_backup.BackupTests.test_dump_verified_private_and_password_off_argv
.TEST test_backup.BackupTests.test_failure_is_scrubbed
