test_account_mode_defaults_to_order (test_accounts.ConfigTests.test_account_mode_defaults_to_order) ... ok
test_account_mode_equal_is_read_through (test_accounts.ConfigTests.test_account_mode_equal_is_read_through) ... ok
test_account_mode_priority_is_read_through (test_accounts.ConfigTests.test_account_mode_priority_is_read_through) ... ok
test_another_account_gets_its_own_quota_group (test_accounts.ConfigTests.test_another_account_gets_its_own_quota_group) ... ok
test_bad_account_mode_fails_closed (test_accounts.ConfigTests.test_bad_account_mode_fails_closed) ... ok
test_bad_from_disables_the_platform_instead_of_raising (test_accounts.ConfigTests.test_bad_from_disables_the_platform_instead_of_raising) ... ok
test_config_rejects_duplicate_project_accounts (test_accounts.ConfigTests.test_config_rejects_duplicate_project_accounts) ... ok
test_config_rejects_undefined_accounts_and_github_identity (test_accounts.ConfigTests.test_config_rejects_undefined_accounts_and_github_identity) ... ok
test_empty_size_bound_means_uncapped_and_bad_sizes_are_rejected (test_accounts.ConfigTests.test_empty_size_bound_means_uncapped_and_bad_sizes_are_rejected) ... ok
test_from_inherits_the_base_platform (test_accounts.ConfigTests.test_from_inherits_the_base_platform) ... ok
test_own_account_inherits_the_environment_as_is (test_accounts.ConfigTests.test_own_account_inherits_the_environment_as_is) ... ok
test_priority_mode_requires_a_project_route (test_accounts.ConfigTests.test_priority_mode_requires_a_project_route) ... ok
test_priority_route_omitted_role_has_no_candidates (test_accounts.ConfigTests.test_priority_route_omitted_role_has_no_candidates) ... ok
test_priority_route_rejects_an_undeclared_account (test_accounts.ConfigTests.test_priority_route_rejects_an_undeclared_account) ... ok
test_quota_groups_cannot_cross_account_boundaries (test_accounts.ConfigTests.test_quota_groups_cannot_cross_account_boundaries) ... ok
test_undefined_account_fails_closed (test_accounts.ConfigTests.test_undefined_account_fails_closed) ... ok
test_work_env_drops_inherited_logins_and_sets_its_own (test_accounts.ConfigTests.test_work_env_drops_inherited_logins_and_sets_its_own) ... ok
test_launch_refuses_a_platform_from_another_account (test_accounts.LaunchAndGitHubTests.test_launch_refuses_a_platform_from_another_account) ... ok
test_run_environment_github_identity_overlay (test_accounts.LaunchAndGitHubTests.test_run_environment_github_identity_overlay) ... ok
test_scheduler_app_selection_does_not_change_agent_identity (test_accounts.LaunchAndGitHubTests.test_scheduler_app_selection_does_not_change_agent_identity) ... ok
test_work_project_github_calls_carry_the_work_env (test_accounts.LaunchAndGitHubTests.test_work_project_github_calls_carry_the_work_env) ... ok
test_equal_account_mode_interleaves_instead_of_exhausting_one_account (test_accounts.MultiAccountTests.test_equal_account_mode_interleaves_instead_of_exhausting_one_account) ... ok
test_equal_account_mode_leaves_single_account_projects_unaffected (test_accounts.MultiAccountTests.test_equal_account_mode_leaves_single_account_projects_unaffected) ... ok
test_gh_account_defaults_to_the_first_account_and_explicit_wins (test_accounts.MultiAccountTests.test_gh_account_defaults_to_the_first_account_and_explicit_wins) ... ok
test_launch_accepts_a_platform_on_any_declared_account (test_accounts.MultiAccountTests.test_launch_accepts_a_platform_on_any_declared_account) ... ok
test_launch_still_refuses_a_platform_on_an_undeclared_account (test_accounts.MultiAccountTests.test_launch_still_refuses_a_platform_on_an_undeclared_account) ... ok
test_multi_account_builds_on_its_first_account_with_headroom (test_accounts.MultiAccountTests.test_multi_account_builds_on_its_first_account_with_headroom) ... ok
test_multi_account_falls_through_to_its_next_account (test_accounts.MultiAccountTests.test_multi_account_falls_through_to_its_next_account) ... ok
test_multi_account_pin_on_an_undeclared_account_is_refused (test_accounts.MultiAccountTests.test_multi_account_pin_on_an_undeclared_account_is_refused) ... ok
test_multi_account_pin_on_either_declared_account_works (test_accounts.MultiAccountTests.test_multi_account_pin_on_either_declared_account_works) ... ok
test_multi_account_sort_is_deferred_when_every_account_lacks_a_builder (test_accounts.MultiAccountTests.test_multi_account_sort_is_deferred_when_every_account_lacks_a_builder) ... ok
test_multi_account_sort_is_not_deferred_while_any_account_has_a_builder (test_accounts.MultiAccountTests.test_multi_account_sort_is_not_deferred_while_any_account_has_a_builder) ... ok
test_order_account_mode_still_exhausts_personal_first_by_default (test_accounts.MultiAccountTests.test_order_account_mode_still_exhausts_personal_first_by_default) ... ok
test_pick_for_project_honors_account_mode_for_fix_runs_too (test_accounts.MultiAccountTests.test_pick_for_project_honors_account_mode_for_fix_runs_too) ... ok
test_priority_mode_applies_to_fix_runs (test_accounts.MultiAccountTests.test_priority_mode_applies_to_fix_runs) ... ok
test_priority_mode_can_place_a_second_codex_login_just_before_claude (test_accounts.MultiAccountTests.test_priority_mode_can_place_a_second_codex_login_just_before_claude) ... ok
test_priority_mode_follows_exact_cross_account_order (test_accounts.MultiAccountTests.test_priority_mode_follows_exact_cross_account_order) ... ok
test_priority_mode_uses_later_platform_when_preferred_account_is_spent (test_accounts.MultiAccountTests.test_priority_mode_uses_later_platform_when_preferred_account_is_spent) ... ok
test_project_setting_both_account_and_accounts_is_a_config_error (test_accounts.MultiAccountTests.test_project_setting_both_account_and_accounts_is_a_config_error) ... ok
test_single_account_projects_read_as_one_account (test_accounts.MultiAccountTests.test_single_account_projects_read_as_one_account) ... ok
test_account_without_routing_gets_nothing (test_accounts.RouterTests.test_account_without_routing_gets_nothing) ... ok
test_candidates_for_accounts_preserves_order_when_one_account_runs_out (test_accounts.RouterTests.test_candidates_for_accounts_preserves_order_when_one_account_runs_out) ... ok
test_candidates_for_accounts_round_robin_interleaves (test_accounts.RouterTests.test_candidates_for_accounts_round_robin_interleaves) ... ok
test_personal_burst_never_lifts_work_claude (test_accounts.RouterTests.test_personal_burst_never_lifts_work_claude) ... ok
test_personal_project_never_gets_a_work_platform (test_accounts.RouterTests.test_personal_project_never_gets_a_work_platform) ... ok
test_pick_with_accounts_merges_instead_of_falling_back_by_order (test_accounts.RouterTests.test_pick_with_accounts_merges_instead_of_falling_back_by_order) ... ok
test_pick_with_accounts_pin_reason_names_every_declared_account (test_accounts.RouterTests.test_pick_with_accounts_pin_reason_names_every_declared_account) ... ok
test_pin_across_accounts_is_refused (test_accounts.RouterTests.test_pin_across_accounts_is_refused) ... ok
test_work_project_routes_only_to_work_platforms (test_accounts.RouterTests.test_work_project_routes_only_to_work_platforms) ... ok
test_work_and_personal_items_each_get_their_own_accounts_platform (test_accounts.ScheduleTests.test_work_and_personal_items_each_get_their_own_accounts_platform) ... ok
test_each_claude_login_has_its_own_run_slot (test_accounts.SlotAndUsageTests.test_each_claude_login_has_its_own_run_slot) ... ok
test_personal_readings_never_land_on_work_platforms (test_accounts.SlotAndUsageTests.test_personal_readings_never_land_on_work_platforms) ... ok
test_refresh_probes_the_work_login_with_its_own_env (test_accounts.SlotAndUsageTests.test_refresh_probes_the_work_login_with_its_own_env) ... ok
test_work_oauth_reads_the_configured_keychain_entry (test_accounts.SlotAndUsageTests.test_work_oauth_reads_the_configured_keychain_entry) ... ok
test_work_readings_land_only_on_work_platforms (test_accounts.SlotAndUsageTests.test_work_readings_land_only_on_work_platforms) ... ok
test_corrupt_failure_timestamp_backs_off (test_backup.BackupFailureTests.test_corrupt_failure_timestamp_backs_off) ... ok
test_corrupt_success_timestamp_backs_off (test_backup.BackupFailureTests.test_corrupt_success_timestamp_backs_off) ... ok
test_forced_missing_name_is_reported (test_backup.BackupFailureTests.test_forced_missing_name_is_reported) ... ok
test_invalid_hour_backs_off_before_validation (test_backup.BackupFailureTests.test_invalid_hour_backs_off_before_validation) ... ok
test_missing_name_backs_off (test_backup.BackupFailureTests.test_missing_name_backs_off) ... ok
test_non_table_spec_backs_off (test_backup.BackupFailureTests.test_non_table_spec_backs_off) ... ok
test_tick_continues_after_malformed_or_unexpected_backup_failure (test_backup.BackupFailureTests.test_tick_continues_after_malformed_or_unexpected_backup_failure) ... ok
test_well_formed_run_then_skip_and_force (test_backup.BackupFailureTests.test_well_formed_run_then_skip_and_force) ... ok
test_due_once_a_day_and_backs_off_after_failure (test_backup.BackupTests.test_due_once_a_day_and_backs_off_after_failure) ... ok
test_dump_verified_private_and_password_off_argv (test_backup.BackupTests.test_dump_verified_private_and_password_off_argv) ... ok
test_failure_is_scrubbed (test_backup.BackupTests.test_failure_is_scrubbed) ... ok
test_pre_existing_loose_directory_is_tightened (test_backup.BackupTests.test_pre_existing_loose_directory_is_tightened) ... ok
test_retention (test_backup.BackupTests.test_retention) ... ok
test_backup_is_verified_private_and_contains_live_data (test_backup.LedgerBackupTests.test_backup_is_verified_private_and_contains_live_data) ... ok
test_copy_off_disk_mirrors_file (test_backup.LedgerBackupTests.test_copy_off_disk_mirrors_file) ... ok
test_missing_source_raises (test_backup.LedgerBackupTests.test_missing_source_raises) ... ok
test_optimize_and_checkpoint_does_not_raise (test_backup.LedgerBackupTests.test_optimize_and_checkpoint_does_not_raise) ... ok
test_pre_existing_loose_root_is_tightened (test_backup.LedgerBackupTests.test_pre_existing_loose_root_is_tightened) ... ok
test_prune_keeps_policy_set (test_backup.LedgerBackupTests.test_prune_keeps_policy_set) ... ok
test_backs_up_once_a_day_and_records_kv (test_backup.RunLedgerTests.test_backs_up_once_a_day_and_records_kv) ... ok
test_checkpoints_the_live_connection (test_backup.RunLedgerTests.test_checkpoints_the_live_connection) ... ok
test_copy_to_failure_pings_but_keeps_the_backup (test_backup.RunLedgerTests.test_copy_to_failure_pings_but_keeps_the_backup) ... ok
test_copy_to_mirrors_the_verified_backup (test_backup.RunLedgerTests.test_copy_to_mirrors_the_verified_backup) ... ok
test_failed_integrity_check_pings_and_does_not_raise_or_record_success (test_backup.RunLedgerTests.test_failed_integrity_check_pings_and_does_not_raise_or_record_success) ... ok
test_missing_ledger_path_pings_without_raising (test_backup.RunLedgerTests.test_missing_ledger_path_pings_without_raising) ... ok
test_tick_calls_run_ledger_once (test_backup.RunLedgerTests.test_tick_calls_run_ledger_once) ... ok
test_child_waits_for_active_parent_sort_then_sorts_if_unplanned (test_born_ready.BornReadyTests.test_child_waits_for_active_parent_sort_then_sorts_if_unplanned) ... ok
test_empty_etag_omits_conditional_request_header (test_born_ready.BornReadyTests.test_empty_etag_omits_conditional_request_header) ... ok
test_existing_child_promoted_after_parent_finishes (test_born_ready.BornReadyTests.test_existing_child_promoted_after_parent_finishes) ... ok
test_incomplete_children_are_not_promoted (test_born_ready.BornReadyTests.test_incomplete_children_are_not_promoted) ... ok
test_leased_child_is_not_promoted (test_born_ready.BornReadyTests.test_leased_child_is_not_promoted) ... ok
test_other_child_states_are_untouched (test_born_ready.BornReadyTests.test_other_child_states_are_untouched) ... ok
test_other_project_sort_or_parent_build_does_not_hold_child (test_born_ready.BornReadyTests.test_other_project_sort_or_parent_build_does_not_hold_child) ... ok
test_split_forces_same_tick_fetch_and_promotion (test_born_ready.BornReadyTests.test_split_forces_same_tick_fetch_and_promotion) ... ok
test_launch_limits_survive_burst_ending_and_still_stop_at_hard_line (test_burst_lifetime.BurstLifetimeTests.test_launch_limits_survive_burst_ending_and_still_stop_at_hard_line) ... ok
test_ordinary_launch_has_no_stamp (test_burst_lifetime.BurstLifetimeTests.test_ordinary_launch_has_no_stamp) ... ok
test_session_stamp_preserves_weekly_line_and_current_higher_limits (test_burst_lifetime.BurstLifetimeTests.test_session_stamp_preserves_weekly_line_and_current_higher_limits) ... ok
test_transcripts_defer_only_their_login (test_burst_lifetime.BurstLifetimeTests.test_transcripts_defer_only_their_login) ... ok
test_config_changes_do_not_alter_historical_classifications (test_capacity.CapacityReportTests.test_config_changes_do_not_alter_historical_classifications) ... ok
test_gaps_exclude_unobserved_time (test_capacity.CapacityReportTests.test_gaps_exclude_unobserved_time) ... ok
test_launch_fixtures_distinct_runs_and_separation (test_capacity.CapacityReportTests.test_launch_fixtures_distinct_runs_and_separation) ... ok
test_multiple_free_candidates_union_once (test_capacity.CapacityReportTests.test_multiple_free_candidates_union_once) ... ok
test_negative_fixtures_contribute_zero_opportunity_hours (test_capacity.CapacityReportTests.test_negative_fixtures_contribute_zero_opportunity_hours) ... ok
test_request_accounting_peaks_and_visible_unknown (test_capacity.CapacityReportTests.test_request_accounting_peaks_and_visible_unknown) ... ok
test_separate_accounts_union_wall_clock (test_capacity.CapacityReportTests.test_separate_accounts_union_wall_clock) ... ok
test_two_fully_overlapping_one_hour_waits_reports_one_hour (test_capacity.CapacityReportTests.test_two_fully_overlapping_one_hour_waits_reports_one_hour) ... ok
test_unchanged_state_interval_duration (test_capacity.CapacityReportTests.test_unchanged_state_interval_duration) ... ok
test_window_clipping_bounds_intervals (test_capacity.CapacityReportTests.test_window_clipping_bounds_intervals) ... ok
test_changed_blockers_split_the_interval (test_capacity.IntervalTests.test_changed_blockers_split_the_interval) ... ok
test_disappearance_closes_at_last_seen (test_capacity.IntervalTests.test_disappearance_closes_at_last_seen) ... ok
test_dry_run_writes_nothing (test_capacity.IntervalTests.test_dry_run_writes_nothing) ... ok
test_exactly_120_seconds_still_coalesces (test_capacity.IntervalTests.test_exactly_120_seconds_still_coalesces) ... ok
test_flush_failure_is_reported_not_raised (test_capacity.IntervalTests.test_flush_failure_is_reported_not_raised) ... ok
test_gap_over_120_seconds_is_unknown_not_waiting (test_capacity.IntervalTests.test_gap_over_120_seconds_is_unknown_not_waiting) ... ok
test_launch_after_gap_does_not_count_unobserved_time (test_capacity.IntervalTests.test_launch_after_gap_does_not_count_unobserved_time) ... ok
test_launch_closes_the_interval_with_the_run (test_capacity.IntervalTests.test_launch_closes_the_interval_with_the_run) ... ok
test_launch_on_first_sight_records_a_closed_row (test_capacity.IntervalTests.test_launch_on_first_sight_records_a_closed_row) ... ok
test_no_secrets_or_prompts_in_the_row (test_capacity.IntervalTests.test_no_secrets_or_prompts_in_the_row) ... ok
test_observe_paused_preserves_shipping_waits (test_capacity.IntervalTests.test_observe_paused_preserves_shipping_waits) ... ok
test_pause_is_its_own_closing_reason (test_capacity.IntervalTests.test_pause_is_its_own_closing_reason) ... ok
test_platform_reason_change_splits_but_config_snapshot_is_kept (test_capacity.IntervalTests.test_platform_reason_change_splits_but_config_snapshot_is_kept) ... ok
test_prune_drops_old_and_clamps_the_crossing_interval (test_capacity.IntervalTests.test_prune_drops_old_and_clamps_the_crossing_interval) ... ok
test_prune_keeps_an_interval_ending_exactly_on_the_cutoff (test_capacity.IntervalTests.test_prune_keeps_an_interval_ending_exactly_on_the_cutoff) ... ok
test_unchanged_ticks_keep_one_interval (test_capacity.IntervalTests.test_unchanged_ticks_keep_one_interval) ... ok
test_custom_scope_label_precedes_user_labels (test_cli_add.AddCommandTests.test_custom_scope_label_precedes_user_labels) ... ok
test_reserved_labels_are_rejected_before_github (test_cli_add.AddCommandTests.test_reserved_labels_are_rejected_before_github) ... ok
test_scoped_project_without_user_labels (test_cli_add.AddCommandTests.test_scoped_project_without_user_labels) ... ok
test_unscoped_project_forwards_labels_in_order_and_body_unchanged (test_cli_add.AddCommandTests.test_unscoped_project_forwards_labels_in_order_and_body_unchanged) ... ok
test_unscoped_project_without_labels (test_cli_add.AddCommandTests.test_unscoped_project_without_labels) ... ok
test_cli_output_contains_qualification_and_sections (test_cli_capacity.CliCapacityTests.test_cli_output_contains_qualification_and_sections) ... ok
test_days_1_and_90_accepted (test_cli_capacity.CliCapacityTests.test_days_1_and_90_accepted) ... ok
test_default_days_is_30 (test_cli_capacity.CliCapacityTests.test_default_days_is_30) ... ok
test_empty_ledger_handles_cleanly (test_cli_capacity.CliCapacityTests.test_empty_ledger_handles_cleanly) ... ok
test_invalid_days_rejected (test_cli_capacity.CliCapacityTests.test_invalid_days_rejected) ... ok
test_read_only_makes_no_ledger_writes_or_schema_changes (test_cli_capacity.CliCapacityTests.test_read_only_makes_no_ledger_writes_or_schema_changes) ... ok
test_bounded_single_line_and_null_detail (test_cli_events.EventsTests.test_bounded_single_line_and_null_detail) ... ok
test_composed_filters_and_newest_first (test_cli_events.EventsTests.test_composed_filters_and_newest_first) ... ok
test_empty_and_limit_bounds (test_cli_events.EventsTests.test_empty_and_limit_bounds) ... ok
test_exact_repeated_and_literal_filters (test_cli_events.EventsTests.test_exact_repeated_and_literal_filters) ... ok
test_invalid_duration (test_cli_events.EventsTests.test_invalid_duration) ... ok
test_parser_wiring (test_cli_events.EventsTests.test_parser_wiring) ... ok
test_command_identity (test_cli_github.InteractiveIdentityTests.test_command_identity) ... ok
test_account_routing_uses_project_credentials (test_cli_release.TestCLIRelease.test_account_routing_uses_project_credentials) ... ok
test_cli_main_dispatch (test_cli_release.TestCLIRelease.test_cli_main_dispatch) ... ok
test_conflict_refusal_on_different_remote_notes (test_cli_release.TestCLIRelease.test_conflict_refusal_on_different_remote_notes) ... ok
test_conflict_refusal_on_different_remote_sha (test_cli_release.TestCLIRelease.test_conflict_refusal_on_different_remote_sha) ... ok
test_idempotent_repeated_publish (test_cli_release.TestCLIRelease.test_idempotent_repeated_publish) ... ok
test_lease_release_via_cmd_release (test_cli_release.TestCLIRelease.test_lease_release_via_cmd_release) ... ok
test_partial_failure_recovery_reconciles_matching_release (test_cli_release.TestCLIRelease.test_partial_failure_recovery_reconciles_matching_release) ... ok
test_preview_only_proposed_version (test_cli_release.TestCLIRelease.test_preview_only_proposed_version) ... ok
test_preview_with_selected_version (test_cli_release.TestCLIRelease.test_preview_with_selected_version) ... ok
test_publish_rejects_invalid_semver (test_cli_release.TestCLIRelease.test_publish_rejects_invalid_semver) ... ok
test_publish_rejects_non_increasing_version (test_cli_release.TestCLIRelease.test_publish_rejects_non_increasing_version) ... ok
test_publish_requires_version_flag (test_cli_release.TestCLIRelease.test_publish_requires_version_flag) ... ok
test_successful_publish_creates_release_and_seals_items (test_cli_release.TestCLIRelease.test_successful_publish_creates_release_and_seals_items) ... ok
test_closed_pr_is_refused (test_cli_ship.ShipCommandTests.test_closed_pr_is_refused) ... ok
test_failed_validation_preserves_exhausted_item_and_markers (test_cli_ship.ShipCommandTests.test_failed_validation_preserves_exhausted_item_and_markers) ... ok
test_finds_the_pr_for_the_current_branch (test_cli_ship.ShipCommandTests.test_finds_the_pr_for_the_current_branch) ... ok
test_parser_wires_the_command (test_cli_ship.ShipCommandTests.test_parser_wires_the_command) ... ok
test_pr_goes_to_verifying_and_the_lease_is_released (test_cli_ship.ShipCommandTests.test_pr_goes_to_verifying_and_the_lease_is_released) ... ok
test_pr_without_fixes_line_gets_one (test_cli_ship.ShipCommandTests.test_pr_without_fixes_line_gets_one) ... ok
test_pushed_branch_without_pr_is_left_for_the_conductor_to_open (test_cli_ship.ShipCommandTests.test_pushed_branch_without_pr_is_left_for_the_conductor_to_open) ... ok
test_repeated_active_ship_does_not_replenish_budget (test_cli_ship.ShipCommandTests.test_repeated_active_ship_does_not_replenish_budget) ... ok
test_someone_elses_lease_is_refused (test_cli_ship.ShipCommandTests.test_someone_elses_lease_is_refused) ... ok
test_terminal_reship_resets_only_retry_budget (test_cli_ship.ShipCommandTests.test_terminal_reship_resets_only_retry_budget) ... ok
test_unclaimed_item_can_be_shipped (test_cli_ship.ShipCommandTests.test_unclaimed_item_can_be_shipped) ... ok
test_unpushed_branch_is_refused (test_cli_ship.ShipCommandTests.test_unpushed_branch_is_refused) ... ok
test_long_stall_reports_count_elapsed_latest_action_offline (test_cli_status.DaemonUpdateStatusTests.test_long_stall_reports_count_elapsed_latest_action_offline) ... ok
test_missing_malformed_and_unreadable_diagnostics (test_cli_status.DaemonUpdateStatusTests.test_missing_malformed_and_unreadable_diagnostics) ... ok
test_nonblocked_and_unproven_entries_break_streak (test_cli_status.DaemonUpdateStatusTests.test_nonblocked_and_unproven_entries_break_streak) ... ok
test_rejected_tests_and_unknown_candidate_continue_streak (test_cli_status.DaemonUpdateStatusTests.test_rejected_tests_and_unknown_candidate_continue_streak) ... ok
test_threshold_and_recent_delay (test_cli_status.DaemonUpdateStatusTests.test_threshold_and_recent_delay) ... ok
test_unavailable_git_evidence_omits_warning (test_cli_status.DaemonUpdateStatusTests.test_unavailable_git_evidence_omits_warning) ... ok
test_warning_clears_when_checkout_catches_up (test_cli_status.DaemonUpdateStatusTests.test_warning_clears_when_checkout_catches_up) ... ok
test_interactive_claim_ignores_watch_lease_but_names_running_holder (test_cli_status.StatusCliTests.test_interactive_claim_ignores_watch_lease_but_names_running_holder) ... ok
test_missing_scope_counts_text_json_and_project_filter (test_cli_status.StatusCliTests.test_missing_scope_counts_text_json_and_project_filter) ... ok
test_status_capacity_retries_and_ordinary_items (test_cli_status.StatusCliTests.test_status_capacity_retries_and_ordinary_items) ... ok
test_status_item_urls_with_sqlite_row (test_cli_status.StatusCliTests.test_status_item_urls_with_sqlite_row) ... ok
test_status_quota_shows_reset_countdown_chips (test_cli_status.StatusCliTests.test_status_quota_shows_reset_countdown_chips) ... ok
test_status_shows_burst_note (test_cli_status.StatusCliTests.test_status_shows_burst_note)
D23: during a burst, `mahler status` prints a burst note. ... ok
test_closes_parent_when_all_children_done (test_close_parents.CloseFinishedParentsTests.test_closes_parent_when_all_children_done)
Parent with two children, both done, is closed and becomes done. ... ok
test_does_not_close_when_child_not_done (test_close_parents.CloseFinishedParentsTests.test_does_not_close_when_child_not_done)
With one child still ready, nothing happens. ... ok
test_does_not_close_when_no_children (test_close_parents.CloseFinishedParentsTests.test_does_not_close_when_no_children)
With no children, nothing happens. ... ok
test_dry_run_only_reports (test_close_parents.CloseFinishedParentsTests.test_dry_run_only_reports)
In dry_run mode, only reports what it would do. ... ok
test_gh_error_does_not_break_other_parents (test_close_parents.CloseFinishedParentsTests.test_gh_error_does_not_break_other_parents)
GHError on one parent doesn't stop processing others. ... ok
test_ignores_non_parent_items (test_close_parents.CloseFinishedParentsTests.test_ignores_non_parent_items)
Items not in 'parent' state are ignored. ... ok
test_multiple_parents_handled_independently (test_close_parents.CloseFinishedParentsTests.test_multiple_parents_handled_independently)
Multiple parents are handled independently. ... ok
test_shipped_child_does_not_complete_parent (test_close_parents.CloseFinishedParentsTests.test_shipped_child_does_not_complete_parent) ... ok
test_queue_maintenance_after_parent_closes_and_cooldown (test_close_parents.MaintenanceQueueAfterParentCloseTests.test_queue_maintenance_after_parent_closes_and_cooldown)
After parent of a pass:security item closes and cooldown passes, ... ok
test_queue_maintenance_skips_if_cooldown_not_passed (test_close_parents.MaintenanceQueueAfterParentCloseTests.test_queue_maintenance_skips_if_cooldown_not_passed)
If cooldown hasn't passed, queue_maintenance doesn't file. ... ok
test_parent_column_added_to_legacy_database (test_close_parents.ParentColumnMigrationTests.test_parent_column_added_to_legacy_database)
Migration adds parent column to existing DB without it. ... ok
test_sync_handles_blockquoted_part_of (test_close_parents.SyncStoresParentTests.test_sync_handles_blockquoted_part_of)
sync handles a 'Part of #N' line quoted under an '> **Original ... ok
test_sync_handles_bold_part_of (test_close_parents.SyncStoresParentTests.test_sync_handles_bold_part_of)
sync handles '**Part of #N**' (bold) variant. ... ok
test_sync_no_parent_when_no_part_of (test_close_parents.SyncStoresParentTests.test_sync_no_parent_when_no_part_of)
sync stores None when no 'Part of' line present. ... ok
test_sync_stores_parent_from_body (test_close_parents.SyncStoresParentTests.test_sync_stores_parent_from_body)
sync stores parent from 'Part of #N' body line. ... ok
test_failures_and_partial_lines_are_bounded (test_codex_quota.CodexProbeTests.test_failures_and_partial_lines_are_bounded) ... ok
test_malformed_shapes_fail_closed (test_codex_quota.CodexProbeTests.test_malformed_shapes_fail_closed) ... ok
test_personal_nonstandard_window_is_not_a_weekly_sample (test_codex_quota.CodexProbeTests.test_personal_nonstandard_window_is_not_a_weekly_sample) ... ok
test_windows_null_reset_and_sanitized_credits (test_codex_quota.CodexProbeTests.test_windows_null_reset_and_sanitized_credits) ... ok
test_accounts_peers_throttle_and_retry (test_codex_quota.CodexRefreshTests.test_accounts_peers_throttle_and_retry) ... ok
test_blocked_personal_and_reset_credits_visible_then_recover (test_codex_quota.CodexRefreshTests.test_blocked_personal_and_reset_credits_visible_then_recover) ... ok
test_blocked_with_low_usage_still_hard (test_codex_quota.CodexRefreshTests.test_blocked_with_low_usage_still_hard) ... ok
test_missing_login_or_home_and_unmetered_are_skipped (test_codex_quota.CodexRefreshTests.test_missing_login_or_home_and_unmetered_are_skipped) ... ok
test_notify_when_codex_exhausted_and_cleared_on_recovery (test_codex_quota.CodexRefreshTests.test_notify_when_codex_exhausted_and_cleared_on_recovery) ... ok
test_notify_when_codex_exhausted_zero_credits (test_codex_quota.CodexRefreshTests.test_notify_when_codex_exhausted_zero_credits) ... ok
test_personal_does_not_inherit_work_home (test_codex_quota.CodexRefreshTests.test_personal_does_not_inherit_work_home) ... ok
test_single_long_window_routed_and_thresholds (test_codex_quota.CodexRefreshTests.test_single_long_window_routed_and_thresholds) ... ok
test_unsupported_and_incomplete_shapes_remain_stale (test_codex_quota.CodexRefreshTests.test_unsupported_and_incomplete_shapes_remain_stale) ... ok
test_unsupported_shape_alerts_after_four_hours_and_cleared (test_codex_quota.CodexRefreshTests.test_unsupported_shape_alerts_after_four_hours_and_cleared) ... ok
test_banked_resets_surface_in_capacity_detail (test_codex_quota.CodexResetSpendTests.test_banked_resets_surface_in_capacity_detail) ... ok
test_consume_error_response_is_not_a_spend (test_codex_quota.CodexResetSpendTests.test_consume_error_response_is_not_a_spend) ... ok
test_consume_requests_named_credit_and_parses_outcome (test_codex_quota.CodexResetSpendTests.test_consume_requests_named_credit_and_parses_outcome) ... ok
test_credits_without_expiry_are_never_spent (test_codex_quota.CodexResetSpendTests.test_credits_without_expiry_are_never_spent) ... ok
test_dry_run_describes_the_spend_and_never_spends (test_codex_quota.CodexResetSpendTests.test_dry_run_describes_the_spend_and_never_spends) ... ok
test_expiring_unspent_pings_once (test_codex_quota.CodexResetSpendTests.test_expiring_unspent_pings_once) ... ok
test_failed_call_backs_off_then_retries_with_same_key (test_codex_quota.CodexResetSpendTests.test_failed_call_backs_off_then_retries_with_same_key) ... ok
test_rule_a_spends_when_full_with_ready_work (test_codex_quota.CodexResetSpendTests.test_rule_a_spends_when_full_with_ready_work) ... ok
test_rule_b_spends_when_credit_expiring_into_a_used_week (test_codex_quota.CodexResetSpendTests.test_rule_b_spends_when_credit_expiring_into_a_used_week) ... ok
test_stale_reading_decides_nothing (test_codex_quota.CodexResetSpendTests.test_stale_reading_decides_nothing) ... ok
test_default_route_order_is_unchanged_by_variants (test_config.BuiltInVariantCandidatesTests.test_default_route_order_is_unchanged_by_variants) ... ok
test_personal_slots_declare_incumbent_first_variants (test_config.BuiltInVariantCandidatesTests.test_personal_slots_declare_incumbent_first_variants) ... ok
test_bad_entries_are_logged_and_skipped_individually (test_config.CustomMaintenanceTests.test_bad_entries_are_logged_and_skipped_individually) ... ok
test_custom_passes_append_in_order_without_duplicates (test_config.CustomMaintenanceTests.test_custom_passes_append_in_order_without_duplicates) ... ok
test_malformed_custom_table_does_not_break_loading (test_config.CustomMaintenanceTests.test_malformed_custom_table_does_not_break_loading) ... ok
test_aliases_are_not_used_for_routing (test_config.PinnedModelVersionsTests.test_aliases_are_not_used_for_routing) ... ok
test_claude_low_pins_haiku_4_5 (test_config.PinnedModelVersionsTests.test_claude_low_pins_haiku_4_5) ... ok
test_claude_opus_pins_opus_5_5 (test_config.PinnedModelVersionsTests.test_claude_opus_pins_opus_5_5) ... ok
test_claude_pins_sonnet_5_5 (test_config.PinnedModelVersionsTests.test_claude_pins_sonnet_5_5) ... ok
test_pinned_models_have_price_rows (test_config.PinnedModelVersionsTests.test_pinned_models_have_price_rows) ... ok
test_claude_kind_expands_sort_and_build_model (test_config.PlatformVariantTests.test_claude_kind_expands_sort_and_build_model) ... ok
test_default_variant_unchanged (test_config.PlatformVariantTests.test_default_variant_unchanged) ... ok
test_expansion_and_naming (test_config.PlatformVariantTests.test_expansion_and_naming) ... ok
test_explicit_claude_effort_overrides_all_inherited_role_efforts (test_config.PlatformVariantTests.test_explicit_claude_effort_overrides_all_inherited_role_efforts) ... ok
test_no_variants_declared_is_unchanged (test_config.PlatformVariantTests.test_no_variants_declared_is_unchanged) ... ok
test_quota_group_defaults_to_the_slots_name_when_unset (test_config.PlatformVariantTests.test_quota_group_defaults_to_the_slots_name_when_unset) ... ok
test_routing_and_pin_can_target_a_variant (test_config.PlatformVariantTests.test_routing_and_pin_can_target_a_variant) ... ok
test_variant_tier_drives_escalation_routing (test_config.PlatformVariantTests.test_variant_tier_drives_escalation_routing)
D8 rule 4: escalation skips a candidate below min_tier. A variant's ... ok
test_variant_tiers_overrides_the_slots_tier (test_config.PlatformVariantTests.test_variant_tiers_overrides_the_slots_tier) ... ok
test_variants_inherit_the_slots_cost_class (test_config.PlatformVariantTests.test_variants_inherit_the_slots_cost_class) ... ok
test_fixed_checklist_is_separate_from_configurable_maintenance (test_config.PracticesAuditPolicyTests.test_fixed_checklist_is_separate_from_configurable_maintenance) ... ok
test_minimal_and_loaded_defaults (test_config.PracticesAuditPolicyTests.test_minimal_and_loaded_defaults) ... ok
test_partial_overrides_and_disabled_round_trip (test_config.PracticesAuditPolicyTests.test_partial_overrides_and_disabled_round_trip) ... ok
test_account_and_priority_routes_enforce_membership (test_config.RoutingGroupsTests.test_account_and_priority_routes_enforce_membership) ... ok
test_console_action_round_trip_preserves_group_tokens (test_config.RoutingGroupsTests.test_console_action_round_trip_preserves_group_tokens) ... ok
test_deep_groups_do_not_recurse (test_config.RoutingGroupsTests.test_deep_groups_do_not_recurse) ... ok
test_nested_duplicates_and_order (test_config.RoutingGroupsTests.test_nested_duplicates_and_order) ... ok
test_unknown_and_cycle_warn_once_and_keep_valid_siblings (test_config.RoutingGroupsTests.test_unknown_and_cycle_warn_once_and_keep_valid_siblings) ... ok
test_capacity_wait_default_and_project_override (test_config.SmokePolicyTests.test_capacity_wait_default_and_project_override) ... ok
test_dependency_pr_policy (test_config.SmokePolicyTests.test_dependency_pr_policy) ... ok
test_green_review_round_policy (test_config.SmokePolicyTests.test_green_review_round_policy) ... ok
test_gui_gate_defaults_overrides_and_validation (test_config.SmokePolicyTests.test_gui_gate_defaults_overrides_and_validation) ... ok
test_merging_inherits_overrides_and_disables_smoke_per_project (test_config.SmokePolicyTests.test_merging_inherits_overrides_and_disables_smoke_per_project) ... ok
test_project_can_set_smoke_without_a_global_command (test_config.SmokePolicyTests.test_project_can_set_smoke_without_a_global_command) ... ok
test_review_context_default_override_and_clear (test_config.SmokePolicyTests.test_review_context_default_override_and_clear) ... ok
test_review_context_rejects_non_strings (test_config.SmokePolicyTests.test_review_context_rejects_non_strings) ... ok
test_screenshot_defaults_inheritance_and_disable (test_config.SmokePolicyTests.test_screenshot_defaults_inheritance_and_disable) ... ok
test_screenshot_invalid_types (test_config.SmokePolicyTests.test_screenshot_invalid_types) ... ok
test_smoke_defaults_to_disabled_without_changing_verify (test_config.SmokePolicyTests.test_smoke_defaults_to_disabled_without_changing_verify) ... ok
test_bad_input_is_refused (test_console.ActionTests.test_bad_input_is_refused) ... ok
test_clear_backoff_keeps_real_readings (test_console.ActionTests.test_clear_backoff_keeps_real_readings) ... ok
test_digest_seen_never_goes_backwards (test_console.ActionTests.test_digest_seen_never_goes_backwards) ... ok
test_held_platform_cards_offer_unhold (test_console.ActionTests.test_held_platform_cards_offer_unhold) ... ok
test_pause_and_resume_write_events (test_console.ActionTests.test_pause_and_resume_write_events) ... ok
test_unhold_action_uses_platform_scoped_clear (test_console.ActionTests.test_unhold_action_uses_platform_scoped_clear) ... ok
test_answer_on_needs_you_still_re_sorts (test_console.AnswerTests.test_answer_on_needs_you_still_re_sorts) ... ok
test_cancel_after_due_snapshot_prevents_send (test_console.AnswerTests.test_cancel_after_due_snapshot_prevents_send) ... ok
test_delay_replace_undo_and_validation (test_console.AnswerTests.test_delay_replace_undo_and_validation) ... ok
test_delivery_and_existing_reply_path (test_console.AnswerTests.test_delivery_and_existing_reply_path) ... ok
test_free_text_answer_resumes_failed_item (test_console.AnswerTests.test_free_text_answer_resumes_failed_item) ... ok
test_moved_on_and_failures_do_not_stop_next_action (test_console.AnswerTests.test_moved_on_and_failures_do_not_stop_next_action) ... ok
test_owner_answer_on_failed_item_resumes_without_command (test_console.AnswerTests.test_owner_answer_on_failed_item_resumes_without_command) ... ok
test_pending_state_counts_render_and_options (test_console.AnswerTests.test_pending_state_counts_render_and_options) ... ok
test_real_gh_wrapper_keeps_human_answer_unmarked (test_console.AnswerTests.test_real_gh_wrapper_keeps_human_answer_unmarked) ... ok
test_retry_and_park_use_existing_commands (test_console.AnswerTests.test_retry_and_park_use_existing_commands) ... ok
test_tick_drains_before_burst_even_while_paused (test_console.AnswerTests.test_tick_drains_before_burst_even_while_paused) ... ok
test_descriptor_ownership_and_partial_file_cleanup (test_console.AttachmentResourceTests.test_descriptor_ownership_and_partial_file_cleanup) ... ok
test_groups_counts_and_order (test_console.BacklogTests.test_groups_counts_and_order) ... ok
test_none_when_all_is_well (test_console.BannerTests.test_none_when_all_is_well) ... ok
test_severity_order (test_console.BannerTests.test_severity_order) ... ok
test_browse_quota_rows_with_windows_have_a_chevron_toggle_button (test_console.BrowseQuotaPageTests.test_browse_quota_rows_with_windows_have_a_chevron_toggle_button) ... ok
test_collapsed_by_default_details_are_hidden (test_console.BrowseQuotaPageTests.test_collapsed_by_default_details_are_hidden) ... ok
test_exception_states_with_windows_keep_their_detail_message (test_console.BrowseQuotaPageTests.test_exception_states_with_windows_keep_their_detail_message) ... ok
test_expanding_claude_shows_two_stacked_labeled_window_rows (test_console.BrowseQuotaPageTests.test_expanding_claude_shows_two_stacked_labeled_window_rows) ... ok
test_metered_pool_with_no_windows_or_unmetered_falls_back_to_detail_text (test_console.BrowseQuotaPageTests.test_metered_pool_with_no_windows_or_unmetered_falls_back_to_detail_text) ... ok
test_toggle_styles_are_generated_once_for_each_pool_with_windows (test_console.BrowseQuotaPageTests.test_toggle_styles_are_generated_once_for_each_pool_with_windows) ... ok
test_active_slots_and_shared_pool_clear_when_runs_finish (test_console.CapacityPageTests.test_active_slots_and_shared_pool_clear_when_runs_finish) ... ok
test_capacity_is_a_rail_item_and_a_view (test_console.CapacityPageTests.test_capacity_is_a_rail_item_and_a_view) ... ok
test_every_page_links_to_it (test_console.CapacityPageTests.test_every_page_links_to_it) ... ok
test_explicit_active_mapping_and_fallback_ref (test_console.CapacityPageTests.test_explicit_active_mapping_and_fallback_ref) ... ok
test_modes_keep_quota_pools_and_capabilities_separate (test_console.CapacityPageTests.test_modes_keep_quota_pools_and_capabilities_separate) ... ok
test_one_card_per_quota_group_with_its_windows (test_console.CapacityPageTests.test_one_card_per_quota_group_with_its_windows) ... ok
test_unmetered_groups_say_so (test_console.CapacityPageTests.test_unmetered_groups_say_so) ... ok
test_accepts_the_full_range (test_console.CaptureActionTests.test_accepts_the_full_range) ... ok
test_bad_input_is_refused (test_console.CaptureActionTests.test_bad_input_is_refused) ... ok
test_duplicate_client_id_queues_only_one_capture (test_console.CaptureActionTests.test_duplicate_client_id_queues_only_one_capture) ... ok
test_queues_with_no_delay_and_strips_the_text (test_console.CaptureActionTests.test_queues_with_no_delay_and_strips_the_text) ... ok
test_recently_done_client_id_is_deduplicated_for_ten_minutes (test_console.CaptureActionTests.test_recently_done_client_id_is_deduplicated_for_ten_minutes) ... ok
test_a_disabled_project_is_skipped (test_console.CaptureOutboxTests.test_a_disabled_project_is_skipped) ... ok
test_a_github_failure_marks_the_action_failed (test_console.CaptureOutboxTests.test_a_github_failure_marks_the_action_failed) ... ok
test_attachment_is_linked (test_console.CaptureOutboxTests.test_attachment_is_linked) ... ok
test_creates_an_issue_with_title_body_and_labels (test_console.CaptureOutboxTests.test_creates_an_issue_with_title_body_and_labels) ... ok
test_scope_label_is_added_when_the_project_scopes_by_label (test_console.CaptureOutboxTests.test_scope_label_is_added_when_the_project_scopes_by_label) ... ok
test_title_is_the_first_line_cut_at_a_word_boundary (test_console.CaptureOutboxTests.test_title_is_the_first_line_cut_at_a_word_boundary) ... ok
test_capture_posts_are_timed_idempotent_and_confirmed (test_console.CapturePageTests.test_capture_posts_are_timed_idempotent_and_confirmed) ... ok
test_composer_has_the_dropdown_and_starts_with_save_disabled (test_console.CapturePageTests.test_composer_has_the_dropdown_and_starts_with_save_disabled) ... ok
test_confirmation_note_after_saving (test_console.CapturePageTests.test_confirmation_note_after_saving) ... ok
test_no_note_without_a_recent_capture (test_console.CapturePageTests.test_no_note_without_a_recent_capture) ... ok
test_stalled_capture_times_out_without_clearing_the_composer (test_console.CapturePageTests.test_stalled_capture_times_out_without_clearing_the_composer) ... ok
test_successful_capture_clears_text_and_attachment_on_refresh (test_console.CapturePageTests.test_successful_capture_clears_text_and_attachment_on_refresh) ... ok
test_a_capture_for_a_now_disabled_project_is_ignored (test_console.CaptureStateTests.test_a_capture_for_a_now_disabled_project_is_ignored) ... ok
test_dropdown_lists_enabled_projects (test_console.CaptureStateTests.test_dropdown_lists_enabled_projects) ... ok
test_pending_row_shows_at_the_top_of_the_backlog_group (test_console.CaptureStateTests.test_pending_row_shows_at_the_top_of_the_backlog_group) ... ok
test_recent_captures_carry_their_status (test_console.CaptureStateTests.test_recent_captures_carry_their_status) ... ok
test_recent_drops_off_after_ten_minutes (test_console.CaptureStateTests.test_recent_drops_off_after_ten_minutes) ... ok
test_the_placeholder_is_gone_once_the_outbox_finishes_it (test_console.CaptureStateTests.test_the_placeholder_is_gone_once_the_outbox_finishes_it) ... ok
test_needs_items_carry_a_data_need_anchor (test_console.ConsoleHashTests.test_needs_items_carry_a_data_need_anchor) ... ok
test_the_script_handles_the_needs_you_hash (test_console.ConsoleHashTests.test_the_script_handles_the_needs_you_hash) ... ok
test_cut_release_modal_displays_next_two_part_build_version (test_console.ConsoleReleasesPageTests.test_cut_release_modal_displays_next_two_part_build_version) ... ok
test_desktop_and_phone_render_releases (test_console.ConsoleReleasesPageTests.test_desktop_and_phone_render_releases) ... ok
test_deep_history_bounds_loading_rendering_and_fragment_growth (test_console.ConsoleReleasesStateTests.test_deep_history_bounds_loading_rendering_and_fragment_growth) ... ok
test_rolling_draft_and_published_releases (test_console.ConsoleReleasesStateTests.test_rolling_draft_and_published_releases) ... ok
test_state_build_includes_releases_for_enabled_projects (test_console.ConsoleReleasesStateTests.test_state_build_includes_releases_for_enabled_projects) ... ok
test_two_part_baseline_proposes_next_build_version (test_console.ConsoleReleasesStateTests.test_two_part_baseline_proposes_next_build_version) ... ok
test_browser_revision_notice_payload_and_acknowledgement (test_console.ConsoleRevisionTests.test_browser_revision_notice_payload_and_acknowledgement) ... ok
test_document_and_fragment_identify_embedded_script (test_console.ConsoleRevisionTests.test_document_and_fragment_identify_embedded_script) ... ok
test_invalid_version_refused (test_console.CutReleaseActionTests.test_invalid_version_refused) ... ok
test_stale_checkpoint_sha_refused (test_console.CutReleaseActionTests.test_stale_checkpoint_sha_refused) ... ok
test_stale_item_numbers_refused (test_console.CutReleaseActionTests.test_stale_item_numbers_refused) ... ok
test_successful_queuing_and_deduplication (test_console.CutReleaseActionTests.test_successful_queuing_and_deduplication) ... ok
test_two_part_version_is_accepted_and_preserved (test_console.CutReleaseActionTests.test_two_part_version_is_accepted_and_preserved) ... ok
test_unknown_or_disabled_project_refused (test_console.CutReleaseActionTests.test_unknown_or_disabled_project_refused) ... ok
test_version_not_greater_refused (test_console.CutReleaseActionTests.test_version_not_greater_refused) ... ok
test_outbox_publish_release_conflict_fails_action_and_keeps_draft (test_console.CutReleaseOutboxTests.test_outbox_publish_release_conflict_fails_action_and_keeps_draft) ... ok
test_outbox_publish_release_success (test_console.CutReleaseOutboxTests.test_outbox_publish_release_success) ... ok
test_hold_surfaces_clear_and_return_on_new_activity (test_console.EndSessionTests.test_hold_surfaces_clear_and_return_on_new_activity) ... ok
test_override_boundaries_and_invalid_timestamp (test_console.EndSessionTests.test_override_boundaries_and_invalid_timestamp) ... ok
test_rejects_unknown_disabled_and_malformed_projects (test_console.EndSessionTests.test_rejects_unknown_disabled_and_malformed_projects) ... ok
test_digest_counts_what_you_have_not_seen (test_console.EventTests.test_digest_counts_what_you_have_not_seen) ... ok
test_stream_skips_bookkeeping_and_duplicates (test_console.EventTests.test_stream_skips_bookkeeping_and_duplicates) ... ok
test_backlog_items_carry_parent_and_depends (test_console.GraphTests.test_backlog_items_carry_parent_and_depends) ... ok
test_graph_produced_even_if_no_relationships (test_console.GraphTests.test_graph_produced_even_if_no_relationships) ... ok
test_graph_produces_ranks_and_edges (test_console.GraphTests.test_graph_produces_ranks_and_edges) ... ok
test_graph_terminates_on_cycle (test_console.GraphTests.test_graph_terminates_on_cycle) ... ok
test_mermaid_browser_lifecycle (test_console.GraphTests.test_mermaid_browser_lifecycle) ... ok
test_mermaid_groups_dependencies_links_and_fallback (test_console.GraphTests.test_mermaid_groups_dependencies_links_and_fallback) ... ok
test_mermaid_parent_cycle_emits_each_node_once (test_console.GraphTests.test_mermaid_parent_cycle_emits_each_node_once) ... ok
test_mermaid_titles_cannot_inject_syntax_or_html (test_console.GraphTests.test_mermaid_titles_cannot_inject_syntax_or_html) ... ok
test_qualified_refs_do_not_create_false_local_graph_edges (test_console.GraphTests.test_qualified_refs_do_not_create_false_local_graph_edges) ... ok
test_view_toggle_keys_on_root_with_a_valid_attribute_name (test_console.GraphTests.test_view_toggle_keys_on_root_with_a_valid_attribute_name) ... ok
test_backoff_offers_to_clear (test_console.IdleReasonTests.test_backoff_offers_to_clear) ... ok
test_capacity_review_after_fix_ignores_old_failed_verdict (test_console.IdleReasonTests.test_capacity_review_after_fix_ignores_old_failed_verdict) ... ok
test_completed_fix_ignores_running_marker_and_shows_fresh_wait (test_console.IdleReasonTests.test_completed_fix_ignores_running_marker_and_shows_fresh_wait) ... ok
test_empty_backlog (test_console.IdleReasonTests.test_empty_backlog) ... ok
test_fix_wait_uses_only_matching_active_runs (test_console.IdleReasonTests.test_fix_wait_uses_only_matching_active_runs) ... ok
test_mergeability_wait_copy_matches_current_checks_and_target (test_console.IdleReasonTests.test_mergeability_wait_copy_matches_current_checks_and_target) ... ok
test_no_reasons_while_running (test_console.IdleReasonTests.test_no_reasons_while_running) ... ok
test_number_words_in_the_headline (test_console.IdleReasonTests.test_number_words_in_the_headline) ... ok
test_peak_hours_with_an_override (test_console.IdleReasonTests.test_peak_hours_with_an_override) ... ok
test_platforms_over_the_soft_line_are_grouped (test_console.IdleReasonTests.test_platforms_over_the_soft_line_are_grouped) ... ok
test_quota_holds_nothing_when_nothing_is_queued (test_console.IdleReasonTests.test_quota_holds_nothing_when_nothing_is_queued) ... ok
test_verifying_capacity_retry_copy (test_console.IdleReasonTests.test_verifying_capacity_retry_copy) ... ok
test_verifying_item_explains_failed_review_and_missing_fix_platform (test_console.IdleReasonTests.test_verifying_item_explains_failed_review_and_missing_fix_platform) ... ok
test_verifying_item_explains_review_and_merge_waits (test_console.IdleReasonTests.test_verifying_item_explains_review_and_merge_waits) ... ok
test_verifying_item_gates_builds_without_holding_run_slot (test_console.IdleReasonTests.test_verifying_item_gates_builds_without_holding_run_slot) ... ok
test_verifying_item_uses_head_ci_start_time (test_console.IdleReasonTests.test_verifying_item_uses_head_ci_start_time) ... ok
test_failed_question_ignores_a_stale_item_question_column (test_console.NeedsTests.test_failed_question_ignores_a_stale_item_question_column)
A leftover 'question' column from an earlier needs_you round must not ... ok
test_landing_prefers_triage_when_something_needs_you (test_console.NeedsTests.test_landing_prefers_triage_when_something_needs_you) ... ok
test_legacy_options_are_removed_from_question_and_recovered_as_choices (test_console.NeedsTests.test_legacy_options_are_removed_from_question_and_recovered_as_choices) ... ok
test_question_and_options_come_from_the_item_when_set (test_console.NeedsTests.test_question_and_options_come_from_the_item_when_set)
mahler#248: finalize's OPTIONS split stores both on the item; the ... ok
test_question_comes_from_the_needs_you_transition (test_console.NeedsTests.test_question_comes_from_the_needs_you_transition) ... ok
test_console_flag_is_ignored_when_public_url_is_unset (test_console.NeedsYouPingTests.test_console_flag_is_ignored_when_public_url_is_unset) ... ok
test_console_flag_needs_a_project (test_console.NeedsYouPingTests.test_console_flag_needs_a_project) ... ok
test_fyi_pings_never_open_the_console (test_console.NeedsYouPingTests.test_fyi_pings_never_open_the_console) ... ok
test_trailing_slash_on_public_url_is_tolerated (test_console.NeedsYouPingTests.test_trailing_slash_on_public_url_is_tolerated) ... ok
test_with_public_url_a_needs_you_ping_opens_the_console (test_console.NeedsYouPingTests.test_with_public_url_a_needs_you_ping_opens_the_console) ... ok
test_without_public_url_the_click_is_the_github_issue (test_console.NeedsYouPingTests.test_without_public_url_the_click_is_the_github_issue) ... ok
test_design_non_negotiables (test_console.PageTests.test_design_non_negotiables) ... ok
test_fragment_is_just_the_app (test_console.PageTests.test_fragment_is_just_the_app) ... ok
test_needs_details_and_choices_render_safely_in_both_layouts (test_console.PageTests.test_needs_details_and_choices_render_safely_in_both_layouts) ... ok
test_releases_card_renders_a_pending_cut_release_and_a_published_release (test_console.PageTests.test_releases_card_renders_a_pending_cut_release_and_a_published_release) ... ok
test_snapshot_covers_both_layouts_and_lands_on_needs (test_console.PageTests.test_snapshot_covers_both_layouts_and_lands_on_needs) ... ok
test_header_only_inside_the_window (test_console.PeakOverrideTests.test_header_only_inside_the_window) ... ok
test_manual_override_holds_until_restored (test_console.PeakOverrideTests.test_manual_override_holds_until_restored) ... ok
test_page_renders_peak_banner_only_when_active (test_console.PeakOverrideTests.test_page_renders_peak_banner_only_when_active) ... ok
test_peak_times_use_system_timezone (test_console.PeakOverrideTests.test_peak_times_use_system_timezone) ... ok
test_refused_when_the_window_is_off (test_console.PeakOverrideTests.test_refused_when_the_window_is_off) ... ok
test_window_uses_schedule_date_and_dst_at_endpoints (test_console.PeakOverrideTests.test_window_uses_schedule_date_and_dst_at_endpoints) ... ok
test_acknowledgement_is_per_project_idempotent_and_race_safe (test_console.ProjectBriefTests.test_acknowledgement_is_per_project_idempotent_and_race_safe) ... ok
test_brief_spans_zero_one_and_multiple_releases_without_mutating_them (test_console.ProjectBriefTests.test_brief_spans_zero_one_and_multiple_releases_without_mutating_them) ... ok
test_cursor_must_be_a_shipment_for_the_enabled_project (test_console.ProjectBriefTests.test_cursor_must_be_a_shipment_for_the_enabled_project) ... ok
test_first_use_groups_captured_changes_and_collapses_maintenance (test_console.ProjectBriefTests.test_first_use_groups_captured_changes_and_collapses_maintenance) ... ok
test_capabilities_are_sectioned_by_largest_route_size (test_console.QuotaTests.test_capabilities_are_sectioned_by_largest_route_size) ... ok
test_capability_slots_keep_one_clean_quota_name (test_console.QuotaTests.test_capability_slots_keep_one_clean_quota_name) ... ok
test_capacity_line (test_console.QuotaTests.test_capacity_line) ... ok
test_composite_estimate_empty_sections_are_omitted (test_console.QuotaTests.test_composite_estimate_empty_sections_are_omitted) ... ok
test_composite_estimate_excludes_unavailable_routes (test_console.QuotaTests.test_composite_estimate_excludes_unavailable_routes) ... ok
test_composite_estimate_mixed_windows_and_shared_pool (test_console.QuotaTests.test_composite_estimate_mixed_windows_and_shared_pool) ... ok
test_labels_and_tones (test_console.QuotaTests.test_labels_and_tones) ... ok
test_model_line_carries_the_plan (test_console.QuotaTests.test_model_line_carries_the_plan) ... ok
test_no_reading_is_stale (test_console.QuotaTests.test_no_reading_is_stale) ... ok
test_one_gauge_per_quota_group (test_console.QuotaTests.test_one_gauge_per_quota_group) ... ok
test_variant_model_line_is_slot_model_effort (test_console.QuotaTests.test_variant_model_line_is_slot_model_effort)
Issue #420: the capacity view shows a synthetic variant as ... ok
test_windows_carry_soft_line_and_reset (test_console.QuotaTests.test_windows_carry_soft_line_and_reset)
mahler#335: the Capacity view needs every window, not just the worst. ... ok
test_desktop_only_summary_and_history_route (test_console.RecentProblemsRenderingTests.test_desktop_only_summary_and_history_route) ... ok
test_empty_summary (test_console.RecentProblemsRenderingTests.test_empty_summary) ... ok
test_actionable_reasons_keep_payloads_and_precede_recorded_holds (test_console.RecordedIdleTests.test_actionable_reasons_keep_payloads_and_precede_recorded_holds) ... ok
test_blocker_names_show_variant_label (test_console.RecordedIdleTests.test_blocker_names_show_variant_label)
Issue #420: a synthetic variant named in a no_platform blocker ... ok
test_capacity_lists_only_ready_items_and_lease_host_also_inbox (test_console.RecordedIdleTests.test_capacity_lists_only_ready_items_and_lease_host_also_inbox) ... ok
test_capacity_names_current_run_and_elapsed (test_console.RecordedIdleTests.test_capacity_names_current_run_and_elapsed) ... ok
test_disabled_projects_and_items_no_longer_pending_are_ignored (test_console.RecordedIdleTests.test_disabled_projects_and_items_no_longer_pending_are_ignored) ... ok
test_existing_slot_and_hot_hold_explanations_are_not_duplicated (test_console.RecordedIdleTests.test_existing_slot_and_hot_hold_explanations_are_not_duplicated) ... ok
test_freshness_empty_and_malformed_snapshots (test_console.RecordedIdleTests.test_freshness_empty_and_malformed_snapshots) ... ok
test_headline_grammar_counts_reasons_including_repeated_item_holds (test_console.RecordedIdleTests.test_headline_grammar_counts_reasons_including_repeated_item_holds) ... ok
test_idle_conductor_does_not_render_stale_run_capacity (test_console.RecordedIdleTests.test_idle_conductor_does_not_render_stale_run_capacity) ... ok
test_many_dependencies_are_grouped (test_console.RecordedIdleTests.test_many_dependencies_are_grouped) ... ok
test_mixed_holds_preserve_order_counts_and_item_metadata (test_console.RecordedIdleTests.test_mixed_holds_preserve_order_counts_and_item_metadata) ... ok
test_more_than_twenty_dependencies_truncate_with_a_note (test_console.RecordedIdleTests.test_more_than_twenty_dependencies_truncate_with_a_note) ... ok
test_off_peak_hold_reason (test_console.RecordedIdleTests.test_off_peak_hold_reason) ... ok
test_page_renders_the_toggle_but_only_when_there_are_items (test_console.RecordedIdleTests.test_page_renders_the_toggle_but_only_when_there_are_items) ... ok
test_qualified_dependency_diagnostic (test_console.RecordedIdleTests.test_qualified_dependency_diagnostic) ... ok
test_route_grouping_and_size_only (test_console.RecordedIdleTests.test_route_grouping_and_size_only) ... ok
test_route_items_carry_the_title (test_console.RecordedIdleTests.test_route_items_carry_the_title) ... ok
test_settling_dependencies_overlap_and_capacity (test_console.RecordedIdleTests.test_settling_dependencies_overlap_and_capacity) ... ok
test_stale_holds_do_not_displace_current_reasons (test_console.RecordedIdleTests.test_stale_holds_do_not_displace_current_reasons) ... ok
test_active_design_role_is_visible_in_console_copy (test_console.RunTests.test_active_design_role_is_visible_in_console_copy) ... ok
test_past_estimate (test_console.RunTests.test_past_estimate) ... ok
test_under_estimate (test_console.RunTests.test_under_estimate) ... ok
test_invalid_settings_do_not_touch_file (test_console.SettingsConfigTests.test_invalid_settings_do_not_touch_file) ... ok
test_projection_never_exposes_account_environment (test_console.SettingsConfigTests.test_projection_never_exposes_account_environment) ... ok
test_validation_and_toml_round_trip (test_console.SettingsConfigTests.test_validation_and_toml_round_trip) ... ok
test_browser_serializes_and_preserves_unsaved_settings (test_console.SettingsPageTests.test_browser_serializes_and_preserves_unsaved_settings) ... ok
test_desktop_and_phone_render_complete_settings_forms (test_console.SettingsPageTests.test_desktop_and_phone_render_complete_settings_forms) ... ok
test_settings_page_and_state_never_render_account_secrets (test_console.SettingsPageTests.test_settings_page_and_state_never_render_account_secrets) ... ok
test_counts_current_previous_and_delta_by_enabled_project (test_console.StatsTests.test_counts_current_previous_and_delta_by_enabled_project) ... ok
test_custom_dates_are_inclusive_and_compare_equal_length (test_console.StatsTests.test_custom_dates_are_inclusive_and_compare_equal_length) ... ok
test_page_has_desktop_and_mobile_stats_with_range_controls (test_console.StatsTests.test_page_has_desktop_and_mobile_stats_with_range_controls) ... ok
test_a_run_that_already_ended_is_skipped (test_console.StopRunTests.test_a_run_that_already_ended_is_skipped) ... ok
test_active_run_gets_yield_at_and_stop_reason (test_console.StopRunTests.test_active_run_gets_yield_at_and_stop_reason) ... ok
test_bad_or_stale_run_is_refused (test_console.StopRunTests.test_bad_or_stale_run_is_refused) ... ok
test_queuing_is_idempotent (test_console.StopRunTests.test_queuing_is_idempotent) ... ok
test_run_shows_stopping_once_queued (test_console.StopRunTests.test_run_shows_stopping_once_queued) ... ok
test_idle_running_paused (test_console.SystemStateTests.test_idle_running_paused) ... ok
test_a_second_verdict_is_refused_after_one_is_recorded (test_console.UatActionTests.test_a_second_verdict_is_refused_after_one_is_recorded) ... ok
test_a_second_verdict_is_refused_while_one_is_queued (test_console.UatActionTests.test_a_second_verdict_is_refused_while_one_is_queued) ... ok
test_bad_input_is_refused (test_console.UatActionTests.test_bad_input_is_refused) ... ok
test_fail_needs_a_note_of_at_most_2000_chars (test_console.UatActionTests.test_fail_needs_a_note_of_at_most_2000_chars) ... ok
test_pass_queues_with_no_delay_and_records_the_event (test_console.UatActionTests.test_pass_queues_with_no_delay_and_records_the_event) ... ok
test_body_contains_all_fields_and_verbatim_note (test_console.UatBugShapeTests.test_body_contains_all_fields_and_verbatim_note) ... ok
test_body_without_note_has_no_note_paragraph (test_console.UatBugShapeTests.test_body_without_note_has_no_note_paragraph) ... ok
test_title_uses_item_id (test_console.UatBugShapeTests.test_title_uses_item_id) ... ok
test_a_disabled_project_is_skipped (test_console.UatOutboxTests.test_a_disabled_project_is_skipped) ... ok
test_a_github_failure_marks_the_action_failed_and_leaves_it_pending (test_console.UatOutboxTests.test_a_github_failure_marks_the_action_failed_and_leaves_it_pending) ... ok
test_a_recorded_verdict_is_skipped (test_console.UatOutboxTests.test_a_recorded_verdict_is_skipped) ... ok
test_attachment_is_linked (test_console.UatOutboxTests.test_attachment_is_linked) ... ok
test_fail_files_a_p1_bug_and_routs_it (test_console.UatOutboxTests.test_fail_files_a_p1_bug_and_routs_it) ... ok
test_fail_labels_the_project_scope (test_console.UatOutboxTests.test_fail_labels_the_project_scope) ... ok
test_fail_without_a_note_still_files_the_bug (test_console.UatOutboxTests.test_fail_without_a_note_still_files_the_bug) ... ok
test_failure_can_later_pass_without_another_bug (test_console.UatOutboxTests.test_failure_can_later_pass_without_another_bug) ... ok
test_pass_comments_and_records_the_verdict (test_console.UatOutboxTests.test_pass_comments_and_records_the_verdict) ... ok
test_pass_recovers_existing_comment_without_reposting (test_console.UatOutboxTests.test_pass_recovers_existing_comment_without_reposting) ... ok
test_pass_retry_after_stale_comment_read (test_console.UatOutboxTests.test_pass_retry_after_stale_comment_read) ... ok
test_pass_retry_after_unavailable_comment_read (test_console.UatOutboxTests.test_pass_retry_after_unavailable_comment_read) ... ok
test_a_queued_verdict_shows_its_copy (test_console.UatPageTests.test_a_queued_verdict_shows_its_copy) ... ok
test_adjacent_inline_content_spans_have_separators (test_console.UatPageTests.test_adjacent_inline_content_spans_have_separators)
Guard against glued adjacent content spans (.t/.meta/.check/.lnk/.q/.pchip). ... ok
test_an_empty_queue_renders_no_section (test_console.UatPageTests.test_an_empty_queue_renders_no_section) ... ok
test_desktop_ready_to_test_meta_line_join (test_console.UatPageTests.test_desktop_ready_to_test_meta_line_join)
Desktop _d_test via _uat_left joins ref and meta with ' · '. ... ok
test_phone_has_a_ready_to_test_section (test_console.UatPageTests.test_phone_has_a_ready_to_test_section) ... ok
test_phone_ready_to_test_card_glues_ref_to_meta (test_console.UatPageTests.test_phone_ready_to_test_card_glues_ref_to_meta) ... ok
test_renders_the_row_with_pass_and_fail (test_console.UatPageTests.test_renders_the_row_with_pass_and_fail) ... ok
test_the_bug_sheet_is_in_the_page_and_wired (test_console.UatPageTests.test_the_bug_sheet_is_in_the_page_and_wired) ... ok
test_a_recorded_verdict_removes_the_row (test_console.UatStateTests.test_a_recorded_verdict_removes_the_row) ... ok
test_counts_exclude_a_queued_verdict (test_console.UatStateTests.test_counts_exclude_a_queued_verdict) ... ok
test_landing_lands_on_ready_to_test (test_console.UatStateTests.test_landing_lands_on_ready_to_test) ... ok
test_newest_first_and_disabled_projects_hidden (test_console.UatStateTests.test_newest_first_and_disabled_projects_hidden) ... ok
test_rows_show_ref_meta_check_and_pr_link (test_console.UatStateTests.test_rows_show_ref_meta_check_and_pr_link) ... ok
test_the_check_is_the_markers_stripped_and_capped (test_console.UatStateTests.test_the_check_is_the_markers_stripped_and_capped) ... ok
test_uat_url_config_beats_the_pr_link (test_console.UatStateTests.test_uat_url_config_beats_the_pr_link) ... ok
test_every_queued_kind_is_a_registered_action (test_console_boundary.BoundaryClassificationTests.test_every_queued_kind_is_a_registered_action) ... ok
test_registered_actions_are_exactly_ledger_only_plus_queued (test_console_boundary.BoundaryClassificationTests.test_registered_actions_are_exactly_ledger_only_plus_queued) ... ok
test_no_github_and_no_queue (test_console_boundary.LedgerOnlyActionsStayLocalTests.test_no_github_and_no_queue) ... ok
test_navigation_drafts_resize_and_telemetry (test_console_selection.BrowserSelectionTests.test_navigation_drafts_resize_and_telemetry) ... ok
test_fragment_and_reload_use_selected_layout (test_console_selection.SelectionHTTPTests.test_fragment_and_reload_use_selected_layout) ... serve: 2026-10-08T03:41:19.811+00:00 method="GET" path="/fragment?layout=phone&tab=models" status=200 size=1743 duration_ms=4.120 event="end"
serve: 2026-10-08T03:41:19.815+00:00 method="GET" path="/" status=200 size=130513 duration_ms=2.544 event="end"
ok
test_long_task_uses_existing_endpoint_and_limiter (test_console_selection.SelectionHTTPTests.test_long_task_uses_existing_endpoint_and_limiter) ... serve: 2026-10-08T03:41:19.841+00:00 method="POST" path="/api/client_log" status=- size=0 duration_ms=0.126 event="start"
serve: 2026-10-08T03:41:19.841+00:00 method="POST" path="/api/client_log" status=204 size=0 duration_ms=0.466 event="end"
serve: 2026-10-08T03:41:19.842+00:00 method="POST" path="/api/client_log" status=- size=0 duration_ms=0.085 event="start"
serve: 2026-10-08T03:41:19.842+00:00 method="POST" path="/api/client_log" status=204 size=0 duration_ms=0.297 event="end"
serve: 2026-10-08T03:41:19.843+00:00 method="POST" path="/api/client_log" status=- size=0 duration_ms=0.144 event="start"
serve: 2026-10-08T03:41:19.843+00:00 method="POST" path="/api/client_log" status=204 size=0 duration_ms=0.318 event="end"
serve: 2026-10-08T03:41:19.844+00:00 method="POST" path="/api/client_log" status=- size=0 duration_ms=0.079 event="start"
serve: 2026-10-08T03:41:19.844+00:00 method="POST" path="/api/client_log" status=204 size=0 duration_ms=0.179 event="end"
serve: 2026-10-08T03:41:19.844+00:00 method="POST" path="/api/client_log" status=- size=0 duration_ms=0.079 event="start"
serve: 2026-10-08T03:41:19.845+00:00 method="POST" path="/api/client_log" status=204 size=0 duration_ms=0.328 event="end"
ok
test_every_fragment_contains_only_selected_section_and_meets_budget (test_console_selection.SelectionTests.test_every_fragment_contains_only_selected_section_and_meets_budget) ... ok
test_invalid_selection_falls_back_and_open_overlay_is_scoped (test_console_selection.SelectionTests.test_invalid_selection_falls_back_and_open_overlay_is_scoped) ... ok
test_long_tasks_are_validated_and_recorded (test_console_selection.SelectionTests.test_long_tasks_are_validated_and_recorded) ... ok
test_empty_state (test_console_state.ModelsTests.test_empty_state) ... ok
test_large_history_has_bounded_outcomes_and_fragment (test_console_state.ModelsTests.test_large_history_has_bounded_outcomes_and_fragment) ... ok
test_models_copy_tone_and_drilldown_for_every_size (test_console_state.ModelsTests.test_models_copy_tone_and_drilldown_for_every_size) ... ok
test_refresh_skips_identical_fragments_but_clears_submitted_drafts (test_console_state.ModelsTests.test_refresh_skips_identical_fragments_but_clears_submitted_drafts) ... ok
test_empty_bounded_and_newest_first (test_console_state.RecentProblemsTests.test_empty_bounded_and_newest_first) ... ok
test_window_kinds_and_descriptions (test_console_state.RecentProblemsTests.test_window_kinds_and_descriptions) ... ok
test_full_state_still_includes_measurements (test_console_state.ScorecardCacheTests.test_full_state_still_includes_measurements) ... ok
test_models_reuses_rows_until_a_run_changes_or_ttl (test_console_state.ScorecardCacheTests.test_models_reuses_rows_until_a_run_changes_or_ttl) ... ok
test_separate_ledgers_do_not_share_a_cache (test_console_state.ScorecardCacheTests.test_separate_ledgers_do_not_share_a_cache) ... ok
test_views_without_measurements_never_build_it (test_console_state.ScorecardCacheTests.test_views_without_measurements_never_build_it) ... ok
test_dst_week_localizes_next_reset_individually (test_console_state.WeeklyQuotaTests.test_dst_week_localizes_next_reset_individually) ... ok
test_empty (test_console_state.WeeklyQuotaTests.test_empty) ... ok
test_latest_non_routed_alias_reading_counts_shared_group_once (test_console_state.WeeklyQuotaTests.test_latest_non_routed_alias_reading_counts_shared_group_once) ... ok
test_past_weekly_reset_rolls_to_next_occurrence (test_console_state.WeeklyQuotaTests.test_past_weekly_reset_rolls_to_next_occurrence) ... ok
test_render_layouts_escape_names_and_scope_computation (test_console_state.WeeklyQuotaTests.test_render_layouts_escape_names_and_scope_computation) ... ok
test_unknown_unmetered_and_monthly (test_console_state.WeeklyQuotaTests.test_unknown_unmetered_and_monthly) ... ok
test_week_boundary_grouping_and_routing_order (test_console_state.WeeklyQuotaTests.test_week_boundary_grouping_and_routing_order) ... ok
test_two_taps_pending_requests_membership_changes_and_failure (test_console_uat.BrowserPassAllTests.test_two_taps_pending_requests_membership_changes_and_failure) ... ok
test_change_specific_template_falls_back_to_pr_in_session (test_console_uat.SessionsTests.test_change_specific_template_falls_back_to_pr_in_session) ... ok
test_group_precedence_projects_and_deterministic_area (test_console_uat.SessionsTests.test_group_precedence_projects_and_deterministic_area) ... ok
test_missing_item_metadata_and_empty_queue (test_console_uat.SessionsTests.test_missing_item_metadata_and_empty_queue) ... ok
test_shared_link_and_both_layouts (test_console_uat.SessionsTests.test_shared_link_and_both_layouts) ... ok
test_shipped_failure_stays_visible_with_age_until_pass (test_console_uat.SessionsTests.test_shipped_failure_stays_visible_with_age_until_pass) ... ok
test_split_counts_order_and_flat_queue_preserved (test_console_uat.SessionsTests.test_split_counts_order_and_flat_queue_preserved) ... ok
test_verdicts_skipped_and_sessions_sorted_by_actionable_count (test_console_uat.SessionsTests.test_verdicts_skipped_and_sessions_sorted_by_actionable_count) ... ok
test_known_platform_launches_without_json_flags (test_console_walkthrough.WalkthroughTests.test_known_platform_launches_without_json_flags) ... ok
test_launch_uses_platform_account_environment (test_console_walkthrough.WalkthroughTests.test_launch_uses_platform_account_environment) ... ok
test_unknown_platform_fails_fast (test_console_walkthrough.WalkthroughTests.test_unknown_platform_fails_fast) ... ok
test_failure_is_stale_including_after_fallback_expires (test_copilot_quota.CopilotFallbackTests.test_failure_is_stale_including_after_fallback_expires) ... ok
test_fallback_fans_out_without_recording_fake_usage (test_copilot_quota.CopilotFallbackTests.test_fallback_fans_out_without_recording_fake_usage) ... ok
test_manual_override_skips_probing_even_with_old_samples (test_copilot_quota.CopilotFallbackTests.test_manual_override_skips_probing_even_with_old_samples) ... ok
test_old_zero_is_hidden_and_quota_error_still_backs_off (test_copilot_quota.CopilotFallbackTests.test_old_zero_is_hidden_and_quota_error_still_backs_off) ... ok
test_retries_and_recovers_a_real_meter (test_copilot_quota.CopilotFallbackTests.test_retries_and_recovers_a_real_meter) ... ok
test_bad_responses_are_not_evidence_of_no_meter (test_copilot_quota.CopilotReportTests.test_bad_responses_are_not_evidence_of_no_meter) ... ok
test_empty_org_seat_report_has_no_meter (test_copilot_quota.CopilotReportTests.test_empty_org_seat_report_has_no_meter) ... ok
test_reported_zero_is_a_real_reading (test_copilot_quota.CopilotReportTests.test_reported_zero_is_a_real_reading) ... ok
test_cross_midnight_and_empty_window (test_desktop.CheckTests.test_cross_midnight_and_empty_window) ... ok
test_ordinary_daytime_ignores_window (test_desktop.CheckTests.test_ordinary_daytime_ignores_window) ... ok
test_scheduled_window_edges (test_desktop.CheckTests.test_scheduled_window_edges) ... ok
test_threshold_boundary (test_desktop.CheckTests.test_threshold_boundary) ... ok
test_window_checked_before_probe (test_desktop.CheckTests.test_window_checked_before_probe) ... ok
test_advisory_check (test_desktop.CliTests.test_advisory_check) ... ok
test_advisory_reserves_nothing (test_desktop.CliTests.test_advisory_reserves_nothing) ... ok
test_args_status_and_single_probe (test_desktop.CliTests.test_args_status_and_single_probe) ... ok
test_denials_spawn_nothing (test_desktop.CliTests.test_denials_spawn_nothing) ... ok
test_held_lock_spawns_nothing (test_desktop.CliTests.test_held_lock_spawns_nothing) ... ok
test_invalid_invocation_and_config (test_desktop.CliTests.test_invalid_invocation_and_config) ... ok
test_lock_released_after_exit_failure_and_spawn_error (test_desktop.CliTests.test_lock_released_after_exit_failure_and_spawn_error) ... ok
test_outside_scheduled_window_spawns_nothing (test_desktop.CliTests.test_outside_scheduled_window_spawns_nothing) ... ok
test_project_identity_via_env (test_desktop.CliTests.test_project_identity_via_env) ... ok
test_bad_readings_deny (test_desktop.ParseTests.test_bad_readings_deny) ... ok
test_parses_nonnegative_integer (test_desktop.ParseTests.test_parses_nonnegative_integer) ... ok
test_probe_failures_deny (test_desktop.ParseTests.test_probe_failures_deny) ... ok
test_second_wrapper_defers_while_first_runs (test_desktop.ProcessTests.test_second_wrapper_defers_while_first_runs) ... ok
test_sigterm_is_forwarded_and_status_reported (test_desktop.ProcessTests.test_sigterm_is_forwarded_and_status_reported) ... ok
test_terminated_wrapper_keeps_lock_until_child_ends (test_desktop.ProcessTests.test_terminated_wrapper_keeps_lock_until_child_ends) ... ok
test_defaults (test_desktop.SettingsTests.test_defaults) ... ok
test_project_flag_beats_env (test_desktop.SettingsTests.test_project_flag_beats_env) ... ok
test_resolution_order (test_desktop.SettingsTests.test_resolution_order) ... ok
test_unknown_project_fails (test_desktop.SettingsTests.test_unknown_project_fails) ... ok
test_empty_day (test_digest.FormatTests.test_empty_day) ... ok
test_gather_ignores_out_of_window_events (test_digest.FormatTests.test_gather_ignores_out_of_window_events) ... ok
test_includes_handoffs (test_digest.FormatTests.test_includes_handoffs) ... ok
test_includes_shipped_with_titles (test_digest.FormatTests.test_includes_shipped_with_titles) ... ok
test_includes_waiting_on_you (test_digest.FormatTests.test_includes_waiting_on_you) ... ok
test_missing_scope_is_one_aggregate_line (test_digest.FormatTests.test_missing_scope_is_one_aggregate_line) ... ok
test_usage_lines (test_digest.FormatTests.test_usage_lines) ... ok
test_due_again_the_next_day (test_digest.GatingTests.test_due_again_the_next_day) ... ok
test_due_once_then_not_again_the_same_day (test_digest.GatingTests.test_due_once_then_not_again_the_same_day) ... ok
test_not_due_before_the_hour (test_digest.GatingTests.test_not_due_before_the_hour) ... ok
test_a_crash_never_breaks_the_tick (test_digest.MaybeSendTests.test_a_crash_never_breaks_the_tick) ... ok
test_dry_run_never_sends (test_digest.MaybeSendTests.test_dry_run_never_sends) ... ok
test_failed_send_does_not_set_the_kv_key (test_digest.MaybeSendTests.test_failed_send_does_not_set_the_kv_key) ... ok
test_sends_once_and_records_the_kv_key (test_digest.MaybeSendTests.test_sends_once_and_records_the_kv_key) ... ok
test_all_unknown_size_representations_deliver (test_digest.WeeklyModelsTests.test_all_unknown_size_representations_deliver) ... ok
test_changes_snapshot_advances_only_after_successful_delivery (test_digest.WeeklyModelsTests.test_changes_snapshot_advances_only_after_successful_delivery) ... ok
test_only_local_monday_includes_weekly_section (test_digest.WeeklyModelsTests.test_only_local_monday_includes_weekly_section) ... ok
test_pending_excluded_only_warn_when_cost_missing (test_digest.WeeklyModelsTests.test_pending_excluded_only_warn_when_cost_missing) ... ok
test_all_failure_paths_stay_at_route_cap (test_escalation.TierEscalationTests.test_all_failure_paths_stay_at_route_cap) ... ok
test_cap_respects_routes_accounts_sizes_and_enabled (test_escalation.TierEscalationTests.test_cap_respects_routes_accounts_sizes_and_enabled) ... ok
test_capacity_interrupted_fixes_charge_each_head_only_once (test_escalation.TierEscalationTests.test_capacity_interrupted_fixes_charge_each_head_only_once) ... ok
test_completed_genuine_fix_clears_cycle_dedup (test_escalation.TierEscalationTests.test_completed_genuine_fix_clears_cycle_dedup) ... ok
test_fix_that_never_started_keeps_cycle_dedup (test_escalation.TierEscalationTests.test_fix_that_never_started_keeps_cycle_dedup) ... ok
test_genuine_fix_failures_on_unchanged_head_keep_escalating (test_escalation.TierEscalationTests.test_genuine_fix_failures_on_unchanged_head_keep_escalating) ... ok
test_go_resets_esc_tier_and_esc_fails (test_escalation.TierEscalationTests.test_go_resets_esc_tier_and_esc_fails) ... ok
test_no_attempt_does_not_increment_esc_fails (test_escalation.TierEscalationTests.test_no_attempt_does_not_increment_esc_fails) ... ok
test_overrun_heuristic_escalates_size_s_after_10_minutes_on_tier_1 (test_escalation.TierEscalationTests.test_overrun_heuristic_escalates_size_s_after_10_minutes_on_tier_1) ... ok
test_red_ci_escalates_tier_after_two_failures (test_escalation.TierEscalationTests.test_red_ci_escalates_tier_after_two_failures) ... ok
test_review_and_ci_escalate_from_builder_not_reviewer (test_escalation.TierEscalationTests.test_review_and_ci_escalate_from_builder_not_reviewer) ... ok
test_schedule_elevates_meta_programming_to_size_m_and_tier_2 (test_escalation.TierEscalationTests.test_schedule_elevates_meta_programming_to_size_m_and_tier_2) ... ok
test_schedule_respects_esc_tier (test_escalation.TierEscalationTests.test_schedule_respects_esc_tier) ... ok
test_two_failures_on_tier_1_escalates_to_tier_2 (test_escalation.TierEscalationTests.test_two_failures_on_tier_1_escalates_to_tier_2) ... ok
test_two_failures_on_tier_2_escalates_to_tier_3 (test_escalation.TierEscalationTests.test_two_failures_on_tier_2_escalates_to_tier_3) ... ok
test_waiting_fix_uses_capacity_backstop_without_recounting (test_escalation.TierEscalationTests.test_waiting_fix_uses_capacity_backstop_without_recounting) ... ok
test_waiting_review_fix_resumes_when_capacity_returns (test_escalation.TierEscalationTests.test_waiting_review_fix_resumes_when_capacity_returns) ... ok
test_calibrate_clamps_extreme_outliers (test_estimates.EstimateTrackingTests.test_calibrate_clamps_extreme_outliers) ... ok
test_calibrate_estimates_computes_factor_and_mae (test_estimates.EstimateTrackingTests.test_calibrate_estimates_computes_factor_and_mae) ... ok
test_calibration_excludes_attempts_that_never_started (test_estimates.EstimateTrackingTests.test_calibration_excludes_attempts_that_never_started) ... ok
test_create_run_records_predicted_est_mins (test_estimates.EstimateTrackingTests.test_create_run_records_predicted_est_mins) ... ok
test_create_run_stamps_size (test_estimates.EstimateTrackingTests.test_create_run_stamps_size) ... ok
test_estimates_group_by_platform_role_size (test_estimates.EstimateTrackingTests.test_estimates_group_by_platform_role_size) ... ok
test_issue_done_records_accuracy_event (test_estimates.EstimateTrackingTests.test_issue_done_records_accuracy_event) ... ok
test_issue_done_stats_exclude_attempts_that_never_started (test_estimates.EstimateTrackingTests.test_issue_done_stats_exclude_attempts_that_never_started) ... ok
test_non_started_attempts_do_not_skew_any_duration_average (test_estimates.EstimateTrackingTests.test_non_started_attempts_do_not_skew_any_duration_average) ... ok
test_run_estimate_falls_back_without_size (test_estimates.EstimateTrackingTests.test_run_estimate_falls_back_without_size) ... ok
test_scheduler_periodic_calibration (test_estimates.EstimateTrackingTests.test_scheduler_periodic_calibration) ... ok
test_schema_migration_adds_est_and_actual_mins (test_estimates.EstimateTrackingTests.test_schema_migration_adds_est_and_actual_mins) ... ok
test_size_column_is_added_to_legacy_databases (test_estimates.EstimateTrackingTests.test_size_column_is_added_to_legacy_databases) ... ok
test_thin_size_bucket_falls_back_to_platform_role (test_estimates.EstimateTrackingTests.test_thin_size_bucket_falls_back_to_platform_role) ... ok
test_update_run_computes_actual_mins (test_estimates.EstimateTrackingTests.test_update_run_computes_actual_mins) ... ok
test_200_returns_changed_and_new_etag (test_etag.IssuesChangedTests.test_200_returns_changed_and_new_etag) ... ok
test_304_is_not_modified_and_keeps_the_etag (test_etag.IssuesChangedTests.test_304_is_not_modified_and_keeps_the_etag) ... ok
test_etag_parse_ignores_the_body (test_etag.IssuesChangedTests.test_etag_parse_ignores_the_body) ... ok
test_first_poll_sends_no_condition (test_etag.IssuesChangedTests.test_first_poll_sends_no_condition) ... ok
test_missing_etag_header_is_reported_as_none (test_etag.IssuesChangedTests.test_missing_etag_header_is_reported_as_none) ... ok
test_other_gh_errors_propagate (test_etag.IssuesChangedTests.test_other_gh_errors_propagate) ... ok
test_304_skips_the_closed_issue_checks (test_etag.SyncETagTests.test_304_skips_the_closed_issue_checks)
A full pass probes ledger items not in the open list with ... ok
test_304_skips_the_fetch (test_etag.SyncETagTests.test_304_skips_the_fetch) ... ok
test_ancestor_guard_upgrade_reparses_even_on_304 (test_etag.SyncETagTests.test_ancestor_guard_upgrade_reparses_even_on_304) ... ok
test_dependency_format_upgrade_reparses_even_on_304 (test_etag.SyncETagTests.test_dependency_format_upgrade_reparses_even_on_304) ... ok
test_failed_pass_keeps_the_old_etag (test_etag.SyncETagTests.test_failed_pass_keeps_the_old_etag)
The etag must be stored only after a clean pass, or the next tick ... ok
test_full_sync_processes_and_stores_the_etag (test_etag.SyncETagTests.test_full_sync_processes_and_stores_the_etag) ... ok
test_unparseable_etag_is_not_stored (test_etag.SyncETagTests.test_unparseable_etag_is_not_stored)
etag None just means the next tick probes with the old one. ... ok
test_account_defaults_and_boundary (test_exploration.ExplorationTests.test_account_defaults_and_boundary) ... ok
test_ci_and_review_fix_paths_can_explore (test_exploration.ExplorationTests.test_ci_and_review_fix_paths_can_explore) ... ok
test_cost_ties_keep_route_order_and_efforts_have_separate_evidence (test_exploration.ExplorationTests.test_cost_ties_keep_route_order_and_efforts_have_separate_evidence) ... ok
test_deterministic_hash_and_role_share (test_exploration.ExplorationTests.test_deterministic_hash_and_role_share) ... ok
test_failed_fix_cannot_explore_again_as_build (test_exploration.ExplorationTests.test_failed_fix_cannot_explore_again_as_build) ... ok
test_fix_exploration_uses_real_size_through_scorecard (test_exploration.ExplorationTests.test_fix_exploration_uses_real_size_through_scorecard) ... ok
test_free_stream_one_size_up_never_two (test_exploration.ExplorationTests.test_free_stream_one_size_up_never_two) ... ok
test_headroom_busy_and_escalation (test_exploration.ExplorationTests.test_headroom_busy_and_escalation) ... ok
test_median_token_mix_drives_expected_cost (test_exploration.ExplorationTests.test_median_token_mix_drives_expected_cost) ... ok
test_no_unproven_falls_through (test_exploration.ExplorationTests.test_no_unproven_falls_through) ... ok
test_peak_min_size_and_priority_route_are_enforced (test_exploration.ExplorationTests.test_peak_min_size_and_priority_route_are_enforced) ... ok
test_pin_risk_and_opt_out (test_exploration.ExplorationTests.test_pin_risk_and_opt_out) ... ok
test_planning_record_uses_plan_scorecard (test_exploration.ExplorationTests.test_planning_record_uses_plan_scorecard) ... ok
test_previous_exploration_forces_normal_retry (test_exploration.ExplorationTests.test_previous_exploration_forces_normal_retry) ... ok
test_runtime_models_count_toward_configured_stream_proof (test_exploration.ExplorationTests.test_runtime_models_count_toward_configured_stream_proof) ... ok
test_schedule_marks_exploration_and_records_choice (test_exploration.ExplorationTests.test_schedule_marks_exploration_and_records_choice) ... ok
test_start_persists_real_size_and_console_copy (test_exploration.ExplorationTests.test_start_persists_real_size_and_console_copy) ... ok
test_unpriced_free_candidate_precedes_priced_paid_candidate (test_exploration.ExplorationTests.test_unpriced_free_candidate_precedes_priced_paid_candidate) ... ok
test_kilo_session_not_found_uses_fresh_run_fallback (test_finalize.ResumeNudgeTests.test_kilo_session_not_found_uses_fresh_run_fallback) ... ok
test_network_error_resumes_cline_on_exit_1 (test_finalize.ResumeNudgeTests.test_network_error_resumes_cline_on_exit_1) ... ok
test_network_error_resumes_kilo_on_exit_1 (test_finalize.ResumeNudgeTests.test_network_error_resumes_kilo_on_exit_1) ... ok
test_quota_error_does_not_resume (test_finalize.ResumeNudgeTests.test_quota_error_does_not_resume) ... ok
test_resume_env_includes_fence_epoch_and_gh_overlay (test_finalize.ResumeNudgeTests.test_resume_env_includes_fence_epoch_and_gh_overlay) ... ok
test_resume_writes_prompt_file_with_stdin_redirection (test_finalize.ResumeNudgeTests.test_resume_writes_prompt_file_with_stdin_redirection) ... ok
test_two_resume_cap (test_finalize.ResumeNudgeTests.test_two_resume_cap) ... ok
test_a_real_stop_keeps_its_own_handoff (test_finalize.RunTests.test_a_real_stop_keeps_its_own_handoff) ... ok
test_ambiguous_delivery_reconciles_marker_before_retry (test_finalize.RunTests.test_ambiguous_delivery_reconciles_marker_before_retry) ... ok
test_backfill_missing_history_and_delivery_retry (test_finalize.RunTests.test_backfill_missing_history_and_delivery_retry) ... ok
test_backfill_surviving_run_and_dry_run (test_finalize.RunTests.test_backfill_surviving_run_and_dry_run) ... ok
test_blocked_counts_attempt_and_preserves_reason (test_finalize.RunTests.test_blocked_counts_attempt_and_preserves_reason) ... ok
test_capacity_stops_preserve_fix_shipping_and_failure_budget (test_finalize.RunTests.test_capacity_stops_preserve_fix_shipping_and_failure_budget) ... ok
test_changed_no_work_evidence_starts_new_signature (test_finalize.RunTests.test_changed_no_work_evidence_starts_new_signature) ... ok
test_claim_during_snapshot_preserves_shipped_item (test_finalize.RunTests.test_claim_during_snapshot_preserves_shipped_item)
A separate CLI connection can preempt while the snapshot pushes. ... ok
test_claude_usage_and_quota_mirrors_to_opus_on_finalize (test_finalize.RunTests.test_claude_usage_and_quota_mirrors_to_opus_on_finalize) ... ok
test_cline_daily_cap_waits_until_the_named_reset_not_the_flat_backoff (test_finalize.RunTests.test_cline_daily_cap_waits_until_the_named_reset_not_the_flat_backoff) ... ok
test_codex_named_model_rejection_does_not_spend_attempts (test_finalize.RunTests.test_codex_named_model_rejection_does_not_spend_attempts) ... ok
test_completed_build_keeps_session_identity (test_finalize.RunTests.test_completed_build_keeps_session_identity) ... ok
test_completed_fix_keeps_session_identity (test_finalize.RunTests.test_completed_fix_keeps_session_identity) ... ok
test_credit_alert_fires_once_after_a_day_and_recovery_pings_once (test_finalize.RunTests.test_credit_alert_fires_once_after_a_day_and_recovery_pings_once) ... ok
test_design_record_write_is_idempotent (test_finalize.RunTests.test_design_record_write_is_idempotent) ... ok
test_design_result_persists_by_pr_and_head_without_spending_attempts (test_finalize.RunTests.test_design_result_persists_by_pr_and_head_without_spending_attempts) ... ok
test_done_build_is_not_a_schedule_candidate (test_finalize.RunTests.test_done_build_is_not_a_schedule_candidate) ... ok
test_done_is_a_completed_build_not_a_failed_attempt (test_finalize.RunTests.test_done_is_a_completed_build_not_a_failed_attempt) ... ok
test_failed_exploration_preserves_attempt_and_escalation_budget (test_finalize.RunTests.test_failed_exploration_preserves_attempt_and_escalation_budget) ... ok
test_finalization_persists_raw_accounting (test_finalize.RunTests.test_finalization_persists_raw_accounting) ... ok
test_finalization_persists_requests_idempotently (test_finalize.RunTests.test_finalization_persists_requests_idempotently) ... ok
test_followup_disposition_is_accepted_when_valid (test_finalize.RunTests.test_followup_disposition_is_accepted_when_valid) ... ERROR
test_handoff_comment_failure_does_not_break_finalize (test_finalize.RunTests.test_handoff_comment_failure_does_not_break_finalize) ... ok
test_handoff_sets_ready_and_drops_lease_atomically (test_finalize.RunTests.test_handoff_sets_ready_and_drops_lease_atomically) ... ok
test_lost_lease_also_returns_to_ready (test_finalize.RunTests.test_lost_lease_also_returns_to_ready)
A run that lost its lease (D6: stolen or reaped elsewhere) hands ... ok
test_mid_run_provider_errors_preserve_budgets_only_for_capacity (test_finalize.RunTests.test_mid_run_provider_errors_preserve_budgets_only_for_capacity) ... ok
test_missing_tree_or_git_failure_does_not_count_as_no_work (test_finalize.RunTests.test_missing_tree_or_git_failure_does_not_count_as_no_work) ... ok
test_model_rejection_past_the_grace_period_is_a_normal_attempt (test_finalize.RunTests.test_model_rejection_past_the_grace_period_is_a_normal_attempt)
A model that ran a while before erroring is a different problem — ... ok
test_model_rejection_requires_failure_and_known_exit_time (test_finalize.RunTests.test_model_rejection_requires_failure_and_known_exit_time) ... ok
test_model_rejection_within_two_minutes_holds_without_spending_an_attempt (test_finalize.RunTests.test_model_rejection_within_two_minutes_holds_without_spending_an_attempt)
Issue #420: a fast model-rejection error is excluded, not a failed ... ok
test_needs_you_option_text_cut_to_forty_characters (test_finalize.RunTests.test_needs_you_option_text_cut_to_forty_characters) ... ok
test_needs_you_options_capped_at_three_and_blanks_dropped (test_finalize.RunTests.test_needs_you_options_capped_at_three_and_blanks_dropped) ... ok
test_needs_you_options_case_insensitive_marker (test_finalize.RunTests.test_needs_you_options_case_insensitive_marker) ... ok
test_needs_you_options_split_from_the_question (test_finalize.RunTests.test_needs_you_options_split_from_the_question) ... ok
test_needs_you_still_beats_done (test_finalize.RunTests.test_needs_you_still_beats_done) ... ok
test_needs_you_without_options_stores_the_whole_rest_as_the_question (test_finalize.RunTests.test_needs_you_without_options_stores_the_whole_rest_as_the_question) ... ok
test_no_change_done_review_pass_closes_without_pr_or_attempt_charge (test_finalize.RunTests.test_no_change_done_review_pass_closes_without_pr_or_attempt_charge) ... ok
test_no_credit_backs_off_without_spending_item_attempt (test_finalize.RunTests.test_no_credit_backs_off_without_spending_item_attempt) ... ok
test_no_status_line_is_still_a_failed_attempt (test_finalize.RunTests.test_no_status_line_is_still_a_failed_attempt) ... ok
test_no_work_guard_honors_closed_stale_dry_run_and_fix (test_finalize.RunTests.test_no_work_guard_honors_closed_stale_dry_run_and_fix) ... ok
test_no_work_guard_keeps_comment_receipt_when_ping_raises (test_finalize.RunTests.test_no_work_guard_keeps_comment_receipt_when_ping_raises) ... ok
test_no_work_guard_retries_failed_comment_without_duplicate_delivery (test_finalize.RunTests.test_no_work_guard_retries_failed_comment_without_duplicate_delivery) ... ok
test_pending_delivery_survives_owner_retry (test_finalize.RunTests.test_pending_delivery_survives_owner_retry) ... ok
test_preempted_without_active_session_returns_to_ready (test_finalize.RunTests.test_preempted_without_active_session_returns_to_ready) ... ok
test_probe_failure_or_unsaved_work_preserves_signature_and_tree (test_finalize.RunTests.test_probe_failure_or_unsaved_work_preserves_signature_and_tree) ... ok
test_remote_claim_and_ship_fences_late_sort_and_build (test_finalize.RunTests.test_remote_claim_and_ship_fences_late_sort_and_build) ... ok
test_repeated_no_work_parks_before_third_build_and_replay_is_quiet (test_finalize.RunTests.test_repeated_no_work_parks_before_third_build_and_replay_is_quiet) ... ok
test_replayed_partial_finalization_does_not_count_one_run_twice (test_finalize.RunTests.test_replayed_partial_finalization_does_not_count_one_run_twice) ... ok
test_saved_work_clears_no_work_signature (test_finalize.RunTests.test_saved_work_clears_no_work_signature) ... ok
test_session_identity_dry_run_does_not_write (test_finalize.RunTests.test_session_identity_dry_run_does_not_write) ... ok
test_slow_finalization_allows_separate_writer_and_preserves_new_epoch (test_finalize.RunTests.test_slow_finalization_allows_separate_writer_and_preserves_new_epoch)
Write while slow work is still on the stack, before it can return. ... ok
test_snapshot_failure_does_not_count_as_no_work (test_finalize.RunTests.test_snapshot_failure_does_not_count_as_no_work) ... ok
test_snapshot_failure_keeps_the_worktree_and_still_ends_the_run (test_finalize.RunTests.test_snapshot_failure_keeps_the_worktree_and_still_ends_the_run) ... ok
test_stale_build_cannot_overwrite_an_interactive_claim_and_ship (test_finalize.RunTests.test_stale_build_cannot_overwrite_an_interactive_claim_and_ship)
The same sequence for a build: its YIELDED/preempted finish must not ... ok
test_stale_or_malformed_design_results_retry_in_verification (test_finalize.RunTests.test_stale_or_malformed_design_results_retry_in_verification) ... ok
test_stale_setup_failure_cannot_overwrite_claim_and_ship (test_finalize.RunTests.test_stale_setup_failure_cannot_overwrite_claim_and_ship)
Exit 97 is normal finalization too: a superseded run records its ... ok
test_stale_sort_cannot_overwrite_an_interactive_claim_and_ship (test_finalize.RunTests.test_stale_sort_cannot_overwrite_an_interactive_claim_and_ship)
phish-in#533: sort in flight -> interactive claim -> ship -> sort ... ok
test_stop_and_hand_off_returns_to_ready_with_no_attempt (test_finalize.RunTests.test_stop_and_hand_off_returns_to_ready_with_no_attempt)
A run stopped from the console (mahler#252) is a handoff, not a ... ok
test_successful_exploration_ships_as_usual (test_finalize.RunTests.test_successful_exploration_ships_as_usual) ... ok
test_successful_model_error_fix_ships_without_a_hold (test_finalize.RunTests.test_successful_model_error_fix_ships_without_a_hold) ... ok
test_terminal_run_failure_comments_and_backfill_are_idempotent (test_finalize.RunTests.test_terminal_run_failure_comments_and_backfill_are_idempotent) ... ok
test_variant_model_rejection_does_not_hold_sibling (test_finalize.RunTests.test_variant_model_rejection_does_not_hold_sibling) ... ok
test_variant_quota_backoff_blocks_siblings_until_expiry (test_finalize.RunTests.test_variant_quota_backoff_blocks_siblings_until_expiry) ... ok
test_verify_failure_records_actual_output (test_finalize.RunTests.test_verify_failure_records_actual_output) ... ok
test_yielded_hands_to_live_interactive_session (test_finalize.RunTests.test_yielded_hands_to_live_interactive_session) ... ok
test_yielded_returns_to_ready_without_counting_failure (test_finalize.RunTests.test_yielded_returns_to_ready_without_counting_failure) ... ok
test_clean_merge_with_changed_patch_does_not_preserve_review (test_gh.ReviewedBranchUpdateTests.test_clean_merge_with_changed_patch_does_not_preserve_review) ... ok
test_clean_update_preserves_exact_patch_and_checkout (test_gh.ReviewedBranchUpdateTests.test_clean_update_preserves_exact_patch_and_checkout) ... ok
test_conflict_keeps_remote_head (test_gh.ReviewedBranchUpdateTests.test_conflict_keeps_remote_head) ... ok
test_lost_lease_and_concurrent_push_leave_remote_untouched (test_gh.ReviewedBranchUpdateTests.test_lost_lease_and_concurrent_push_leave_remote_untouched) ... ok
test_missing_target_and_changed_head_fail_closed (test_gh.ReviewedBranchUpdateTests.test_missing_target_and_changed_head_fail_closed) ... ok
test_artifact_url_is_commit_pinned (test_gh.TestGH.test_artifact_url_is_commit_pinned) ... ok
test_blocked_by_of_empty_single_and_multiple (test_gh.TestGH.test_blocked_by_of_empty_single_and_multiple) ... ok
test_blocking_of_empty_single_and_multiple (test_gh.TestGH.test_blocking_of_empty_single_and_multiple) ... ok
test_branch_sha (test_gh.TestGH.test_branch_sha) ... ok
test_comment_appends_footer_for_agent (test_gh.TestGH.test_comment_appends_footer_for_agent) ... ok
test_comment_does_not_append_footer_for_human (test_gh.TestGH.test_comment_does_not_append_footer_for_human) ... ok
test_comment_does_not_append_footer_if_already_present (test_gh.TestGH.test_comment_does_not_append_footer_if_already_present) ... ok
test_get_release_found (test_gh.TestGH.test_get_release_found) ... ok
test_get_release_not_found (test_gh.TestGH.test_get_release_not_found) ... ok
test_get_release_other_error_raises (test_gh.TestGH.test_get_release_other_error_raises) ... ok
test_get_tag_sha_annotated_tag (test_gh.TestGH.test_get_tag_sha_annotated_tag) ... ok
test_get_tag_sha_commit (test_gh.TestGH.test_get_tag_sha_commit) ... ok
test_get_tag_sha_not_found (test_gh.TestGH.test_get_tag_sha_not_found) ... ok
test_latest_release_missing_returns_none (test_gh.TestGH.test_latest_release_missing_returns_none) ... ok
test_latest_release_resolves_checkpoint_sha (test_gh.TestGH.test_latest_release_resolves_checkpoint_sha) ... ok
test_open_issues_batches_relationships_for_both_directions (test_gh.TestGH.test_open_issues_batches_relationships_for_both_directions) ... ok
test_open_issues_grows_limit_until_complete (test_gh.TestGH.test_open_issues_grows_limit_until_complete) ... ok
test_pr_body_appends_footer (test_gh.TestGH.test_pr_body_appends_footer) ... ok
test_pr_body_with_needs (test_gh.TestGH.test_pr_body_with_needs) ... ok
test_pr_ci_toolchain_files_filters_changed_paths (test_gh.TestGH.test_pr_ci_toolchain_files_filters_changed_paths) ... ok
test_publish_artifacts_advances_without_force_and_reuses_head (test_gh.TestGH.test_publish_artifacts_advances_without_force_and_reuses_head) ... ok
test_publish_artifacts_creates_orphan_branch_without_other_refs (test_gh.TestGH.test_publish_artifacts_creates_orphan_branch_without_other_refs) ... ok
test_publish_artifacts_refuses_application_branches (test_gh.TestGH.test_publish_artifacts_refuses_application_branches) ... ok
test_refresh_mergeability_scoped_get_and_errors (test_gh.TestGH.test_refresh_mergeability_scoped_get_and_errors) ... ok
test_release_create (test_gh.TestGH.test_release_create) ... ok
test_screenshot_discovery_bound_and_exact_query (test_gh.TestGH.test_screenshot_discovery_bound_and_exact_query) ... ok
test_screenshot_preview_filters_and_newest_status (test_gh.TestGH.test_screenshot_preview_filters_and_newest_status) ... ok
test_shipped_label_replaces_closed_issue_state_and_exists_on_old_repos (test_gh.TestGH.test_shipped_label_replaces_closed_issue_state_and_exists_on_old_repos) ... ok
test_exact_marker_across_pages_and_closed_issues (test_gh.TestReviewMarkerLookup.test_exact_marker_across_pages_and_closed_issues) ... ok
test_command_error_redacts_actual_token (test_github_app.ClientTests.test_command_error_redacts_actual_token) ... ok
test_every_call_resolves_fresh_token_without_mutating_base (test_github_app.ClientTests.test_every_call_resolves_fresh_token_without_mutating_base) ... ok
test_git_credential_resolution_uses_app_instead_of_saved_helper (test_github_app.ClientTests.test_git_credential_resolution_uses_app_instead_of_saved_helper) ... ok
test_inherit_fallback_and_app_failure (test_github_app.ClientTests.test_inherit_fallback_and_app_failure) ... ok
test_push_direct_subprocess_uses_git_credentials_without_app_token (test_github_app.ClientTests.test_push_direct_subprocess_uses_git_credentials_without_app_token) ... ok
test_canonical_private_key_path_takes_precedence (test_github_app.ConfigTests.test_canonical_private_key_path_takes_precedence) ... ok
test_global_and_project_selection (test_github_app.ConfigTests.test_global_and_project_selection) ... ok
test_incomplete_or_invalid_configuration_fails_without_values (test_github_app.ConfigTests.test_incomplete_or_invalid_configuration_fails_without_values) ... ok
test_invalid_canonical_private_key_path_keeps_existing_error (test_github_app.ConfigTests.test_invalid_canonical_private_key_path_keeps_existing_error) ... ok
test_load_validates_app_config (test_github_app.ConfigTests.test_load_validates_app_config) ... ok
test_private_key_typo_has_secret_safe_hint (test_github_app.ConfigTests.test_private_key_typo_has_secret_safe_hint) ... ok
test_bad_cache_is_replaced (test_github_app.InstallationTests.test_bad_cache_is_replaced) ... ok
test_cache_is_private_atomic_and_installation_scoped (test_github_app.InstallationTests.test_cache_is_private_atomic_and_installation_scoped) ... ok
test_disk_reuse_and_early_refresh (test_github_app.InstallationTests.test_disk_reuse_and_early_refresh) ... ok
test_http_and_cache_errors_are_safe_and_fail_closed (test_github_app.InstallationTests.test_http_and_cache_errors_are_safe_and_fail_closed) ... ok
test_jwt_and_exchange (test_github_app.InstallationTests.test_jwt_and_exchange) ... ok
test_signing_errors_never_expose_path_or_output (test_github_app.InstallationTests.test_signing_errors_never_expose_path_or_output) ... ok
test_symlink_cache_rejected (test_github_app.InstallationTests.test_symlink_cache_rejected) ... ok
test_claude_and_copilot_lists_render_the_same_stems (test_guardrails.TestGuardrails.test_claude_and_copilot_lists_render_the_same_stems) ... ok
test_claude_argv_carries_the_full_deny_list (test_guardrails.TestGuardrails.test_claude_argv_carries_the_full_deny_list) ... ok
test_copilot_argv_denies_the_same_stems (test_guardrails.TestGuardrails.test_copilot_argv_denies_the_same_stems) ... ok
test_deny_stems_cover_the_destructive_list (test_guardrails.TestGuardrails.test_deny_stems_cover_the_destructive_list) ... ok
test_flagless_platforms_still_build_argv (test_guardrails.TestGuardrails.test_flagless_platforms_still_build_argv) ... ok
test_clear_removes_only_target_hold_rows_and_resets_keys (test_holds.HoldTests.test_clear_removes_only_target_hold_rows_and_resets_keys) ... ok
test_dry_run_lists_hold_without_mutating_or_event (test_holds.HoldTests.test_dry_run_lists_hold_without_mutating_or_event) ... ok
test_metered_real_readings_survive (test_holds.HoldTests.test_metered_real_readings_survive) ... ok
test_unhold_without_explicit_hold_does_not_clear_backoff (test_holds.HoldTests.test_unhold_without_explicit_hold_does_not_clear_backoff) ... ok
test_unknown_platform_is_refused (test_holds.HoldTests.test_unknown_platform_is_refused) ... ok
test_hooks_command (test_hooks.TestHooks.test_hooks_command) ... ok
test_merge_fence_logic (test_hooks.TestHooks.test_merge_fence_logic) ... ok
test_watchdog_creates_yield_file (test_hooks.TestHooks.test_watchdog_creates_yield_file) ... ok
test_yield_hook_logic (test_hooks.TestHooks.test_yield_hook_logic) ... ok
test_claim_grants_interactive_lease_with_policy_ttl (test_hooks.TestInteractiveLeaseCommands.test_claim_grants_interactive_lease_with_policy_ttl) ... ok
test_heartbeat_renews_own_lease_and_refuses_a_taken_over_one (test_hooks.TestInteractiveLeaseCommands.test_heartbeat_renews_own_lease_and_refuses_a_taken_over_one) ... ok
test_lease_check_reads_the_run_env_and_allows_outside (test_hooks.TestInteractiveLeaseCommands.test_lease_check_reads_the_run_env_and_allows_outside) ... ok
test_release_hands_the_item_back (test_hooks.TestInteractiveLeaseCommands.test_release_hands_the_item_back) ... ok
test_claim_nudges_about_another_active_session (test_hooks.TestSessionIdentity.test_claim_nudges_about_another_active_session) ... ok
test_default_holder_uses_the_session_id (test_hooks.TestSessionIdentity.test_default_holder_uses_the_session_id) ... ok
test_other_interactive_holders_excludes_self_and_expired (test_hooks.TestSessionIdentity.test_other_interactive_holders_excludes_self_and_expired) ... ok
test_session_start_script_flags_other_sessions (test_hooks.TestSessionIdentity.test_session_start_script_flags_other_sessions) ... ok
test_sweep_fetches_and_deletes_with_the_project_s_account_env (test_janitor.AccountEnvTests.test_sweep_fetches_and_deletes_with_the_project_s_account_env) ... ok
test_dry_run_reports_without_deleting (test_janitor.BehaviorTests.test_dry_run_reports_without_deleting) ... ok
test_log_rotation_failure_is_reported_without_preventing_sweep (test_janitor.BehaviorTests.test_log_rotation_failure_is_reported_without_preventing_sweep) ... ok
test_missing_log_is_reported_without_preventing_sweep (test_janitor.BehaviorTests.test_missing_log_is_reported_without_preventing_sweep) ... ok
test_never_raises_over_an_unreachable_project (test_janitor.BehaviorTests.test_never_raises_over_an_unreachable_project) ... ok
test_runs_once_a_day (test_janitor.BehaviorTests.test_runs_once_a_day) ... ok
test_non_mahler_branches_are_strictly_untouched (test_janitor.BranchTests.test_non_mahler_branches_are_strictly_untouched) ... ok
test_old_abandoned_branch_of_closed_item_deleted (test_janitor.BranchTests.test_old_abandoned_branch_of_closed_item_deleted) ... ok
test_old_snapshot_branch_of_closed_item_deleted (test_janitor.BranchTests.test_old_snapshot_branch_of_closed_item_deleted) ... ok
test_old_snapshot_branch_of_open_item_kept (test_janitor.BranchTests.test_old_snapshot_branch_of_open_item_kept) ... ok
test_recent_snapshot_branch_kept (test_janitor.BranchTests.test_recent_snapshot_branch_kept) ... ok
test_snapshot_branch_without_a_ledger_item_kept (test_janitor.BranchTests.test_snapshot_branch_without_a_ledger_item_kept) ... ok
test_current_item_branch_kept (test_janitor.FixBranchTests.test_current_item_branch_kept) ... ok
test_delete_guard_rejects_unproven_and_unrelated_refs (test_janitor.FixBranchTests.test_delete_guard_rejects_unproven_and_unrelated_refs) ... ok
test_deletion_cap_and_subsequent_sweep (test_janitor.FixBranchTests.test_deletion_cap_and_subsequent_sweep) ... ok
test_dry_run_keeps_fix_branch (test_janitor.FixBranchTests.test_dry_run_keeps_fix_branch) ... ok
test_ended_contained_in_item_branch_deleted (test_janitor.FixBranchTests.test_ended_contained_in_item_branch_deleted) ... ok
test_ended_contained_in_main_deleted (test_janitor.FixBranchTests.test_ended_contained_in_main_deleted) ... ok
test_failed_fetch_does_not_use_stale_refs (test_janitor.FixBranchTests.test_failed_fetch_does_not_use_stale_refs) ... ok
test_failed_pr_fetch_does_not_fall_back_to_old_branch (test_janitor.FixBranchTests.test_failed_pr_fetch_does_not_fall_back_to_old_branch) ... ok
test_pr_head_contains_ancestor_and_equal_tips (test_janitor.FixBranchTests.test_pr_head_contains_ancestor_and_equal_tips) ... ok
test_remote_tip_race_is_rejected (test_janitor.FixBranchTests.test_remote_tip_race_is_rejected) ... ok
test_unended_unknown_and_mismatched_runs_kept (test_janitor.FixBranchTests.test_unended_unknown_and_mismatched_runs_kept) ... ok
test_unique_commits_kept_and_reported (test_janitor.FixBranchTests.test_unique_commits_kept_and_reported) ... ok
test_clean_and_behind_fast_forwards_and_records_event (test_janitor.PrimaryCheckoutTests.test_clean_and_behind_fast_forwards_and_records_event) ... ok
test_diverged_checkout_is_untouched (test_janitor.PrimaryCheckoutTests.test_diverged_checkout_is_untouched) ... ok
test_git_failure_does_not_raise (test_janitor.PrimaryCheckoutTests.test_git_failure_does_not_raise) ... ok
test_merge_in_progress_is_untouched (test_janitor.PrimaryCheckoutTests.test_merge_in_progress_is_untouched) ... ok
test_other_branch_is_untouched (test_janitor.PrimaryCheckoutTests.test_other_branch_is_untouched) ... ok
test_tracked_change_is_untouched (test_janitor.PrimaryCheckoutTests.test_tracked_change_is_untouched) ... ok
test_untracked_file_is_kept_while_checkout_fast_forwards (test_janitor.PrimaryCheckoutTests.test_untracked_file_is_kept_while_checkout_fast_forwards) ... ok
test_at_or_below_cap_is_unchanged (test_janitor.ServeLogRotationTests.test_at_or_below_cap_is_unchanged) ... ok
test_defaults_set_a_five_megabyte_cap_and_keep_five (test_janitor.ServeLogRotationTests.test_defaults_set_a_five_megabyte_cap_and_keep_five) ... ok
test_invalid_limits_fail_before_touching_the_log (test_janitor.ServeLogRotationTests.test_invalid_limits_fail_before_touching_the_log) ... ok
test_over_cap_is_copied_and_live_inode_truncated (test_janitor.ServeLogRotationTests.test_over_cap_is_copied_and_live_inode_truncated) ... ok
test_retention_deletes_only_oldest_matching_rotations (test_janitor.ServeLogRotationTests.test_retention_deletes_only_oldest_matching_rotations) ... ok
test_retention_is_enforced_when_live_log_is_below_cap (test_janitor.ServeLogRotationTests.test_retention_is_enforced_when_live_log_is_below_cap) ... ok
test_same_day_rotation_uses_first_available_numeric_suffix (test_janitor.ServeLogRotationTests.test_same_day_rotation_uses_first_available_numeric_suffix) ... ok
test_active_run_worktree_never_touched (test_janitor.WorktreeTests.test_active_run_worktree_never_touched) ... ok
test_dirs_without_an_ended_run_row_are_kept (test_janitor.WorktreeTests.test_dirs_without_an_ended_run_row_are_kept) ... ok
test_ended_run_worktree_removed_with_its_branch (test_janitor.WorktreeTests.test_ended_run_worktree_removed_with_its_branch) ... ok
test_launch_failed_run_never_deletes_canonical_branch (test_janitor.WorktreeTests.test_launch_failed_run_never_deletes_canonical_branch) ... ok
test_launch_failed_run_without_ledger_worktree_is_removed_with_only_own_branch (test_janitor.WorktreeTests.test_launch_failed_run_without_ledger_worktree_is_removed_with_only_own_branch) ... ok
test_recently_ended_run_kept (test_janitor.WorktreeTests.test_recently_ended_run_kept) ... ok
test_stale_admin_entry_is_pruned (test_janitor.WorktreeTests.test_stale_admin_entry_is_pruned) ... ok
test_worktree_whose_ledger_path_does_not_match_is_kept (test_janitor.WorktreeTests.test_worktree_whose_ledger_path_does_not_match_is_kept) ... ok
test_console_breaker_not_duplicated_or_retained_by_snapshot (test_launch_health.LaunchHealthTests.test_console_breaker_not_duplicated_or_retained_by_snapshot) ... ok
test_console_global_breaker_without_pending_candidates (test_launch_health.LaunchHealthTests.test_console_global_breaker_without_pending_candidates) ... ok
test_console_project_breaker_empty_backlog_and_recovery (test_launch_health.LaunchHealthTests.test_console_project_breaker_empty_backlog_and_recovery) ... ok
test_direct_fix_start_is_held_without_claim_or_run (test_launch_health.LaunchHealthTests.test_direct_fix_start_is_held_without_claim_or_run) ... ok
test_global_trip_blocks_same_tick_persists_and_recovers (test_launch_health.LaunchHealthTests.test_global_trip_blocks_same_tick_persists_and_recovers) ... ok
test_history_bounded_and_signatures_normalized (test_launch_health.LaunchHealthTests.test_history_bounded_and_signatures_normalized) ... ok
test_launch_failure_cleans_prepared_worktree_and_run_branch (test_launch_health.LaunchHealthTests.test_launch_failure_cleans_prepared_worktree_and_run_branch) ... ok
test_project_failure_does_not_block_or_recover_from_other_project (test_launch_health.LaunchHealthTests.test_project_failure_does_not_block_or_recover_from_other_project) ... ok
test_real_row_runs_through_real_prompt (test_launch_health.LaunchHealthTests.test_real_row_runs_through_real_prompt) ... ok
test_success_breaks_global_failure_streak (test_launch_health.LaunchHealthTests.test_success_breaks_global_failure_streak) ... ok
test_cli_propagates_breaker_created_during_tick_before_ledger_closes (test_launch_health.LaunchRecoveryTests.test_cli_propagates_breaker_created_during_tick_before_ledger_closes) ... Test console running at http://127.0.0.1:64924
Launching agent on claude...

Test console running at http://127.0.0.1:64925
Launching agent on work-codex...

unknown platform nope
Hooks installed in /var/folders/1t/64hgdldx7td6j0m_3zn6drjh0000gn/T/tmpk9brj_mf/repo/.claude
Hooks installed in /var/folders/1t/64hgdldx7td6j0m_3zn6drjh0000gn/T/tmp5aj_sgyk/repo/.claude
Hooks installed in /var/folders/1t/64hgdldx7td6j0m_3zn6drjh0000gn/T/tmpi_7_zuiv/repo/.claude
Hooks installed in /var/folders/1t/64hgdldx7td6j0m_3zn6drjh0000gn/T/tmp1a1svftr/.claude
ok
test_exit_code_requires_global_breaker_and_different_valid_launch_head (test_launch_health.LaunchRecoveryTests.test_exit_code_requires_global_breaker_and_different_valid_launch_head) ... ok
test_failed_write_preserves_marker_and_successful_launch_recovery (test_launch_health.LaunchRecoveryTests.test_failed_write_preserves_marker_and_successful_launch_recovery) ... ok
test_git_failure_does_not_write_or_raise (test_launch_health.LaunchRecoveryTests.test_git_failure_does_not_write_or_raise) ... ok
test_state_default_honors_mahler_home_in_fresh_process (test_launch_health.LaunchRecoveryTests.test_state_default_honors_mahler_home_in_fresh_process) ... ok
test_success_records_full_app_head_atomically_only_when_changed (test_launch_health.LaunchRecoveryTests.test_success_records_full_app_head_atomically_only_when_changed) ... ok
test_ci_and_tests_still_gate_updates (test_launcher.LauncherTests.test_ci_and_tests_still_gate_updates) ... ok
test_dirty_checkout_blocks_candidate (test_launcher.LauncherTests.test_dirty_checkout_blocks_candidate) ... ok
test_explicit_fetch_updates_stale_ref_without_fetch_mapping (test_launcher.LauncherTests.test_explicit_fetch_updates_stale_ref_without_fetch_mapping) ... ok
test_failed_tick_and_rollback_checkout_are_logged (test_launcher.LauncherTests.test_failed_tick_and_rollback_checkout_are_logged) ... ok
test_fetch_failure (test_launcher.LauncherTests.test_fetch_failure) ... ok
test_git_lookup_and_restore_failures (test_launcher.LauncherTests.test_git_lookup_and_restore_failures) ... ok
test_launch_failure_rolls_back_immediately_and_waits_for_new_main (test_launcher.LauncherTests.test_launch_failure_rolls_back_immediately_and_waits_for_new_main) ... ok
test_missing_app_is_logged (test_launcher.LauncherTests.test_missing_app_is_logged) ... ok
test_missing_or_invalid_rollback_target_does_not_claim_success (test_launcher.LauncherTests.test_missing_or_invalid_rollback_target_does_not_claim_success) ... ok
test_two_crashes_record_bad_sha_and_prevent_reupdate (test_launcher.LauncherTests.test_two_crashes_record_bad_sha_and_prevent_reupdate) ... ok
test_update_decisions (test_launcher.LauncherTests.test_update_decisions) ... ok
test_migration_adds_capacity_table_and_preserves_runs_and_leases (test_ledger.CapacityMigrationTests.test_migration_adds_capacity_table_and_preserves_runs_and_leases) ... ok
test_clears_only_named_windows_of_one_platform (test_ledger.ClearUsageTests.test_clears_only_named_windows_of_one_platform) ... ok
test_no_windows_is_a_no_op (test_ledger.ClearUsageTests.test_no_windows_is_a_no_op) ... ok
test_close_is_idempotent_and_fences_further_use (test_ledger.CloseTests.test_close_is_idempotent_and_fences_further_use) ... ok
test_routed_ledger_closes_its_local_ledger (test_ledger.CloseTests.test_routed_ledger_closes_its_local_ledger) ... ok
test_capacity_column_is_added_to_legacy_databases (test_ledger.ConnectionTests.test_capacity_column_is_added_to_legacy_databases) ... ok
test_default_ledger_stays_main_thread_only (test_ledger.ConnectionTests.test_default_ledger_stays_main_thread_only) ... ok
test_thread_safe_ledger_serialized_access (test_ledger.ConnectionTests.test_thread_safe_ledger_serialized_access)
Multiple threads can use the ledger when access is serialized with a lock. ... ok
test_thread_safe_ledger_usable_from_another_thread (test_ledger.ConnectionTests.test_thread_safe_ledger_usable_from_another_thread)
thread_safe=True allows a connection to be used from another thread ... ok
test_queue_due_cancel_finish (test_ledger.ConsoleQueueTests.test_queue_due_cancel_finish) ... ok
test_existing_db_gets_indexes_at_startup (test_ledger.IndexTests.test_existing_db_gets_indexes_at_startup) ... ok
test_fresh_db_has_query_indexes (test_ledger.IndexTests.test_fresh_db_has_query_indexes) ... ok
test_planner_uses_index_for_active_runs (test_ledger.IndexTests.test_planner_uses_index_for_active_runs) ... ok
test_planner_uses_partial_index_for_recent_estimate_samples (test_ledger.IndexTests.test_planner_uses_partial_index_for_recent_estimate_samples) ... ok
test_reopening_is_idempotent (test_ledger.IndexTests.test_reopening_is_idempotent) ... ok
test_orphan_lease_rows_excludes_stopping_run (test_ledger.InvariantAndOrphanTests.test_orphan_lease_rows_excludes_stopping_run) ... ok
test_orphan_lease_rows_query (test_ledger.InvariantAndOrphanTests.test_orphan_lease_rows_query) ... ok
test_orphan_working_items_query (test_ledger.InvariantAndOrphanTests.test_orphan_working_items_query) ... ok
test_release_explicit_to_state_none_preserves_working (test_ledger.InvariantAndOrphanTests.test_release_explicit_to_state_none_preserves_working) ... ok
test_release_non_working_item_preserves_state (test_ledger.InvariantAndOrphanTests.test_release_non_working_item_preserves_state) ... ok
test_release_working_item_sets_ready_atomically (test_ledger.InvariantAndOrphanTests.test_release_working_item_sets_ready_atomically) ... ok
test_auto_cannot_take_from_interactive (test_ledger.LeaseTests.test_auto_cannot_take_from_interactive) ... ok
test_auto_vs_auto_never_double_assigns (test_ledger.LeaseTests.test_auto_vs_auto_never_double_assigns) ... ok
test_burst_lines_migrate_and_survive_reopen (test_ledger.LeaseTests.test_burst_lines_migrate_and_survive_reopen) ... ok
test_capacity_is_checked_atomically_across_items (test_ledger.LeaseTests.test_capacity_is_checked_atomically_across_items) ... ok
test_completion_evidence_is_atomic_idempotent_and_preserves_failure (test_ledger.LeaseTests.test_completion_evidence_is_atomic_idempotent_and_preserves_failure) ... ok
test_configured_model_migrates_without_rewriting_runtime_history (test_ledger.LeaseTests.test_configured_model_migrates_without_rewriting_runtime_history) ... ok
test_epoch_fences_a_zombie (test_ledger.LeaseTests.test_epoch_fences_a_zombie) ... ok
test_expiry_frees_the_item (test_ledger.LeaseTests.test_expiry_frees_the_item) ... ok
test_exploration_flag_defaults_and_migrates (test_ledger.LeaseTests.test_exploration_flag_defaults_and_migrates) ... ok
test_external_lease_marker_migrates_existing_remote_holders (test_ledger.LeaseTests.test_external_lease_marker_migrates_existing_remote_holders) ... ok
test_handoff_fails_on_wrong_epoch (test_ledger.LeaseTests.test_handoff_fails_on_wrong_epoch) ... ok
test_handoff_releases_capacity_without_releasing_ownership (test_ledger.LeaseTests.test_handoff_releases_capacity_without_releasing_ownership) ... ok
test_handoff_with_stale_epoch_is_refused (test_ledger.LeaseTests.test_handoff_with_stale_epoch_is_refused) ... ok
test_heartbeat_fails_on_wrong_epoch (test_ledger.LeaseTests.test_heartbeat_fails_on_wrong_epoch) ... ok
test_heartbeat_fails_on_wrong_holder (test_ledger.LeaseTests.test_heartbeat_fails_on_wrong_holder) ... ok
test_heartbeat_fails_when_lease_taken (test_ledger.LeaseTests.test_heartbeat_fails_when_lease_taken) ... ok
test_heartbeat_keeps_it_alive (test_ledger.LeaseTests.test_heartbeat_keeps_it_alive) ... ok
test_interactive_preempts_auto_and_flags_the_run (test_ledger.LeaseTests.test_interactive_preempts_auto_and_flags_the_run) ... ok
test_interactive_vs_interactive_needs_steal (test_ledger.LeaseTests.test_interactive_vs_interactive_needs_steal) ... ok
test_last_run_can_select_latest_builder_without_review (test_ledger.LeaseTests.test_last_run_can_select_latest_builder_without_review) ... ok
test_next_id_is_monotonic_and_respects_floor (test_ledger.LeaseTests.test_next_id_is_monotonic_and_respects_floor) ... ok
test_non_capacity_sort_does_not_occupy_project_slot (test_ledger.LeaseTests.test_non_capacity_sort_does_not_occupy_project_slot) ... ok
test_primary_lease_preempts_auto (test_ledger.LeaseTests.test_primary_lease_preempts_auto) ... ok
test_release_only_by_matching_holder (test_ledger.LeaseTests.test_release_only_by_matching_holder) ... ok
test_run_for_lease_requires_matching_project_number_and_platform (test_ledger.LeaseTests.test_run_for_lease_requires_matching_project_number_and_platform) ... ok
test_same_holder_renews_without_new_epoch (test_ledger.LeaseTests.test_same_holder_renews_without_new_epoch) ... ok
test_session_id_migrates_and_round_trips (test_ledger.LeaseTests.test_session_id_migrates_and_round_trips) ... ok
test_setup_failure_closes_connection_once_and_preserves_error (test_ledger.LedgerInitializationResourcesTests.test_setup_failure_closes_connection_once_and_preserves_error) ... ok
test_cadence_due (test_ledger.MaintenanceCheckpointTests.test_cadence_due) ... ok
test_first_run_is_due (test_ledger.MaintenanceCheckpointTests.test_first_run_is_due) ... ok
test_not_due (test_ledger.MaintenanceCheckpointTests.test_not_due) ... ok
test_project_and_pass_counters_do_not_leak (test_ledger.MaintenanceCheckpointTests.test_project_and_pass_counters_do_not_leak) ... ok
test_reset_then_not_due (test_ledger.MaintenanceCheckpointTests.test_reset_then_not_due) ... ok
test_shipped_event_increments_only_selected_passes (test_ledger.MaintenanceCheckpointTests.test_shipped_event_increments_only_selected_passes) ... ok
test_threshold_due (test_ledger.MaintenanceCheckpointTests.test_threshold_due) ... ok
test_defaults_cover_all_passes (test_ledger.MaintenanceConfigTests.test_defaults_cover_all_passes) ... ok
test_project_maintenance_partially_overrides_defaults (test_ledger.MaintenanceConfigTests.test_project_maintenance_partially_overrides_defaults) ... ok
test_project_maintenance_table_loads_from_toml (test_ledger.MaintenanceConfigTests.test_project_maintenance_table_loads_from_toml) ... ok
test_not_started_counts_respect_role_status_and_since (test_ledger.PlatformOutcomeTests.test_not_started_counts_respect_role_status_and_since) ... ok
test_outcome_not_started_recognizes_only_pre_agent_outcomes (test_ledger.PlatformOutcomeTests.test_outcome_not_started_recognizes_only_pre_agent_outcomes) ... ok
test_platform_escalations_reads_structured_detail (test_ledger.PlatformOutcomeTests.test_platform_escalations_reads_structured_detail) ... ok
test_platform_escalations_respects_since (test_ledger.PlatformOutcomeTests.test_platform_escalations_respects_since) ... ok
test_platform_escalations_skips_legacy_string_detail (test_ledger.PlatformOutcomeTests.test_platform_escalations_skips_legacy_string_detail) ... ok
test_platform_outcomes_all_launches_failed (test_ledger.PlatformOutcomeTests.test_platform_outcomes_all_launches_failed) ... ok
test_platform_outcomes_counts_done_and_needs_you (test_ledger.PlatformOutcomeTests.test_platform_outcomes_counts_done_and_needs_you) ... ok
test_platform_outcomes_ignores_sort_role (test_ledger.PlatformOutcomeTests.test_platform_outcomes_ignores_sort_role) ... ok
test_platform_outcomes_respects_since (test_ledger.PlatformOutcomeTests.test_platform_outcomes_respects_since) ... ok
test_platform_outcomes_separates_runs_that_never_started (test_ledger.PlatformOutcomeTests.test_platform_outcomes_separates_runs_that_never_started) ... ok
test_create_release_and_query_exact_items_after_later_shipments (test_ledger.ReleaseLedgerTests.test_create_release_and_query_exact_items_after_later_shipments) ... ok
test_existing_ledger_migrates_without_data_loss (test_ledger.ReleaseLedgerTests.test_existing_ledger_migrates_without_data_loss) ... ok
test_get_and_list_releases (test_ledger.ReleaseLedgerTests.test_get_and_list_releases) ... ok
test_nested_tx_commits_both (test_ledger.ReleaseLedgerTests.test_nested_tx_commits_both) ... ok
test_nested_tx_rollback_inner_preserves_outer (test_ledger.ReleaseLedgerTests.test_nested_tx_rollback_inner_preserves_outer) ... ok
test_partial_item_numbers_in_create_release (test_ledger.ReleaseLedgerTests.test_partial_item_numbers_in_create_release) ... ok
test_release_items_snapshot_and_idempotent_retries (test_ledger.ReleaseLedgerTests.test_release_items_snapshot_and_idempotent_retries) ... ok
test_endpoint_rejects_unknown_operation_and_disabled_project (test_ledger.RemoteLedgerTests.test_endpoint_rejects_unknown_operation_and_disabled_project) ... ok
test_malformed_success_response_is_also_closed (test_ledger.RemoteLedgerTests.test_malformed_success_response_is_also_closed) ... ok
test_remote_capacity_blocks_a_different_issue (test_ledger.RemoteLedgerTests.test_remote_capacity_blocks_a_different_issue) ... ok
test_remote_claim_remembers_epoch_after_release_without_rewinding (test_ledger.RemoteLedgerTests.test_remote_claim_remembers_epoch_after_release_without_rewinding) ... ok
test_remote_claim_uses_canonical_db_and_namespaced_holder (test_ledger.RemoteLedgerTests.test_remote_claim_uses_canonical_db_and_namespaced_holder) ... ok
test_remote_command_accepts_safe_argv_for_an_explicit_python (test_ledger.RemoteLedgerTests.test_remote_command_accepts_safe_argv_for_an_explicit_python) ... ok
test_remote_command_argv_rejects_shell_syntax_and_options (test_ledger.RemoteLedgerTests.test_remote_command_argv_rejects_shell_syntax_and_options) ... ok
test_remote_handoff_preserves_slot_and_fencing (test_ledger.RemoteLedgerTests.test_remote_handoff_preserves_slot_and_fencing) ... ok
test_remote_heartbeat_release_and_lease (test_ledger.RemoteLedgerTests.test_remote_heartbeat_release_and_lease) ... ok
test_remote_lease_never_uses_colliding_local_run_details (test_ledger.RemoteLedgerTests.test_remote_lease_never_uses_colliding_local_run_details) ... ok
test_remote_orphan_recovery_fails_closed_when_host_is_unavailable (test_ledger.RemoteLedgerTests.test_remote_orphan_recovery_fails_closed_when_host_is_unavailable) ... ok
test_remote_release_keeps_protocol_v1_state_compatibility (test_ledger.RemoteLedgerTests.test_remote_release_keeps_protocol_v1_state_compatibility) ... ok
test_remote_release_updates_only_the_callers_item_state (test_ledger.RemoteLedgerTests.test_remote_release_updates_only_the_callers_item_state) ... ok
test_remote_working_item_is_not_orphaned_while_canonical_lease_is_live (test_ledger.RemoteLedgerTests.test_remote_working_item_is_not_orphaned_while_canonical_lease_is_live) ... ok
test_status_rows_include_remote_working_lease (test_ledger.RemoteLedgerTests.test_status_rows_include_remote_working_lease) ... ok
test_transport_failure_is_closed_for_every_operation (test_ledger.RemoteLedgerTests.test_transport_failure_is_closed_for_every_operation) ... ok
test_unconfigured_project_stays_fully_local (test_ledger.RemoteLedgerTests.test_unconfigured_project_stays_fully_local) ... ok
test_old_run_schema_migrates_and_round_trips (test_ledger.RunAccountingMigrationTests.test_old_run_schema_migrates_and_round_trips) ... ok
test_fresh_schema_declares_every_migrated_column (test_ledger.SchemaDriftTests.test_fresh_schema_declares_every_migrated_column) ... ok
test_legacy_items_table_without_issue_body_is_migrated (test_ledger.SchemaDriftTests.test_legacy_items_table_without_issue_body_is_migrated) ... ok
test_legacy_items_table_without_question_or_options_is_migrated (test_ledger.SchemaDriftTests.test_legacy_items_table_without_question_or_options_is_migrated) ... ok
test_legacy_items_table_without_summary_is_migrated (test_ledger.SchemaDriftTests.test_legacy_items_table_without_summary_is_migrated) ... ok
test_legacy_uat_table_with_missing_columns_is_migrated (test_ledger.SchemaDriftTests.test_legacy_uat_table_with_missing_columns_is_migrated) ... ok
test_bump_counts_consecutively_and_reset_clears (test_ledger.SetupFailCounterTests.test_bump_counts_consecutively_and_reset_clears) ... ok
test_setup_fails_column_is_added_to_legacy_databases (test_ledger.SetupFailCounterTests.test_setup_fails_column_is_added_to_legacy_databases) ... ok
test_item_writes_reject_retired_or_unknown_states (test_ledger.StateTests.test_item_writes_reject_retired_or_unknown_states) ... ok
test_set_state_logs_transition (test_ledger.StateTests.test_set_state_logs_transition) ... ok
test_shipped_is_a_supported_state (test_ledger.StateTests.test_shipped_is_a_supported_state) ... ok
test_a_recorded_verdict_never_changes (test_ledger.UatTests.test_a_recorded_verdict_never_changes) ... ok
test_add_is_idempotent (test_ledger.UatTests.test_add_is_idempotent) ... ok
test_add_pending_and_verdict (test_ledger.UatTests.test_add_pending_and_verdict) ... ok
test_pending_uat_is_newest_first (test_ledger.UatTests.test_pending_uat_is_newest_first) ... ok
test_set_verdict_records_pass_and_fail (test_ledger.UatTests.test_set_verdict_records_pass_and_fail) ... ok
test_agy_stream_json (test_logtail.TestLogtail.test_agy_stream_json) ... ok
test_claude_stream_json (test_logtail.TestLogtail.test_claude_stream_json) ... ok
test_cline_json_lines (test_logtail.TestLogtail.test_cline_json_lines) ... ok
test_live_status_no_output (test_logtail.TestLogtail.test_live_status_no_output) ... ok
test_missing_file (test_logtail.TestLogtail.test_missing_file) ... ok
test_nested_inside_state (test_logtail.TestLogtail.test_nested_inside_state) ... ok
test_outside_state (test_logtail.TestLogtail.test_outside_state) ... ok
test_sibling_directory_sharing_prefix (test_logtail.TestLogtail.test_sibling_directory_sharing_prefix) ... ok
test_builtin_in_flight_blocks_custom (test_maintenance_queue.CustomMaintenanceQueueTests.test_builtin_in_flight_blocks_custom) ... ok
test_custom_issue_content_scope_and_checkpoint_reset (test_maintenance_queue.CustomMaintenanceQueueTests.test_custom_issue_content_scope_and_checkpoint_reset) ... ok
test_custom_throughput_trigger_uses_effective_passes (test_maintenance_queue.CustomMaintenanceQueueTests.test_custom_throughput_trigger_uses_effective_passes) ... ok
test_custom_title_dedupe_and_completion_cooldown (test_maintenance_queue.CustomMaintenanceQueueTests.test_custom_title_dedupe_and_completion_cooldown) ... ok
test_custom_title_in_flight_blocks_builtin (test_maintenance_queue.CustomMaintenanceQueueTests.test_custom_title_in_flight_blocks_builtin) ... ok
test_invalid_project_entry_does_not_block_other_project (test_maintenance_queue.CustomMaintenanceQueueTests.test_invalid_project_entry_does_not_block_other_project) ... ok
test_cadence_and_volume (test_maintenance_queue.EscapesQueueTests.test_cadence_and_volume) ... ok
test_cooldown_and_in_flight (test_maintenance_queue.EscapesQueueTests.test_cooldown_and_in_flight) ... ok
test_default_brief_interval_and_reset (test_maintenance_queue.EscapesQueueTests.test_default_brief_interval_and_reset) ... ok
test_explicit_pass_list_opts_out (test_maintenance_queue.EscapesQueueTests.test_explicit_pass_list_opts_out) ... ok
test_failure_preserves_interval_for_retry (test_maintenance_queue.EscapesQueueTests.test_failure_preserves_interval_for_retry) ... ok
test_first_pass_has_bounded_history (test_maintenance_queue.EscapesQueueTests.test_first_pass_has_bounded_history) ... ok
test_slow_filing_keeps_consecutive_review_intervals_contiguous (test_maintenance_queue.EscapesQueueTests.test_slow_filing_keeps_consecutive_review_intervals_contiguous) ... ok
test_cadence_and_throughput (test_maintenance_queue.GateCoverageQueueTests.test_cadence_and_throughput) ... ok
test_completed_audit_cooldown (test_maintenance_queue.GateCoverageQueueTests.test_completed_audit_cooldown) ... ok
test_default_first_run_brief_scope_and_checkpoint (test_maintenance_queue.GateCoverageQueueTests.test_default_first_run_brief_scope_and_checkpoint) ... ok
test_explicit_pass_list_opts_out (test_maintenance_queue.GateCoverageQueueTests.test_explicit_pass_list_opts_out) ... ok
test_open_audit_blocks_first_run (test_maintenance_queue.GateCoverageQueueTests.test_open_audit_blocks_first_run) ... ok
test_tests_brief_checks_upstream_contracts (test_maintenance_queue.GateCoverageQueueTests.test_tests_brief_checks_upstream_contracts) ... ok
test_all_passes_done_allows_new_pass (test_maintenance_queue.MaintenanceQueueTests.test_all_passes_done_allows_new_pass)
D20: only blocks while a pass is open; once all pass items are ... ok
test_closed_issue_with_matching_title_past_cooldown_allows_filing (test_maintenance_queue.MaintenanceQueueTests.test_closed_issue_with_matching_title_past_cooldown_allows_filing)
A completed issue with a matching title past cooldown allows filing. ... ok
test_closed_issue_with_matching_title_respects_cooldown (test_maintenance_queue.MaintenanceQueueTests.test_closed_issue_with_matching_title_respects_cooldown)
A completed issue with a matching title respects the cooldown window. ... ok
test_docs_pass_files_actionable_review (test_maintenance_queue.MaintenanceQueueTests.test_docs_pass_files_actionable_review) ... ok
test_dry_run_never_files (test_maintenance_queue.MaintenanceQueueTests.test_dry_run_never_files) ... ok
test_due_and_clear_of_cooldown (test_maintenance_queue.MaintenanceQueueTests.test_due_and_clear_of_cooldown) ... ok
test_due_but_already_open (test_maintenance_queue.MaintenanceQueueTests.test_due_but_already_open) ... ok
test_due_but_in_cooldown (test_maintenance_queue.MaintenanceQueueTests.test_due_but_in_cooldown) ... ok
test_due_but_open_issue_with_matching_title_and_no_pass_label (test_maintenance_queue.MaintenanceQueueTests.test_due_but_open_issue_with_matching_title_and_no_pass_label)
An open type:goal item with a title matching a pass title but no ... ok
test_every_pass_has_maintenance_text (test_maintenance_queue.MaintenanceQueueTests.test_every_pass_has_maintenance_text) ... ok
test_files_due_pass_and_resets (test_maintenance_queue.MaintenanceQueueTests.test_files_due_pass_and_resets) ... ok
test_filing_failure_allows_next_due_pass (test_maintenance_queue.MaintenanceQueueTests.test_filing_failure_allows_next_due_pass) ... ok
test_manual_pass_with_undone_parent_is_skipped (test_maintenance_queue.MaintenanceQueueTests.test_manual_pass_with_undone_parent_is_skipped)
A manual pass item whose parent is not done blocks re-filing that pass. ... ok
test_multiple_due_dry_run_names_one_and_preserves_checkpoints (test_maintenance_queue.MaintenanceQueueTests.test_multiple_due_dry_run_names_one_and_preserves_checkpoints) ... ok
test_not_due (test_maintenance_queue.MaintenanceQueueTests.test_not_due) ... ok
test_one_filing_per_project (test_maintenance_queue.MaintenanceQueueTests.test_one_filing_per_project) ... ok
test_one_pass_in_flight_blocks_all_passes (test_maintenance_queue.MaintenanceQueueTests.test_one_pass_in_flight_blocks_all_passes)
D20: if any pass:* item is open, no new passes are filed. ... ok
test_only_one_due_pass_files_and_other_waits_until_closed (test_maintenance_queue.MaintenanceQueueTests.test_only_one_due_pass_files_and_other_waits_until_closed) ... ok
test_open_issue_with_matching_title_case_and_whitespace_blocks_pass (test_maintenance_queue.MaintenanceQueueTests.test_open_issue_with_matching_title_case_and_whitespace_blocks_pass)
Title matching handles case and whitespace normalization. ... ok
test_open_issue_with_matching_title_of_another_pass_blocks_all_passes (test_maintenance_queue.MaintenanceQueueTests.test_open_issue_with_matching_title_of_another_pass_blocks_all_passes)
D20: an open manual issue matching Codebase Health blocks the due security pass. ... ok
test_open_pass_blocks_different_pass (test_maintenance_queue.MaintenanceQueueTests.test_open_pass_blocks_different_pass)
An open pass:health blocks filing the due pass:security. ... ok
test_open_pass_blocks_dry_run_too (test_maintenance_queue.MaintenanceQueueTests.test_open_pass_blocks_dry_run_too)
The in-flight guard applies even in dry-run. ... ok
test_pass_issue_carries_scope_label (test_maintenance_queue.MaintenanceQueueTests.test_pass_issue_carries_scope_label)
D20: when scope=label, the filed pass issue carries the project's ... ok
test_pass_issue_no_scope_label_when_scope_all (test_maintenance_queue.MaintenanceQueueTests.test_pass_issue_no_scope_label_when_scope_all)
When scope=all, no scope_label is added to the pass issue: the ... ok
test_pass_with_undone_parent_is_skipped (test_maintenance_queue.MaintenanceQueueTests.test_pass_with_undone_parent_is_skipped)
A pass item whose parent (e.g. a sub-issue split) isn't done yet ... ok
test_add_item (test_mcp.TestMCP.test_add_item) ... ok
test_claim_and_release (test_mcp.TestMCP.test_claim_and_release) ... ok
test_handoff (test_mcp.TestMCP.test_handoff) ... ok
test_initialize (test_mcp.TestMCP.test_initialize) ... ok
test_list_items (test_mcp.TestMCP.test_list_items) ... ok
test_tools_list (test_mcp.TestMCP.test_tools_list) ... ok
test_all_roles_and_fallback_order (test_measured_routing.MeasuredRoutingTests.test_all_roles_and_fallback_order) ... ok
test_burst_is_stable_after_measurement (test_measured_routing.MeasuredRoutingTests.test_burst_is_stable_after_measurement) ... ok
test_burst_still_promotes_paid_claude_ahead_of_free_class (test_measured_routing.MeasuredRoutingTests.test_burst_still_promotes_paid_claude_ahead_of_free_class) ... ok
test_console_explains_measured_routes (test_measured_routing.MeasuredRoutingTests.test_console_explains_measured_routes) ... ok
test_console_measured_routes_without_installed_clis (test_measured_routing.MeasuredRoutingTests.test_console_measured_routes_without_installed_clis) ... ok
test_context_reuses_empty_scorecard (test_measured_routing.MeasuredRoutingTests.test_context_reuses_empty_scorecard) ... ok
test_cost_class_defaults_and_explicit_override (test_measured_routing.MeasuredRoutingTests.test_cost_class_defaults_and_explicit_override) ... ok
test_cost_class_validation (test_measured_routing.MeasuredRoutingTests.test_cost_class_validation) ... ok
test_direct_pick_promotes_burst_after_account_merge (test_measured_routing.MeasuredRoutingTests.test_direct_pick_promotes_burst_after_account_merge) ... ok
test_dry_run_routes_free_ahead_of_paid_at_every_size (test_measured_routing.MeasuredRoutingTests.test_dry_run_routes_free_ahead_of_paid_at_every_size) ... ok
test_filters_pin_and_effective_size (test_measured_routing.MeasuredRoutingTests.test_filters_pin_and_effective_size) ... ok
test_list_mode_and_project_override (test_measured_routing.MeasuredRoutingTests.test_list_mode_and_project_override) ... ok
test_mode_validation (test_measured_routing.MeasuredRoutingTests.test_mode_validation) ... ok
test_priority_review_falls_back_to_measured_build_route (test_measured_routing.MeasuredRoutingTests.test_priority_review_falls_back_to_measured_build_route) ... ok
test_proven_free_variants_still_order_by_cost_per_success (test_measured_routing.MeasuredRoutingTests.test_proven_free_variants_still_order_by_cost_per_success) ... ok
test_review_excludes_every_variant_on_the_builder_slot (test_measured_routing.MeasuredRoutingTests.test_review_excludes_every_variant_on_the_builder_slot) ... ok
test_tick_reuses_snapshot_across_schedule_ship_and_digest (test_measured_routing.MeasuredRoutingTests.test_tick_reuses_snapshot_across_schedule_ship_and_digest) ... ok
test_unproven_and_below_keep_list_order (test_measured_routing.MeasuredRoutingTests.test_unproven_and_below_keep_list_order) ... ok
test_unproven_free_precedes_proven_cheap_paid (test_measured_routing.MeasuredRoutingTests.test_unproven_free_precedes_proven_cheap_paid) ... ok
test_base_drift_discards_verdict_and_launches_new_review (test_no_change.ClaimTests.test_base_drift_discards_verdict_and_launches_new_review) ... ok
test_base_drift_during_comment_prevents_closure (test_no_change.ClaimTests.test_base_drift_during_comment_prevents_closure) ... ok
test_capacity_waits_and_launch_reuses_independent_route (test_no_change.ClaimTests.test_capacity_waits_and_launch_reuses_independent_route) ... ok
test_fail_charges_once_and_returns_to_build (test_no_change.ClaimTests.test_fail_charges_once_and_returns_to_build) ... ok
test_interrupted_launch_is_bounded_and_active_run_is_not_relaunched (test_no_change.ClaimTests.test_interrupted_launch_is_bounded_and_active_run_is_not_relaunched) ... ok
test_invalid_verdicts_are_bounded_without_build_attempts (test_no_change.ClaimTests.test_invalid_verdicts_are_bounded_without_build_attempts) ... ok
test_lease_change_during_github_read_prevents_closure (test_no_change.ClaimTests.test_lease_change_during_github_read_prevents_closure) ... ok
test_manual_pass_parks_durable_checks (test_no_change.ClaimTests.test_manual_pass_parks_durable_checks) ... ok
test_pass_closes_once_without_shipping_or_attempts (test_no_change.ClaimTests.test_pass_closes_once_without_shipping_or_attempts) ... ok
test_restart_after_comment_or_close_failure_is_retryable (test_no_change.ClaimTests.test_restart_after_comment_or_close_failure_is_retryable) ... ok
test_run_and_epoch_fence_and_replayed_verdict (test_no_change.ClaimTests.test_run_and_epoch_fence_and_replayed_verdict) ... ok
test_unconfirmed_closure_stays_retryable (test_no_change.ClaimTests.test_unconfirmed_closure_stays_retryable) ... ok
test_curly_quotes_and_ellipsis (test_notify.TestAsciiTitle.test_curly_quotes_and_ellipsis) ... ok
test_em_dash_becomes_hyphen (test_notify.TestAsciiTitle.test_em_dash_becomes_hyphen) ... ok
test_en_dash_becomes_hyphen (test_notify.TestAsciiTitle.test_en_dash_becomes_hyphen) ... ok
test_plain_ascii_untouched (test_notify.TestAsciiTitle.test_plain_ascii_untouched) ... ok
test_unmapped_non_ascii_still_falls_back_to_question_mark (test_notify.TestAsciiTitle.test_unmapped_non_ascii_still_falls_back_to_question_mark) ... ok
test_high_priority_sends_to_both_topics_when_topic_high_configured (test_notify.TestSend.test_high_priority_sends_to_both_topics_when_topic_high_configured) ... ok
test_high_priority_without_topic_high_only_sends_to_main_topic (test_notify.TestSend.test_high_priority_without_topic_high_only_sends_to_main_topic) ... ok
test_no_topic_configured_is_a_noop (test_notify.TestSend.test_no_topic_configured_is_a_noop) ... ok
test_non_high_priority_only_sends_to_main_topic (test_notify.TestSend.test_non_high_priority_only_sends_to_main_topic) ... ok
test_only_topic_high_configured_high_priority_sends (test_notify.TestSend.test_only_topic_high_configured_high_priority_sends) ... ok
test_only_topic_high_configured_non_high_priority_noop (test_notify.TestSend.test_only_topic_high_configured_non_high_priority_noop) ... ok
test_title_header_is_ascii_with_hyphen (test_notify.TestSend.test_title_header_is_ascii_with_hyphen) ... ok
test_db_migration_from_tracking (test_parent_state.ParentStateTests.test_db_migration_from_tracking) ... ok
test_gh_label_mapping (test_parent_state.ParentStateTests.test_gh_label_mapping) ... ok
test_restart_preserves_shipped_and_done (test_parent_state.ParentStateTests.test_restart_preserves_shipped_and_done) ... ok
test_set_state_parent (test_parent_state.ParentStateTests.test_set_state_parent) ... ok
test_states_membership (test_parent_state.ParentStateTests.test_states_membership) ... ok
test_body_includes_all_sections_and_no_traceback (test_platform_audit.BuildBodyTests.test_body_includes_all_sections_and_no_traceback) ... ok
test_cycle_has_no_via_suffix (test_platform_audit.BuildBodyTests.test_cycle_has_no_via_suffix) ... ok
test_derived_platform_row_shows_via_base (test_platform_audit.BuildBodyTests.test_derived_platform_row_shows_via_base) ... ok
test_historical_names_keep_counts_without_changing_tier_comparisons (test_platform_audit.BuildBodyTests.test_historical_names_keep_counts_without_changing_tier_comparisons) ... ok
test_launch_failures_are_visible_without_hiding_inversion (test_platform_audit.BuildBodyTests.test_launch_failures_are_visible_without_hiding_inversion) ... ok
test_no_historical_names_collapses_to_one_line (test_platform_audit.BuildBodyTests.test_no_historical_names_collapses_to_one_line) ... ok
test_platform_with_own_date_has_no_via_suffix (test_platform_audit.BuildBodyTests.test_platform_with_own_date_has_no_via_suffix) ... ok
test_policy_defaults_and_overrides_reach_comparison (test_platform_audit.BuildBodyTests.test_policy_defaults_and_overrides_reach_comparison) ... ok
test_base_also_missing_date_still_flags (test_platform_audit.DerivedPlatformInheritanceTests.test_base_also_missing_date_still_flags) ... ok
test_derived_platform_inherits_base_date (test_platform_audit.DerivedPlatformInheritanceTests.test_derived_platform_inherits_base_date) ... ok
test_from_cycle_does_not_raise_and_reports_no_date (test_platform_audit.DerivedPlatformInheritanceTests.test_from_cycle_does_not_raise_and_reports_no_date) ... ok
test_inherited_staleness_fires_when_base_is_old (test_platform_audit.DerivedPlatformInheritanceTests.test_inherited_staleness_fires_when_base_is_old) ... ok
test_own_date_takes_precedence_over_base_date (test_platform_audit.DerivedPlatformInheritanceTests.test_own_date_takes_precedence_over_base_date) ... ok
test_root_platform_none_for_non_derived_platform (test_platform_audit.DerivedPlatformInheritanceTests.test_root_platform_none_for_non_derived_platform) ... ok
test_root_platform_none_for_unknown_platform (test_platform_audit.DerivedPlatformInheritanceTests.test_root_platform_none_for_unknown_platform) ... ok
test_two_hop_chain_resolves_to_root_date (test_platform_audit.DerivedPlatformInheritanceTests.test_two_hop_chain_resolves_to_root_date) ... ok
test_unknown_base_does_not_raise_and_reports_no_date (test_platform_audit.DerivedPlatformInheritanceTests.test_unknown_base_does_not_raise_and_reports_no_date) ... ok
test_shipped_increments_platform_audit_for_anchor_project_only (test_platform_audit.MergedThroughputTests.test_shipped_increments_platform_audit_for_anchor_project_only) ... ok
test_audit_never_writes_config (test_platform_audit.ModelCandidatesTests.test_audit_never_writes_config) ... ok
test_cli_models_off_by_default (test_platform_audit.ModelCandidatesTests.test_cli_models_off_by_default) ... ok
test_dominated_variants_are_candidates (test_platform_audit.ModelCandidatesTests.test_dominated_variants_are_candidates) ... ok
test_extra_cli_models_no_slot_offers (test_platform_audit.ModelCandidatesTests.test_extra_cli_models_no_slot_offers) ... ok
test_pinned_and_priced_is_not_unpriced (test_platform_audit.ModelCandidatesTests.test_pinned_and_priced_is_not_unpriced) ... ok
test_section_rendered_from_synthetic_ledger_and_config (test_platform_audit.ModelCandidatesTests.test_section_rendered_from_synthetic_ledger_and_config) ... ok
test_unpinned_models_seen_in_runs (test_platform_audit.ModelCandidatesTests.test_unpinned_models_seen_in_runs) ... ok
test_unpriced_pinned_models_with_no_cli_cost (test_platform_audit.ModelCandidatesTests.test_unpriced_pinned_models_with_no_cli_cost) ... ok
test_anchor_project_not_managed_skips (test_platform_audit.QueueTests.test_anchor_project_not_managed_skips) ... ok
test_audit_blocks_later_maintenance_even_in_dry_run (test_platform_audit.QueueTests.test_audit_blocks_later_maintenance_even_in_dry_run) ... ok
test_combined_dry_run_names_only_one_pass (test_platform_audit.QueueTests.test_combined_dry_run_names_only_one_pass) ... ok
test_custom_anchor_project (test_platform_audit.QueueTests.test_custom_anchor_project) ... ok
test_disabled_skips (test_platform_audit.QueueTests.test_disabled_skips) ... ok
test_dry_run_never_files_or_resets (test_platform_audit.QueueTests.test_dry_run_never_files_or_resets) ... ok
test_failed_audit_does_not_claim_tick_or_reset_checkpoint (test_platform_audit.QueueTests.test_failed_audit_does_not_claim_tick_or_reset_checkpoint) ... ok
test_files_when_due (test_platform_audit.QueueTests.test_files_when_due) ... ok
test_maintenance_and_audit_share_one_filing (test_platform_audit.QueueTests.test_maintenance_and_audit_share_one_filing) ... ok
test_not_due_skips (test_platform_audit.QueueTests.test_not_due_skips) ... ok
test_open_issue_with_matching_title_blocks_filing (test_platform_audit.QueueTests.test_open_issue_with_matching_title_blocks_filing) ... ok
test_open_pass_of_any_kind_blocks_filing (test_platform_audit.QueueTests.test_open_pass_of_any_kind_blocks_filing)
D20 discipline (mahler#204): reused here too. ... ok
test_own_open_pass_blocks_refiling (test_platform_audit.QueueTests.test_own_open_pass_blocks_refiling) ... ok
test_pass_filed_this_tick_blocks_audit (test_platform_audit.QueueTests.test_pass_filed_this_tick_blocks_audit) ... ok
test_disabled_platform_excluded (test_platform_audit.StaleReportTests.test_disabled_platform_excluded) ... ok
test_flags_old_date_as_stale (test_platform_audit.StaleReportTests.test_flags_old_date_as_stale) ... ok
test_missing_date_counts_as_stale (test_platform_audit.StaleReportTests.test_missing_date_counts_as_stale) ... ok
test_disjoint_and_overlapping_gates (test_platform_audit.TierInversionTests.test_disjoint_and_overlapping_gates) ... ok
test_flags_lower_tier_outperforming_higher_tier (test_platform_audit.TierInversionTests.test_flags_lower_tier_outperforming_higher_tier) ... ok
test_minimum_applies_to_each_side (test_platform_audit.TierInversionTests.test_minimum_applies_to_each_side) ... ok
test_no_flag_when_missing_data (test_platform_audit.TierInversionTests.test_no_flag_when_missing_data) ... ok
test_no_flag_with_insufficient_runs (test_platform_audit.TierInversionTests.test_no_flag_with_insufficient_runs) ... ok
test_no_flag_within_margin (test_platform_audit.TierInversionTests.test_no_flag_within_margin) ... ok
test_size_gate_bounds (test_platform_audit.TierInversionTests.test_size_gate_bounds) ... ok
test_all_enabled_expanded_variants_inherit_root_dates (test_platform_audit.VariantProvenanceTests.test_all_enabled_expanded_variants_inherit_root_dates) ... ok
test_base_slot_variant_inherits_fresh_and_stale_dates (test_platform_audit.VariantProvenanceTests.test_base_slot_variant_inherits_fresh_and_stale_dates) ... ok
test_derived_slot_variant_follows_slot_then_from_chain (test_platform_audit.VariantProvenanceTests.test_derived_slot_variant_follows_slot_then_from_chain) ... ok
test_missing_evidence_has_no_via_suffix (test_platform_audit.VariantProvenanceTests.test_missing_evidence_has_no_via_suffix) ... ok
test_own_annotation_wins_even_with_invalid_provenance (test_platform_audit.VariantProvenanceTests.test_own_annotation_wins_even_with_invalid_provenance) ... ok
test_finds_nearest_verified_date_for_an_alias (test_platform_audit.VerifiedDateParsingTests.test_finds_nearest_verified_date_for_an_alias) ... ok
test_picks_latest_date_when_multiple_mentions (test_platform_audit.VerifiedDateParsingTests.test_picks_latest_date_when_multiple_mentions) ... ok
test_platform_with_no_mention_is_absent (test_platform_audit.VerifiedDateParsingTests.test_platform_with_no_mention_is_absent) ... ok
test_real_design_md_has_verified_dates_for_enabled_base_platforms (test_platform_audit.VerifiedDateParsingTests.test_real_design_md_has_verified_dates_for_enabled_base_platforms) ... ok
test_real_design_md_parses_without_crashing (test_platform_audit.VerifiedDateParsingTests.test_real_design_md_parses_without_crashing) ... ok
test_config_override_wins (test_platforms.ClineModelPinTests.test_config_override_wins) ... ok
test_default_argv_pins_the_free_model (test_platforms.ClineModelPinTests.test_default_argv_pins_the_free_model) ... ok
test_true_resume_capability_and_explicit_ids (test_platforms.ClineModelPinTests.test_true_resume_capability_and_explicit_ids) ... ok
test_jetstream_disabled_and_unrouted_by_default (test_platforms.ClineProviderTests.test_jetstream_disabled_and_unrouted_by_default) ... ok
test_no_provider_flag_without_provider (test_platforms.ClineProviderTests.test_no_provider_flag_without_provider) ... ok
test_provider_is_passed_to_cline (test_platforms.ClineProviderTests.test_provider_is_passed_to_cline) ... ok
test_work_jetstream_never_routes_to_a_personal_project (test_platforms.ClineProviderTests.test_work_jetstream_never_routes_to_a_personal_project) ... ok
test_credit_phrases_are_distinct_from_rate_limits (test_platforms.CreditExhaustionTests.test_credit_phrases_are_distinct_from_rate_limits) ... ok
test_logs_classify_cline_and_kilo_credit_failures (test_platforms.CreditExhaustionTests.test_logs_classify_cline_and_kilo_credit_failures) ... ok
test_rate_limit_stays_quota (test_platforms.CreditExhaustionTests.test_rate_limit_stays_quota) ... ok
test_status_line_strips_markdown_emphasis (test_platforms.CreditExhaustionTests.test_status_line_strips_markdown_emphasis) ... ok
test_argv_basic (test_platforms.KiroArgvTests.test_argv_basic) ... ok
test_argv_disables_unwanted_tools (test_platforms.KiroArgvTests.test_argv_disables_unwanted_tools) ... ok
test_argv_no_effort_flag_when_unset (test_platforms.KiroArgvTests.test_argv_no_effort_flag_when_unset) ... ok
test_argv_no_trust_tools_no_shell (test_platforms.KiroArgvTests.test_argv_no_trust_tools_no_shell) ... ok
test_argv_with_effort (test_platforms.KiroArgvTests.test_argv_with_effort) ... ok
test_argv_with_model (test_platforms.KiroArgvTests.test_argv_with_model) ... ok
test_fixture_extracts_session_id (test_platforms.KiroFixtureTests.test_fixture_extracts_session_id)
The session ID is read from the metadata event. ... ok
test_fixture_final_text_and_status_line (test_platforms.KiroFixtureTests.test_fixture_final_text_and_status_line)
finalText carries a STATUS: DONE line; status_line parses it correctly. ... ok
test_fixture_last_text_is_final_text (test_platforms.KiroFixtureTests.test_fixture_last_text_is_final_text)
last_text is sourced from runFinished.finalText when it is set. ... ok
test_fixture_no_errors (test_platforms.KiroFixtureTests.test_fixture_no_errors)
A successful run has no quota hits, credit exhaustion, or last_error. ... ok
test_fixture_no_quota_usage (test_platforms.KiroFixtureTests.test_fixture_no_quota_usage)
A normal run with no rate_limit events produces empty quota usage. ... ok
test_fixture_parses_successfully (test_platforms.KiroFixtureTests.test_fixture_parses_successfully)
The fixture file parses without errors and returns a complete result. ... ok
test_fixture_run_succeeded (test_platforms.KiroFixtureTests.test_fixture_run_succeeded)
runFinished with status=success sets ok=True. ... ok
test_kiro_plaintext_error_captured (test_platforms.KiroReadLogTests.test_kiro_plaintext_error_captured) ... ok
test_kiro_run_error_extracts_model_unavailable (test_platforms.KiroReadLogTests.test_kiro_run_error_extracts_model_unavailable) ... ok
test_kiro_run_finished_extracts_final_and_session (test_platforms.KiroReadLogTests.test_kiro_run_finished_extracts_final_and_session) ... ok
test_parse_kiro_usage_empty (test_platforms.KiroUsageProbeTests.test_parse_kiro_usage_empty) ... ok
test_parse_kiro_usage_half_credit (test_platforms.KiroUsageProbeTests.test_parse_kiro_usage_half_credit) ... ok
test_parse_kiro_usage_no_credit_line (test_platforms.KiroUsageProbeTests.test_parse_kiro_usage_no_credit_line) ... ok
test_parse_kiro_usage_real_output (test_platforms.KiroUsageProbeTests.test_parse_kiro_usage_real_output) ... ok
test_parse_kiro_usage_uses_reset_date (test_platforms.KiroUsageProbeTests.test_parse_kiro_usage_uses_reset_date) ... ok
test_probe_kiro_failed_run (test_platforms.KiroUsageProbeTests.test_probe_kiro_failed_run) ... ok
test_probe_kiro_not_installed (test_platforms.KiroUsageProbeTests.test_probe_kiro_not_installed) ... ok
test_probe_kiro_parses_acp_jsonl (test_platforms.KiroUsageProbeTests.test_probe_kiro_parses_acp_jsonl) ... ok
test_agy_result_not_success (test_platforms.ModelUnavailableDetectionTests.test_agy_result_not_success) ... ok
test_claude_result_is_error_with_model_text (test_platforms.ModelUnavailableDetectionTests.test_claude_result_is_error_with_model_text) ... ok
test_cline_run_result_not_ok (test_platforms.ModelUnavailableDetectionTests.test_cline_run_result_not_ok) ... ok
test_codex_turn_failed (test_platforms.ModelUnavailableDetectionTests.test_codex_turn_failed) ... ok
test_copilot_error_event (test_platforms.ModelUnavailableDetectionTests.test_copilot_error_event) ... ok
test_kilo_error_event (test_platforms.ModelUnavailableDetectionTests.test_kilo_error_event) ... ok
test_matches_and_does_not_confuse_with_quota (test_platforms.ModelUnavailableDetectionTests.test_matches_and_does_not_confuse_with_quota) ... ok
test_plain_text_requires_an_error_prefix (test_platforms.ModelUnavailableDetectionTests.test_plain_text_requires_an_error_prefix) ... ok
test_quota_error_is_not_flagged_as_model_unavailable (test_platforms.ModelUnavailableDetectionTests.test_quota_error_is_not_flagged_as_model_unavailable) ... ok
test_matches_network_patterns_case_insensitively (test_platforms.NetworkErrorDetectionTests.test_matches_network_patterns_case_insensitively) ... ok
test_non_network_errors_return_false (test_platforms.NetworkErrorDetectionTests.test_non_network_errors_return_false) ... ok
test_capacity_classification_excludes_permanent_errors_and_prose (test_platforms.ReadLogContractTests.test_capacity_classification_excludes_permanent_errors_and_prose) ... ok
test_empty_missing_and_non_object_logs_have_identical_schema (test_platforms.ReadLogContractTests.test_empty_missing_and_non_object_logs_have_identical_schema) ... ok
test_final_and_status_across_protocols (test_platforms.ReadLogContractTests.test_final_and_status_across_protocols) ... ok
test_plaintext_malformed_json_redaction_and_tail (test_platforms.ReadLogContractTests.test_plaintext_malformed_json_redaction_and_tail) ... ok
test_plaintext_rate_limit_errors (test_platforms.ReadLogContractTests.test_plaintext_rate_limit_errors) ... ok
test_provider_capacity_errors_across_adapters (test_platforms.ReadLogContractTests.test_provider_capacity_errors_across_adapters) ... ok
test_structured_error_classification_preserves_protocol_differences (test_platforms.ReadLogContractTests.test_structured_error_classification_preserves_protocol_differences) ... ok
test_structured_session_identities (test_platforms.ReadLogContractTests.test_structured_session_identities) ... ok
test_cline_log_extracts_last_error_from_error_event (test_platforms.ReadLogResumeInfoTests.test_cline_log_extracts_last_error_from_error_event) ... ok
test_cline_log_extracts_last_error_from_run_result (test_platforms.ReadLogResumeInfoTests.test_cline_log_extracts_last_error_from_run_result) ... ok
test_kilo_log_extracts_session_id_and_last_error (test_platforms.ReadLogResumeInfoTests.test_kilo_log_extracts_session_id_and_last_error) ... ok
test_raw_text_session_not_found_is_captured (test_platforms.ReadLogResumeInfoTests.test_raw_text_session_not_found_is_captured) ... ok
test_cline_resume_argv_omits_id_and_uses_fresh_run (test_platforms.ResumeArgvTests.test_cline_resume_argv_omits_id_and_uses_fresh_run) ... ok
test_kilo_resume_argv_with_session (test_platforms.ResumeArgvTests.test_kilo_resume_argv_with_session) ... ok
test_kilo_resume_argv_without_session_is_fresh_run_fallback (test_platforms.ResumeArgvTests.test_kilo_resume_argv_without_session_is_fresh_run_fallback) ... ok
test_resume_argv_for_supported_platforms (test_platforms.ResumeArgvTests.test_resume_argv_for_supported_platforms) ... ok
test_429_is_quota_hit (test_platforms.VibeTests.test_429_is_quota_hit) ... ok
test_argv (test_platforms.VibeTests.test_argv) ... ok
test_env_isolates_home_and_pins_model (test_platforms.VibeTests.test_env_isolates_home_and_pins_model) ... ok
test_real_stream_write_file_effect_then_assistant_message (test_platforms.VibeTests.test_real_stream_write_file_effect_then_assistant_message) ... ok
test_practices_audit_follows_platform_audit_before_scheduling (test_practices_audit.SchedulerOrderingTests.test_practices_audit_follows_platform_audit_before_scheduling) ... ok
test_scan_exception_is_reported_without_aborting_tick (test_practices_audit.SchedulerOrderingTests.test_scan_exception_is_reported_without_aborting_tick) ... ok
test_actual_credential_token_and_private_key_report_gap_with_redacted_evidence (test_practices_audit.TestPracticesAudit.test_actual_credential_token_and_private_key_report_gap_with_redacted_evidence) ... ok
test_agents_md_exemption_resolves_finding_cleanly (test_practices_audit.TestPracticesAudit.test_agents_md_exemption_resolves_finding_cleanly) ... ok
test_audit_rerun_cleanly_reconciles_resolved_proposals (test_practices_audit.TestPracticesAudit.test_audit_rerun_cleanly_reconciles_resolved_proposals) ... ok
test_auxiliary_pr_cleanup_workflow_does_not_override_primary_ci (test_practices_audit.TestPracticesAudit.test_auxiliary_pr_cleanup_workflow_does_not_override_primary_ci) ... ok
test_binary_file_alongside_reviewed_text_passes (test_practices_audit.TestPracticesAudit.test_binary_file_alongside_reviewed_text_passes) ... ok
test_branch_settings_squash_and_test_gate (test_practices_audit.TestPracticesAudit.test_branch_settings_squash_and_test_gate) ... ok
test_build_only_is_not_test_coverage (test_practices_audit.TestPracticesAudit.test_build_only_is_not_test_coverage) ... ok
test_cadence_volume_and_cooldown_gates (test_practices_audit.TestPracticesAudit.test_cadence_volume_and_cooldown_gates) ... ok
test_candidate_changed_in_same_file_remains_gap (test_practices_audit.TestPracticesAudit.test_candidate_changed_in_same_file_remains_gap) ... ok
test_comments_help_and_setup_are_not_test_evidence (test_practices_audit.TestPracticesAudit.test_comments_help_and_setup_are_not_test_evidence) ... ok
test_compound_verify_multiline_same_step_and_toml_fallback (test_practices_audit.TestPracticesAudit.test_compound_verify_multiline_same_step_and_toml_fallback) ... ok
test_compound_verify_script_components_and_missing_component (test_practices_audit.TestPracticesAudit.test_compound_verify_script_components_and_missing_component) ... ok
test_compound_verify_separate_jobs_and_uncertainty (test_practices_audit.TestPracticesAudit.test_compound_verify_separate_jobs_and_uncertainty) ... ok
test_conditional_and_reusable_workflows_are_unknown (test_practices_audit.TestPracticesAudit.test_conditional_and_reusable_workflows_are_unknown) ... ok
test_dict_keys_and_mock_fixtures_return_pass (test_practices_audit.TestPracticesAudit.test_dict_keys_and_mock_fixtures_return_pass) ... ok
test_disabled_or_unmanaged_anchor_skips (test_practices_audit.TestPracticesAudit.test_disabled_or_unmanaged_anchor_skips) ... ok
test_divergent_and_missing_agents_fail (test_practices_audit.TestPracticesAudit.test_divergent_and_missing_agents_fail) ... ok
test_documented_decisions_in_decisions_md_resolve_cleanly (test_practices_audit.TestPracticesAudit.test_documented_decisions_in_decisions_md_resolve_cleanly) ... ok
test_drizzle_schema_definitions_return_pass (test_practices_audit.TestPracticesAudit.test_drizzle_schema_definitions_return_pass) ... ok
test_dry_run_names_due_audit_without_writes_or_checkpoint_changes (test_practices_audit.TestPracticesAudit.test_dry_run_names_due_audit_without_writes_or_checkpoint_changes) ... ok
test_due_filing_resets_checkpoint_and_passes_tick_gate (test_practices_audit.TestPracticesAudit.test_due_filing_resets_checkpoint_and_passes_tick_gate) ... ok
test_effective_guidance_pointer_and_cycle (test_practices_audit.TestPracticesAudit.test_effective_guidance_pointer_and_cycle) ... ok
test_elapsed_cadence_queues_without_merged_volume (test_practices_audit.TestPracticesAudit.test_elapsed_cadence_queues_without_merged_volume) ... ok
test_environment_and_config_lookups_return_pass (test_practices_audit.TestPracticesAudit.test_environment_and_config_lookups_return_pass) ... ok
test_exact_review_match_suppresses_candidate (test_practices_audit.TestPracticesAudit.test_exact_review_match_suppresses_candidate) ... ok
test_executable_acceptance_check (test_practices_audit.TestPracticesAudit.test_executable_acceptance_check) ... ok
test_external_instruction_pointer_is_not_followed (test_practices_audit.TestPracticesAudit.test_external_instruction_pointer_is_not_followed) ... ok
test_identical_and_pointer_instructions_pass (test_practices_audit.TestPracticesAudit.test_identical_and_pointer_instructions_pass) ... ok
test_invalid_ci_chains_do_not_prove_components (test_practices_audit.TestPracticesAudit.test_invalid_ci_chains_do_not_prove_components) ... ok
test_language_type_annotations_return_pass (test_practices_audit.TestPracticesAudit.test_language_type_annotations_return_pass) ... ok
test_literal_operator_chains_through_workflow_and_scripts (test_practices_audit.TestPracticesAudit.test_literal_operator_chains_through_workflow_and_scripts) ... ok
test_literal_verify_chain_parser (test_practices_audit.TestPracticesAudit.test_literal_verify_chain_parser) ... ok
test_lookup_failure_never_creates_duplicate_and_other_projects_proceed (test_practices_audit.TestPracticesAudit.test_lookup_failure_never_creates_duplicate_and_other_projects_proceed) ... ok
test_mahler_shaped_fixture_passes_and_cites_workflow_command (test_practices_audit.TestPracticesAudit.test_mahler_shaped_fixture_passes_and_cites_workflow_command) ... ok
test_malformed_duplicate_and_unsafe_path_review_data (test_practices_audit.TestPracticesAudit.test_malformed_duplicate_and_unsafe_path_review_data) ... ok
test_missing_anchor_and_disabled_inventory (test_practices_audit.TestPracticesAudit.test_missing_anchor_and_disabled_inventory) ... ok
test_missing_manifest_retains_current_behavior (test_practices_audit.TestPracticesAudit.test_missing_manifest_retains_current_behavior) ... ok
test_missing_verify_and_invalid_contract (test_practices_audit.TestPracticesAudit.test_missing_verify_and_invalid_contract) ... ok
test_multiline_commands_and_inline_trigger (test_practices_audit.TestPracticesAudit.test_multiline_commands_and_inline_trigger) ... ok
test_named_test_workflow_and_echo_do_not_prove_tests (test_practices_audit.TestPracticesAudit.test_named_test_workflow_and_echo_do_not_prove_tests) ... ok
test_new_candidate_in_reviewed_file_remains_gap (test_practices_audit.TestPracticesAudit.test_new_candidate_in_reviewed_file_remains_gap) ... ok
test_no_workflow_and_push_only (test_practices_audit.TestPracticesAudit.test_no_workflow_and_push_only) ... ok
test_npm_test_node_script_runner_is_recognized (test_practices_audit.TestPracticesAudit.test_npm_test_node_script_runner_is_recognized) ... ok
test_open_pass_blocks_audit_filing (test_practices_audit.TestPracticesAudit.test_open_pass_blocks_audit_filing) ... ok
test_partial_filing_persists_identity_then_resets_after_retry (test_practices_audit.TestPracticesAudit.test_partial_filing_persists_identity_then_resets_after_retry) ... ok
test_pr_paths_filters_pass (test_practices_audit.TestPracticesAudit.test_pr_paths_filters_pass) ... ok
test_pr_trigger_filters_remain_unknown (test_practices_audit.TestPracticesAudit.test_pr_trigger_filters_remain_unknown) ... ok
test_project_toml_exemption_resolves_finding_cleanly (test_practices_audit.TestPracticesAudit.test_project_toml_exemption_resolves_finding_cleanly) ... ok
test_project_toml_is_documentation_and_python_alias_is_consistent (test_practices_audit.TestPracticesAudit.test_project_toml_is_documentation_and_python_alias_is_consistent) ... ok
test_proposal_acceptance_passes_with_documented_decision (test_practices_audit.TestPracticesAudit.test_proposal_acceptance_passes_with_documented_decision) ... ok
test_proposal_acceptance_scans_current_worktree (test_practices_audit.TestPracticesAudit.test_proposal_acceptance_scans_current_worktree) ... ok
test_proposal_body_includes_false_positive_resolution_contract (test_practices_audit.TestPracticesAudit.test_proposal_body_includes_false_positive_resolution_contract) ... ok
test_protection_passes_with_script_test_job_context (test_practices_audit.TestPracticesAudit.test_protection_passes_with_script_test_job_context) ... ok
test_pytest_non_execution_options_are_not_test_evidence (test_practices_audit.TestPracticesAudit.test_pytest_non_execution_options_are_not_test_evidence) ... ok
test_pytest_parallel_workers_are_test_execution (test_practices_audit.TestPracticesAudit.test_pytest_parallel_workers_are_test_execution) ... ok
test_referenced_package_script_and_shell_runner (test_practices_audit.TestPracticesAudit.test_referenced_package_script_and_shell_runner) ... ok
test_report_evidence_is_bounded_with_omission_count (test_practices_audit.TestPracticesAudit.test_report_evidence_is_bounded_with_omission_count) ... ok
test_report_failure_prevents_proposals (test_practices_audit.TestPracticesAudit.test_report_failure_prevents_proposals) ... ok
test_report_marker_recovers_created_report_without_saved_url (test_practices_audit.TestPracticesAudit.test_report_marker_recovers_created_report_without_saved_url) ... ok
test_report_update_failure_retains_identity_for_retry (test_practices_audit.TestPracticesAudit.test_report_update_failure_retains_identity_for_retry) ... ok
test_same_candidate_in_different_file_remains_gap (test_practices_audit.TestPracticesAudit.test_same_candidate_in_different_file_remains_gap) ... ok
test_scan_failure_is_unknown_and_does_not_stop_next_project (test_practices_audit.TestPracticesAudit.test_scan_failure_is_unknown_and_does_not_stop_next_project) ... ok
test_scanner_filer_and_dry_run_never_modify_repository_or_config (test_practices_audit.TestPracticesAudit.test_scanner_filer_and_dry_run_never_modify_repository_or_config) ... ok
test_scope_labels_anchor_first_links_and_closed_marker_reuse (test_practices_audit.TestPracticesAudit.test_scope_labels_anchor_first_links_and_closed_marker_reuse) ... ok
test_secret_evidence_never_contains_candidate_values (test_practices_audit.TestPracticesAudit.test_secret_evidence_never_contains_candidate_values) ... ok
test_self_test_binary_step_is_recognized (test_practices_audit.TestPracticesAudit.test_self_test_binary_step_is_recognized) ... ok
test_shipped_volume_counts_only_enabled_anchor (test_practices_audit.TestPracticesAudit.test_shipped_volume_counts_only_enabled_anchor) ... ok
test_six_pass_outcomes_and_citations (test_practices_audit.TestPracticesAudit.test_six_pass_outcomes_and_citations) ... ok
test_stale_digest_remains_gap_and_reports_stale_metadata (test_practices_audit.TestPracticesAudit.test_stale_digest_remains_gap_and_reports_stale_metadata) ... ok
test_stale_project_guidance_and_conductor_contract_fail (test_practices_audit.TestPracticesAudit.test_stale_project_guidance_and_conductor_contract_fail) ... ok
test_step_condition_and_expression_test_execution_are_unknown (test_practices_audit.TestPracticesAudit.test_step_condition_and_expression_test_execution_are_unknown) ... ok
test_synthetic_detectors_and_candidate_safe_in_filing (test_practices_audit.TestPracticesAudit.test_synthetic_detectors_and_candidate_safe_in_filing) ... ok
test_tracked_binary_assets_and_clean_text_return_pass (test_practices_audit.TestPracticesAudit.test_tracked_binary_assets_and_clean_text_return_pass) ... ok
test_unavailable_branch_metadata_is_unknown (test_practices_audit.TestPracticesAudit.test_unavailable_branch_metadata_is_unknown) ... ok
test_unavailable_tracked_inventory_and_corrupt_content_are_explicit_unknowns (test_practices_audit.TestPracticesAudit.test_unavailable_tracked_inventory_and_corrupt_content_are_explicit_unknowns) ... ok
test_unresolved_script_is_unknown (test_practices_audit.TestPracticesAudit.test_unresolved_script_is_unknown) ... ok
test_untracked_secret_is_not_scanned (test_practices_audit.TestPracticesAudit.test_untracked_secret_is_not_scanned) ... ok
test_verify_absent_from_docs_and_ci_is_gap (test_practices_audit.TestPracticesAudit.test_verify_absent_from_docs_and_ci_is_gap) ... ok
test_verify_command_provenance_matrix (test_practices_audit.TestPracticesAudit.test_verify_command_provenance_matrix) ... ok
test_workflow_concurrency_expression_passes (test_practices_audit.TestPracticesAudit.test_workflow_concurrency_expression_passes) ... ok
test_all_pages_open_closed_reuse_and_lookup_error (test_practices_audit.TestPracticesGHReads.test_all_pages_open_closed_reuse_and_lookup_error) ... ok
test_issue_body_update (test_practices_audit.TestPracticesGHReads.test_issue_body_update) ... ok
test_read_only_endpoints_and_branch_encoding (test_practices_audit.TestPracticesGHReads.test_read_only_endpoints_and_branch_encoding) ... ok
test_all_days_and_exact_boundaries (test_progressive.ProgressiveTests.test_all_days_and_exact_boundaries) ... ok
test_expired_or_stale_sample_still_blocks (test_progressive.ProgressiveTests.test_expired_or_stale_sample_still_blocks) ... ok
test_opt_in_and_session_burst_preserves_pacing (test_progressive.ProgressiveTests.test_opt_in_and_session_burst_preserves_pacing) ... ok
test_start_and_yield_thresholds (test_progressive.ProgressiveTests.test_start_and_yield_thresholds) ... ok
test_unknown_reset_conservatively_uses_first_day (test_progressive.ProgressiveTests.test_unknown_reset_conservatively_uses_first_day) ... ok
test_personal_reset_cannot_trigger_work_burst (test_progressive.WorkBurstTests.test_personal_reset_cannot_trigger_work_burst) ... ok
test_transcript_suppresses_work_burst (test_progressive.WorkBurstTests.test_transcript_suppresses_work_burst) ... ok
test_usage_rise_suppresses_only_its_group (test_progressive.WorkBurstTests.test_usage_rise_suppresses_only_its_group) ... ok
test_work_reset_does_not_lift_personal_and_prioritizes_work (test_progressive.WorkBurstTests.test_work_reset_does_not_lift_personal_and_prioritizes_work) ... ok
test_work_session_only_and_stale_reset (test_progressive.WorkBurstTests.test_work_session_only_and_stale_reset) ... ok
test_dry_run_only_enumerates_and_creates_no_recovery_artifacts (test_purge_calendar_profile_history.PurgeHistoryTest.test_dry_run_only_enumerates_and_creates_no_recovery_artifacts) ... ok
test_force_push_requires_confirmation_and_honors_ref_leases (test_purge_calendar_profile_history.PurgeHistoryTest.test_force_push_requires_confirmation_and_honors_ref_leases) ... ok
test_preconditions_refuse_existing_worktree_and_unexpected_remote (test_purge_calendar_profile_history.PurgeHistoryTest.test_preconditions_refuse_existing_worktree_and_unexpected_remote) ... ok
test_rewrite_accepts_hash_version_and_preserves_unrelated_history (test_purge_calendar_profile_history.PurgeHistoryTest.test_rewrite_accepts_hash_version_and_preserves_unrelated_history) ... ok
test_verification_failure_blocks_a_noop_rewrite (test_purge_calendar_profile_history.PurgeHistoryTest.test_verification_failure_blocks_a_noop_rewrite) ... ok
test_relevant_issue_gets_the_full_contract (test_recipes.BuildPromptWhatsNewInjectionTests.test_relevant_issue_gets_the_full_contract) ... ok
test_unrelated_issue_gets_none_of_the_contract (test_recipes.BuildPromptWhatsNewInjectionTests.test_unrelated_issue_gets_none_of_the_contract) ... ok
test_bug_completion_requires_exercised_check_or_documented_exception (test_recipes.BuildRecipeTests.test_bug_completion_requires_exercised_check_or_documented_exception) ... ok
test_material_spec_contradiction_requires_owner_resolution (test_recipes.BuildRecipeTests.test_material_spec_contradiction_requires_owner_resolution) ... ok
test_template_values_substituted_without_leftover_variables (test_recipes.BuildRecipeTests.test_template_values_substituted_without_leftover_variables) ... ok
test_unattended_run_keeps_working_without_trading_verification_for_speed (test_recipes.BuildRecipeTests.test_unattended_run_keeps_working_without_trading_verification_for_speed) ... ok
test_unrelated_status_output_contract_unaffected (test_recipes.BuildRecipeTests.test_unrelated_status_output_contract_unaffected) ... ok
test_whats_new_contract_guidance_present (test_recipes.BuildRecipeTests.test_whats_new_contract_guidance_present) ... ok
test_verification_scope_and_review_in_both_rendered_prompts (test_recipes.CodingScopeRecipeTests.test_verification_scope_and_review_in_both_rendered_prompts) ... ok
test_contract_is_plan_only_and_always_requires_a_fix_plan (test_recipes.DesignRecipeTests.test_contract_is_plan_only_and_always_requires_a_fix_plan) ... ok
test_design_prompt_includes_required_pr_context (test_recipes.DesignRecipeTests.test_design_prompt_includes_required_pr_context) ... ok
test_wrapper_deferral_and_ci_evidence_contract (test_recipes.DesktopGateRecipeTests.test_wrapper_deferral_and_ci_evidence_contract) ... ok
test_changed_config_files_appear_before_failed_log (test_recipes.FixPromptToolchainHandoffTests.test_changed_config_files_appear_before_failed_log) ... ok
test_no_changed_config_files_is_explicit (test_recipes.FixPromptToolchainHandoffTests.test_no_changed_config_files_is_explicit) ... ok
test_review_fix_context_also_gets_changed_config_files (test_recipes.FixPromptToolchainHandoffTests.test_review_fix_context_also_gets_changed_config_files) ... ok
test_unavailable_config_list_is_nonfatal_and_actionable (test_recipes.FixPromptToolchainHandoffTests.test_unavailable_config_list_is_nonfatal_and_actionable) ... ok
test_fix_recipe_checks_pr_toolchain_changes_before_editing (test_recipes.FixRecipeTests.test_fix_recipe_checks_pr_toolchain_changes_before_editing) ... ok
test_needs_you_is_reserved_for_owner_decisions (test_recipes.FixRecipeTests.test_needs_you_is_reserved_for_owner_decisions) ... ok
test_real_fixes_still_require_verification_and_push (test_recipes.FixRecipeTests.test_real_fixes_still_require_verification_and_push) ... ok
test_unattended_run_keeps_working_without_trading_verification_for_speed (test_recipes.FixRecipeTests.test_unattended_run_keeps_working_without_trading_verification_for_speed) ... ok
test_unrelated_technical_failure_is_retryable (test_recipes.FixRecipeTests.test_unrelated_technical_failure_is_retryable) ... ok
test_description_only_evidence_is_nonblocking (test_recipes.ReviewEvidenceTests.test_description_only_evidence_is_nonblocking) ... ok
test_personal_context_calibrates_loss_without_weakening_blockers (test_recipes.ReviewOperatingContextTests.test_personal_context_calibrates_loss_without_weakening_blockers) ... ok
test_review_recipe_warns_about_masked_tool_output (test_recipes.ReviewRecipeMaskingTests.test_review_recipe_warns_about_masked_tool_output) ... ok
test_review_recipe_blocks_unrequested_toolchain_downgrades (test_recipes.ReviewRecipeToolchainTests.test_review_recipe_blocks_unrequested_toolchain_downgrades) ... ok
test_build_accepts_a_sqlite_row (test_recipes.SizeTargetTests.test_build_accepts_a_sqlite_row) ... ok
test_prompts (test_recipes.SizeTargetTests.test_prompts) ... ok
test_size_target_of (test_recipes.SizeTargetTests.test_size_target_of) ... ok
test_bug_only_escape_sections (test_recipes.SortRecipeTests.test_bug_only_escape_sections) ... ok
test_done_when_checklist_bounds_scope_and_checks_feasibility (test_recipes.SortRecipeTests.test_done_when_checklist_bounds_scope_and_checks_feasibility) ... ok
test_preserves_relationships_and_planned_sections (test_recipes.SortRecipeTests.test_preserves_relationships_and_planned_sections) ... ok
test_sub_issues_require_something_to_ship (test_recipes.SortRecipeTests.test_sub_issues_require_something_to_ship) ... ok
test_template_values_and_status_contract (test_recipes.SortRecipeTests.test_template_values_and_status_contract) ... ok
test_explicit_asks_match (test_recipes.WhatsNewMatchTests.test_explicit_asks_match) ... ok
test_missing_or_none_body_and_row_shapes (test_recipes.WhatsNewMatchTests.test_missing_or_none_body_and_row_shapes) ... ok
test_unrelated_text_does_not_match (test_recipes.WhatsNewMatchTests.test_unrelated_text_does_not_match) ... ok
test_git_errors_redact_a_token_crossing_the_output_limit (test_redact.TestErrorRedactionOrder.test_git_errors_redact_a_token_crossing_the_output_limit) ... ok
test_github_errors_redact_a_token_crossing_the_output_limit (test_redact.TestErrorRedactionOrder.test_github_errors_redact_a_token_crossing_the_output_limit) ... ok
test_message_body_is_redacted_before_the_post (test_redact.TestNotifyRedacted.test_message_body_is_redacted_before_the_post) ... ok
test_last_text_masks_secrets (test_redact.TestReadLogRedacted.test_last_text_masks_secrets) ... ok
test_assignment_without_credential_name_is_untouched (test_redact.TestRedact.test_assignment_without_credential_name_is_untouched) ... ok
test_aws_key_shape (test_redact.TestRedact.test_aws_key_shape) ... ok
test_bare_anthropic_key_shape (test_redact.TestRedact.test_bare_anthropic_key_shape) ... ok
test_bare_github_token_shape (test_redact.TestRedact.test_bare_github_token_shape) ... ok
test_generic_suffix_env_assignment (test_redact.TestRedact.test_generic_suffix_env_assignment) ... ok
test_https_url_password_is_masked (test_redact.TestRedact.test_https_url_password_is_masked) ... ok
test_named_credential_env_assignment (test_redact.TestRedact.test_named_credential_env_assignment) ... ok
test_none_and_empty_pass_through (test_redact.TestRedact.test_none_and_empty_pass_through) ... ok
test_ordinary_text_is_untouched (test_redact.TestRedact.test_ordinary_text_is_untouched) ... ok
test_postgres_url_password_is_masked (test_redact.TestRedact.test_postgres_url_password_is_masked) ... ok
test_slack_npm_pypi_and_jwt_shapes (test_redact.TestRedact.test_slack_npm_pypi_and_jwt_shapes) ... ok
test_url_without_password_is_untouched (test_redact.TestRedact.test_url_without_password_is_untouched) ... ok
test_setup_tail_masks_secrets_before_they_are_posted (test_redact.TestSetupTailRedacted.test_setup_tail_masks_secrets_before_they_are_posted) ... ok
test_empty_feed (test_releases.BuildFeedTests.test_empty_feed) ... ok
test_feed_conforms_to_schema_v1_and_excludes_sensitive_data (test_releases.BuildFeedTests.test_feed_conforms_to_schema_v1_and_excludes_sensitive_data) ... ok
test_feed_newest_first_and_limits (test_releases.BuildFeedTests.test_feed_newest_first_and_limits) ... ok
test_feed_preserves_two_part_version (test_releases.BuildFeedTests.test_feed_preserves_two_part_version) ... ok
test_feed_reflects_only_published_releases (test_releases.BuildFeedTests.test_feed_reflects_only_published_releases) ... ok
test_limit_validation (test_releases.BuildFeedTests.test_limit_validation) ... ok
test_deterministic_notes_formatting (test_releases.NoteSynthesisTests.test_deterministic_notes_formatting) ... ok
test_maintenance_excluded_from_main_summary_by_default (test_releases.NoteSynthesisTests.test_maintenance_excluded_from_main_summary_by_default) ... ok
test_note_grouping_and_classification (test_releases.NoteSynthesisTests.test_note_grouping_and_classification) ... ok
test_other_user_facing_changes_section (test_releases.NoteSynthesisTests.test_other_user_facing_changes_section) ... ok
test_preview_output_contents (test_releases.PreviewFormattingTests.test_preview_output_contents) ... ok
test_publish_idempotent_on_repeated_success (test_releases.PublishReleaseTests.test_publish_idempotent_on_repeated_success) ... ok
test_publish_initial_release_success (test_releases.PublishReleaseTests.test_publish_initial_release_success) ... ok
test_publish_preserves_two_part_version_and_tag (test_releases.PublishReleaseTests.test_publish_preserves_two_part_version_and_tag) ... ok
test_publish_reconciles_partially_successful_attempt (test_releases.PublishReleaseTests.test_publish_reconciles_partially_successful_attempt) ... ok
test_publish_refuses_conflicting_remote_release_notes (test_releases.PublishReleaseTests.test_publish_refuses_conflicting_remote_release_notes) ... ok
test_publish_refuses_conflicting_remote_release_sha (test_releases.PublishReleaseTests.test_publish_refuses_conflicting_remote_release_sha) ... ok
test_publish_refuses_conflicting_remote_tag (test_releases.PublishReleaseTests.test_publish_refuses_conflicting_remote_tag) ... ok
test_publish_rejects_non_increasing_version (test_releases.PublishReleaseTests.test_publish_rejects_non_increasing_version) ... ok
test_publish_requires_checkpoint_sha (test_releases.PublishReleaseTests.test_publish_requires_checkpoint_sha) ... ok
test_empty_draft_is_not_suggested (test_releases.ReadinessTests.test_empty_draft_is_not_suggested) ... ok
test_five_items_triggers_suggested (test_releases.ReadinessTests.test_five_items_triggers_suggested) ... ok
test_four_items_recent_not_suggested (test_releases.ReadinessTests.test_four_items_recent_not_suggested) ... ok
test_readiness_is_advisory_only_and_never_publishes (test_releases.ReadinessTests.test_readiness_is_advisory_only_and_never_publishes) ... ok
test_seven_days_oldest_item_triggers_suggested (test_releases.ReadinessTests.test_seven_days_oldest_item_triggers_suggested) ... ok
test_draft_lifecycle (test_releases.RollingDraftIntegrationTests.test_draft_lifecycle) ... ok
test_feature_work_proposes_minor (test_releases.SemVerProposalTests.test_feature_work_proposes_minor) ... ok
test_fixes_and_other_work_propose_patch (test_releases.SemVerProposalTests.test_fixes_and_other_work_propose_patch) ... ok
test_initial_release_proposes_0_1_0 (test_releases.SemVerProposalTests.test_initial_release_proposes_0_1_0) ... ok
test_major_version_is_never_proposed_automatically (test_releases.SemVerProposalTests.test_major_version_is_never_proposed_automatically) ... ok
test_parse_semver (test_releases.SemVerProposalTests.test_parse_semver) ... ok
test_two_part_sequence_always_advances_second_component (test_releases.SemVerProposalTests.test_two_part_sequence_always_advances_second_component) ... ok
test_invalid_strict_semver (test_releases.SemVerValidationTests.test_invalid_strict_semver) ... ok
test_valid_strict_semver (test_releases.SemVerValidationTests.test_valid_strict_semver) ... ok
test_initial_release_options (test_releases.SemverOptionsTests.test_initial_release_options) ... ok
test_subsequent_release_options (test_releases.SemverOptionsTests.test_subsequent_release_options) ... ok
test_two_part_release_options_preserve_two_parts (test_releases.SemverOptionsTests.test_two_part_release_options_preserve_two_parts) ... ok
test_clean_tracked_list_passes (test_repo_guard.TestRepoGuard.test_clean_tracked_list_passes) ... ok
test_each_prohibited_basename_fails_anywhere (test_repo_guard.TestRepoGuard.test_each_prohibited_basename_fails_anywhere) ... ok
test_guard_never_touches_the_filesystem (test_repo_guard.TestRepoGuard.test_guard_never_touches_the_filesystem) ... ok
test_journal_and_sqlite_companions_fail (test_repo_guard.TestRepoGuard.test_journal_and_sqlite_companions_fail) ... ok
test_main_fails_nonzero_and_names_only_paths (test_repo_guard.TestRepoGuard.test_main_fails_nonzero_and_names_only_paths) ... ok
test_main_fails_on_each_prohibited_class (test_repo_guard.TestRepoGuard.test_main_fails_on_each_prohibited_class) ... ok
test_main_root_outside_a_repo_exits_two (test_repo_guard.TestRepoGuard.test_main_root_outside_a_repo_exits_two) ... ok
test_nested_calendar_state_deep_in_the_tree_fails_by_basename (test_repo_guard.TestRepoGuard.test_nested_calendar_state_deep_in_the_tree_fails_by_basename) ... ok
test_root_calendar_paths_fail_whatever_they_are (test_repo_guard.TestRepoGuard.test_root_calendar_paths_fail_whatever_they_are) ... ok
test_similar_but_distinct_names_pass (test_repo_guard.TestRepoGuard.test_similar_but_distinct_names_pass) ... ok
test_tracked_paths_reads_the_real_index (test_repo_guard.TestRepoGuard.test_tracked_paths_reads_the_real_index) ... ok
test_conflict_is_inbox_and_cleans_worktree (test_revert.RevertTests.test_conflict_is_inbox_and_cleans_worktree) ... ok
test_git_failure_is_failed_and_does_not_duplicate_issue (test_revert.RevertTests.test_git_failure_is_failed_and_does_not_duplicate_issue) ... ok
test_nonmerged_pr_never_creates_issue (test_revert.RevertTests.test_nonmerged_pr_never_creates_issue) ... ok
test_revert_prepared_and_shipped_by_existing_pipeline (test_revert.RevertTests.test_revert_prepared_and_shipped_by_existing_pipeline) ... ok
test_validation_duplicate_queue_and_confirmation (test_revert.RevertTests.test_validation_duplicate_queue_and_confirmation) ... ok
test_active_and_stopping_runs_are_pending (test_review.TestEffectiveReviewPure.test_active_and_stopping_runs_are_pending) ... ok
test_active_run_with_unbound_identity_remains_pending (test_review.TestEffectiveReviewPure.test_active_run_with_unbound_identity_remains_pending) ... ok
test_ended_and_missing_runs_are_not_pending (test_review.TestEffectiveReviewPure.test_ended_and_missing_runs_are_not_pending) ... ok
test_head_replacement_invalidates_pending_and_terminal_verdicts (test_review.TestEffectiveReviewPure.test_head_replacement_invalidates_pending_and_terminal_verdicts) ... ok
test_legacy_pending_records_conservatively_checked (test_review.TestEffectiveReviewPure.test_legacy_pending_records_conservatively_checked) ... ok
test_mismatched_run_id_is_not_pending (test_review.TestEffectiveReviewPure.test_mismatched_run_id_is_not_pending) ... ok
test_pr_replacement_invalidates_pending_and_terminal_verdicts (test_review.TestEffectiveReviewPure.test_pr_replacement_invalidates_pending_and_terminal_verdicts) ... ok
test_required_invalidation_and_empty_bindings (test_review.TestEffectiveReviewPure.test_required_invalidation_and_empty_bindings) ... ok
test_terminal_verdict_missing_both_bound_sha_and_pr_is_not_accepted (test_review.TestEffectiveReviewPure.test_terminal_verdict_missing_both_bound_sha_and_pr_is_not_accepted) ... ok
test_terminal_verdict_missing_bound_pr_is_not_accepted (test_review.TestEffectiveReviewPure.test_terminal_verdict_missing_bound_pr_is_not_accepted) ... ok
test_terminal_verdict_missing_bound_sha_is_not_accepted (test_review.TestEffectiveReviewPure.test_terminal_verdict_missing_bound_sha_is_not_accepted) ... ok
test_terminal_verdicts_are_durable_across_run_lifecycle (test_review.TestEffectiveReviewPure.test_terminal_verdicts_are_durable_across_run_lifecycle) ... ok
test_wrong_item_or_project_is_not_pending (test_review.TestEffectiveReviewPure.test_wrong_item_or_project_is_not_pending) ... ok
test_wrong_role_is_not_pending (test_review.TestEffectiveReviewPure.test_wrong_role_is_not_pending) ... ok
test_console_and_ship_gate_agree_on_ended_run_not_pending (test_review.TestEffectiveReviewWithLedger.test_console_and_ship_gate_agree_on_ended_run_not_pending) ... ok
test_console_and_ship_gate_agree_on_failed_review (test_review.TestEffectiveReviewWithLedger.test_console_and_ship_gate_agree_on_failed_review) ... ok
test_console_and_ship_gate_agree_on_passed_review (test_review.TestEffectiveReviewWithLedger.test_console_and_ship_gate_agree_on_passed_review) ... ok
test_console_and_ship_gate_agree_on_pending_review (test_review.TestEffectiveReviewWithLedger.test_console_and_ship_gate_agree_on_pending_review) ... ok
test_console_capacity_wait_uses_effective_review (test_review.TestEffectiveReviewWithLedger.test_console_capacity_wait_uses_effective_review) ... ok
test_finalization_after_interactive_preemption_leaves_item_not_pending (test_review.TestEffectiveReviewWithLedger.test_finalization_after_interactive_preemption_leaves_item_not_pending) ... ok
test_ledger_effective_for_item_active_stopping_ended_missing (test_review.TestEffectiveReviewWithLedger.test_ledger_effective_for_item_active_stopping_ended_missing) ... ok
test_ledger_effective_for_item_terminal_verdict_missing_bound_sha_or_pr (test_review.TestEffectiveReviewWithLedger.test_ledger_effective_for_item_terminal_verdict_missing_bound_sha_or_pr) ... ok
test_burst_build_order_moves_claude_first (test_routing.BurstTests.test_burst_build_order_moves_claude_first) ... ok
test_burst_disabled_in_config (test_routing.BurstTests.test_burst_disabled_in_config) ... ok
test_burst_does_not_affect_non_claude_platforms (test_routing.BurstTests.test_burst_does_not_affect_non_claude_platforms) ... ok
test_burst_does_not_stop_running_run_below_burst_hard (test_routing.BurstTests.test_burst_does_not_stop_running_run_below_burst_hard) ... ok
test_burst_hard_line_still_below_100 (test_routing.BurstTests.test_burst_hard_line_still_below_100) ... ok
test_burst_lines_only_for_claude_kind (test_routing.BurstTests.test_burst_lines_only_for_claude_kind) ... ok
test_burst_needs_fresh_samples (test_routing.BurstTests.test_burst_needs_fresh_samples) ... ok
test_burst_needs_known_reset_time (test_routing.BurstTests.test_burst_needs_known_reset_time) ... ok
test_burst_pick_skips_exhausted_claude (test_routing.BurstTests.test_burst_pick_skips_exhausted_claude) ... ok
test_no_burst_when_resets_are_far_out (test_routing.BurstTests.test_no_burst_when_resets_are_far_out) ... ok
test_pick_with_burst_prefers_claude (test_routing.BurstTests.test_pick_with_burst_prefers_claude) ... ok
test_pick_without_burst_prefers_free_tier (test_routing.BurstTests.test_pick_without_burst_prefers_free_tier) ... ok
test_plan_size_l_sorts_on_claude_opus_during_burst (test_routing.BurstTests.test_plan_size_l_sorts_on_claude_opus_during_burst) ... ok
test_session_burst_45min_only_5h (test_routing.BurstTests.test_session_burst_45min_only_5h) ... ok
test_session_burst_raises_only_5h (test_routing.BurstTests.test_session_burst_raises_only_5h) ... ok
test_weekly_burst_at_92_soft (test_routing.BurstTests.test_weekly_burst_at_92_soft) ... ok
test_weekly_burst_at_97_hard (test_routing.BurstTests.test_weekly_burst_at_97_hard) ... ok
test_weekly_burst_raises_both_windows (test_routing.BurstTests.test_weekly_burst_raises_both_windows) ... ok
test_copilot_high_takes_size_l_but_not_smaller (test_routing.CapabilitySlotTests.test_copilot_high_takes_size_l_but_not_smaller) ... ok
test_copilot_high_usage_shares_the_monthly_cap (test_routing.CapabilitySlotTests.test_copilot_high_usage_shares_the_monthly_cap) ... ok
test_copilot_uses_auto_with_the_configured_tier_but_high_stays_pinned (test_routing.CapabilitySlotTests.test_copilot_uses_auto_with_the_configured_tier_but_high_stays_pinned) ... ok
test_low_slots_are_small_and_select_the_low_models (test_routing.CapabilitySlotTests.test_low_slots_are_small_and_select_the_low_models) ... ok
test_quota_groups_are_shared_with_the_base_platform (test_routing.CapabilitySlotTests.test_quota_groups_are_shared_with_the_base_platform) ... ok
test_route_placement (test_routing.CapabilitySlotTests.test_route_placement) ... ok
test_sibling_models_reach_the_argv (test_routing.CapabilitySlotTests.test_sibling_models_reach_the_argv) ... ok
test_codex_blocked_quota_preserves_known_recovery (test_routing.CapacityRecoveryTests.test_codex_blocked_quota_preserves_known_recovery) ... ok
test_codex_blocked_unknown_recovery_keeps_probing (test_routing.CapacityRecoveryTests.test_codex_blocked_unknown_recovery_keeps_probing) ... ok
test_earliest_candidate_after_all_its_windows_recover (test_routing.CapacityRecoveryTests.test_earliest_candidate_after_all_its_windows_recover) ... ok
test_hold_and_credit_retry_are_known_even_without_quota (test_routing.CapacityRecoveryTests.test_hold_and_credit_retry_are_known_even_without_quota) ... ok
test_stale_missing_and_busy_candidates_do_not_delay_probing (test_routing.CapacityRecoveryTests.test_stale_missing_and_busy_candidates_do_not_delay_probing) ... ok
test_tier_and_reviewer_exclusion_are_permanent_but_busy_is_not (test_routing.CapacityRecoveryTests.test_tier_and_reviewer_exclusion_are_permanent_but_busy_is_not) ... ok
test_cli_cmd_usage_probe_mirrors_to_both (test_routing.ClaudeUsageSharingTests.test_cli_cmd_usage_probe_mirrors_to_both) ... ok
test_min_tier_filtering (test_routing.ClaudeUsageSharingTests.test_min_tier_filtering) ... ok
test_pinned_platform_bypasses_min_tier (test_routing.ClaudeUsageSharingTests.test_pinned_platform_bypasses_min_tier) ... ok
test_refresh_usage_mirrors_oauth_to_claude_and_opus (test_routing.ClaudeUsageSharingTests.test_refresh_usage_mirrors_oauth_to_claude_and_opus) ... ok
test_refresh_usage_mirrors_probe_to_both_and_sets_kv (test_routing.ClaudeUsageSharingTests.test_refresh_usage_mirrors_probe_to_both_and_sets_kv) ... ok
test_refresh_usage_no_lockout_when_probe_fails (test_routing.ClaudeUsageSharingTests.test_refresh_usage_no_lockout_when_probe_fails) ... ok
test_refresh_usage_sets_oauth_kv_on_success (test_routing.ClaudeUsageSharingTests.test_refresh_usage_sets_oauth_kv_on_success) ... ok
test_risk_min_tier (test_routing.ClaudeUsageSharingTests.test_risk_min_tier) ... ok
test_tier_of (test_routing.ClaudeUsageSharingTests.test_tier_of) ... ok
test_usage_needs_refresh_when_approaching_stale (test_routing.ClaudeUsageSharingTests.test_usage_needs_refresh_when_approaching_stale) ... ok
test_usage_needs_refresh_when_fresh (test_routing.ClaudeUsageSharingTests.test_usage_needs_refresh_when_fresh) ... ok
test_usage_needs_refresh_when_oauth_overdue (test_routing.ClaudeUsageSharingTests.test_usage_needs_refresh_when_oauth_overdue) ... ok
test_usage_needs_refresh_when_stale (test_routing.ClaudeUsageSharingTests.test_usage_needs_refresh_when_stale) ... ok
test_a_single_probe_reading_lands_on_both_platforms (test_routing.CopilotQuotaFanOutTests.test_a_single_probe_reading_lands_on_both_platforms) ... ok
test_account_restriction (test_routing.DiagnoseParityTests.test_account_restriction) ... ok
test_effective_size_and_tier_escalation (test_routing.DiagnoseParityTests.test_effective_size_and_tier_escalation) ... ok
test_measured_exploration_is_unaffected_by_diagnosis (test_routing.DiagnoseParityTests.test_measured_exploration_is_unaffected_by_diagnosis) ... ok
test_peak_blocks_claude_only_unless_pinned (test_routing.DiagnoseParityTests.test_peak_blocks_claude_only_unless_pinned) ... ok
test_pin (test_routing.DiagnoseParityTests.test_pin) ... ok
test_plain_route_picks_the_first_eligible (test_routing.DiagnoseParityTests.test_plain_route_picks_the_first_eligible) ... ok
test_quota_no_credit_hold_and_stale_are_distinct (test_routing.DiagnoseParityTests.test_quota_no_credit_hold_and_stale_are_distinct) ... ok
test_shared_slots_busy_and_reviewer_exclusion (test_routing.DiagnoseParityTests.test_shared_slots_busy_and_reviewer_exclusion) ... ok
test_agy_usage (test_routing.ParseTests.test_agy_usage) ... ok
test_claude_overage_in_read_log (test_routing.ParseTests.test_claude_overage_in_read_log) ... ok
test_claude_overage_marks_the_window_exhausted (test_routing.ParseTests.test_claude_overage_marks_the_window_exhausted) ... ok
test_claude_rate_limit_event (test_routing.ParseTests.test_claude_rate_limit_event) ... ok
test_cline_daily_cap_gives_retry_after_from_the_error_text (test_routing.ParseTests.test_cline_daily_cap_gives_retry_after_from_the_error_text) ... ok
test_codex_log_and_quota_error (test_routing.ParseTests.test_codex_log_and_quota_error) ... ok
test_copilot_log (test_routing.ParseTests.test_copilot_log) ... ok
test_copilot_quota_error (test_routing.ParseTests.test_copilot_quota_error) ... ok
test_kilo_auth_error_is_not_a_quota_hit (test_routing.ParseTests.test_kilo_auth_error_is_not_a_quota_hit) ... ok
test_kilo_log (test_routing.ParseTests.test_kilo_log) ... ok
test_kilo_log_without_model (test_routing.ParseTests.test_kilo_log_without_model) ... ok
test_kilo_out_of_credits_is_a_quota_hit (test_routing.ParseTests.test_kilo_out_of_credits_is_a_quota_hit) ... ok
test_logs_and_status_lines (test_routing.ParseTests.test_logs_and_status_lines) ... ok
test_next_month_start_rolls_over_the_year (test_routing.ParseTests.test_next_month_start_rolls_over_the_year) ... ok
test_probe_copilot_needs_a_login (test_routing.ParseTests.test_probe_copilot_needs_a_login) ... ok
test_probe_copilot_sums_ai_credits_into_a_monthly_pct (test_routing.ParseTests.test_probe_copilot_sums_ai_credits_into_a_monthly_pct) ... ok
test_retry_after_minutes (test_routing.ParseTests.test_retry_after_minutes) ... ok
test_status_and_override_use_system_timezone (test_routing.PeakLocalTimeTests.test_status_and_override_use_system_timezone) ... ok
test_peak_cli_help_documents_correct_flags (test_routing.PeakOverrideCommandTests.test_peak_cli_help_documents_correct_flags) ... ok
test_peak_cmd_on_clears_override_and_restores_scheduling (test_routing.PeakOverrideCommandTests.test_peak_cmd_on_clears_override_and_restores_scheduling) ... ok
test_peak_hold_reason_mentions_flag_override (test_routing.PeakOverrideCommandTests.test_peak_hold_reason_mentions_flag_override) ... ok
test_all_router_reason_categories_and_duplicate_accounts (test_routing.ReasonGroupsTests.test_all_router_reason_categories_and_duplicate_accounts) ... ok
test_backing_off_detail_includes_countdown (test_routing.RouterTests.test_backing_off_detail_includes_countdown) ... ok
test_claude_builds_only_under_its_reserve (test_routing.RouterTests.test_claude_builds_only_under_its_reserve) ... ok
test_claude_opus_model_flag (test_routing.RouterTests.test_claude_opus_model_flag) ... ok
test_claude_opus_pin_overrides_size_restrictions (test_routing.RouterTests.test_claude_opus_pin_overrides_size_restrictions) ... ok
test_claude_opus_routes_hard_tasks_unpinned (test_routing.RouterTests.test_claude_opus_routes_hard_tasks_unpinned) ... ok
test_claude_opus_skips_small_and_medium_unpinned (test_routing.RouterTests.test_claude_opus_skips_small_and_medium_unpinned) ... ok
test_claude_plans (test_routing.RouterTests.test_claude_plans) ... ok
test_cline_backs_off_after_a_quota_error (test_routing.RouterTests.test_cline_backs_off_after_a_quota_error) ... ok
test_cline_is_unmetered_but_small_items_only (test_routing.RouterTests.test_cline_is_unmetered_but_small_items_only) ... ok
test_codex_argv_is_ephemeral_unattended_jsonl_in_worktree (test_routing.RouterTests.test_codex_argv_is_ephemeral_unattended_jsonl_in_worktree) ... ok
test_codex_is_opt_in_and_metered (test_routing.RouterTests.test_codex_is_opt_in_and_metered) ... ok
test_copilot_is_metered_by_monthly_ai_credits (test_routing.RouterTests.test_copilot_is_metered_by_monthly_ai_credits) ... ok
test_effort_args_cover_every_cli_and_keep_defaults_unchanged (test_routing.RouterTests.test_effort_args_cover_every_cli_and_keep_defaults_unchanged) ... ok
test_effort_defaults_to_default_on_a_run (test_routing.RouterTests.test_effort_defaults_to_default_on_a_run) ... ok
test_fix_routes_like_a_build (test_routing.RouterTests.test_fix_routes_like_a_build)
Red CI's fix runs use the build routing, not a separate table (D18, #18). ... ok
test_fmt_countdown_units (test_routing.RouterTests.test_fmt_countdown_units) ... ok
test_free_tiers_build_first (test_routing.RouterTests.test_free_tiers_build_first) ... ok
test_hard_line (test_routing.RouterTests.test_hard_line) ... ok
test_invalid_effort_is_dropped_and_named_by_warning (test_routing.RouterTests.test_invalid_effort_is_dropped_and_named_by_warning) ... ok
test_kilo_defaults_to_a_free_model_route (test_routing.RouterTests.test_kilo_defaults_to_a_free_model_route) ... ok
test_kilo_is_unmetered_last_resort_builder (test_routing.RouterTests.test_kilo_is_unmetered_last_resort_builder) ... ok
test_kiro_argv_uses_chat_with_stream_json_and_tool_allowlist (test_routing.RouterTests.test_kiro_argv_uses_chat_with_stream_json_and_tool_allowlist) ... ok
test_kiro_is_opt_in_and_disabled_by_default (test_routing.RouterTests.test_kiro_is_opt_in_and_disabled_by_default) ... ok
test_pin_overrides_order (test_routing.RouterTests.test_pin_overrides_order) ... ok
test_plan_ignores_max_size (test_routing.RouterTests.test_plan_ignores_max_size) ... ok
test_priority_review_falls_back_to_the_build_route (test_routing.RouterTests.test_priority_review_falls_back_to_the_build_route) ... ok
test_size_l_built_by_copilot_high_still_gets_a_reviewer (test_routing.RouterTests.test_size_l_built_by_copilot_high_still_gets_a_reviewer) ... ok
test_size_l_skips_max_size_m_platforms (test_routing.RouterTests.test_size_l_skips_max_size_m_platforms) ... ok
test_size_m_build_skips_claude_opus (test_routing.RouterTests.test_size_m_build_skips_claude_opus) ... ok
test_size_m_skips_s_only_platforms (test_routing.RouterTests.test_size_m_skips_s_only_platforms) ... ok
test_sort_ignores_min_size (test_routing.RouterTests.test_sort_ignores_min_size) ... ok
test_sort_pin_overrides_max_size (test_routing.RouterTests.test_sort_pin_overrides_max_size) ... ok
test_sort_respects_explicit_max_size (test_routing.RouterTests.test_sort_respects_explicit_max_size) ... ok
test_sort_small_and_unlabelled_items_remain_eligible (test_routing.RouterTests.test_sort_small_and_unlabelled_items_remain_eligible) ... ok
test_stale_samples_are_unknown (test_routing.RouterTests.test_stale_samples_are_unknown) ... ok
test_unknown_usage_counts_as_over_the_line (test_routing.RouterTests.test_unknown_usage_counts_as_over_the_line) ... ok
test_unreadable_sample_is_stale_not_a_crash (test_routing.RouterTests.test_unreadable_sample_is_stale_not_a_crash) ... ok
test_vibe_is_opt_in_and_disabled_by_default (test_routing.RouterTests.test_vibe_is_opt_in_and_disabled_by_default) ... ok
test_weekly_reserve_applies_too (test_routing.RouterTests.test_weekly_reserve_applies_too) ... ok
test_window_countdowns_reports_each_fresh_window (test_routing.RouterTests.test_window_countdowns_reports_each_fresh_window) ... ok
test_window_countdowns_skips_rolled_over_or_missing_windows (test_routing.RouterTests.test_window_countdowns_skips_rolled_over_or_missing_windows) ... ok
test_window_reset_since_sample_is_stale (test_routing.RouterTests.test_window_reset_since_sample_is_stale) ... ok
test_absent_timestamps_keep_total_with_unknown_day (test_run_usage.RequestEvidenceTests.test_absent_timestamps_keep_total_with_unknown_day) ... ok
test_cline_fixture_counts_iterations_and_dedupes (test_run_usage.RequestEvidenceTests.test_cline_fixture_counts_iterations_and_dedupes) ... ok
test_cline_partial_without_run_result (test_run_usage.RequestEvidenceTests.test_cline_partial_without_run_result) ... ok
test_cline_without_request_event_is_unknown_not_zero (test_run_usage.RequestEvidenceTests.test_cline_without_request_event_is_unknown_not_zero) ... ok
test_columns_distinguish_zero_unknown_and_replace_idempotently (test_run_usage.RequestEvidenceTests.test_columns_distinguish_zero_unknown_and_replace_idempotently) ... ok
test_error_path_429 (test_run_usage.RequestEvidenceTests.test_error_path_429) ... ok
test_kilo_fixture_counts_steps_not_tool_or_text_events (test_run_usage.RequestEvidenceTests.test_kilo_fixture_counts_steps_not_tool_or_text_events) ... ok
test_known_zero_vs_unknown_vs_partial (test_run_usage.RequestEvidenceTests.test_known_zero_vs_unknown_vs_partial) ... ok
test_other_platforms_have_no_request_accounting (test_run_usage.RequestEvidenceTests.test_other_platforms_have_no_request_accounting) ... ok
test_resume_segments_and_duplicate_ids_count_once (test_run_usage.RequestEvidenceTests.test_resume_segments_and_duplicate_ids_count_once) ... ok
test_unknown_model_stays_unknown (test_run_usage.RequestEvidenceTests.test_unknown_model_stays_unknown) ... ok
test_agy (test_run_usage.UsageTests.test_agy) ... ok
test_backfill_dry_run_idempotence_and_skips (test_run_usage.UsageTests.test_backfill_dry_run_idempotence_and_skips) ... ok
test_backfill_reprices_unpriced_runs_from_stored_tokens (test_run_usage.UsageTests.test_backfill_reprices_unpriced_runs_from_stored_tokens) ... ok
test_claude (test_run_usage.UsageTests.test_claude) ... ok
test_cline (test_run_usage.UsageTests.test_cline) ... ok
test_codex_sums_turns_and_subtracts_cache (test_run_usage.UsageTests.test_codex_sums_turns_and_subtracts_cache) ... ok
test_config_prices_overlay (test_run_usage.UsageTests.test_config_prices_overlay) ... ok
test_copilot_last_credit_checkpoint_without_invented_tokens (test_run_usage.UsageTests.test_copilot_last_credit_checkpoint_without_invented_tokens) ... ok
test_kilo_sums_steps (test_run_usage.UsageTests.test_kilo_sums_steps) ... ok
test_pricing (test_run_usage.UsageTests.test_pricing) ... ok
test_unknown_and_malformed_lines (test_run_usage.UsageTests.test_unknown_and_malformed_lines) ... ok
test_pushes_carry_the_given_account_env (test_runner.CatchUpTests.test_pushes_carry_the_given_account_env) ... ok
test_saved_work_is_replayed_onto_current_main (test_runner.CatchUpTests.test_saved_work_is_replayed_onto_current_main) ... ok
test_work_already_on_main_drops_the_branch (test_runner.CatchUpTests.test_work_already_on_main_drops_the_branch) ... ok
test_work_that_no_longer_applies_starts_fresh_and_is_kept (test_runner.CatchUpTests.test_work_that_no_longer_applies_starts_fresh_and_is_kept) ... ok
test_empty_worktree_path_is_zero (test_runner.CommitsAheadTests.test_empty_worktree_path_is_zero) ... ok
test_missing_worktree_is_zero (test_runner.CommitsAheadTests.test_missing_worktree_is_zero) ... ok
test_missing_status_file_is_none (test_runner.ExitCodeTests.test_missing_status_file_is_none) ... ok
test_non_numeric_content_is_none (test_runner.ExitCodeTests.test_non_numeric_content_is_none) ... ok
test_normal_exit_code_is_an_int (test_runner.ExitCodeTests.test_normal_exit_code_is_an_int) ... ok
test_repository_hooks_path_is_shell_quoted (test_runner.FenceHookTests.test_repository_hooks_path_is_shell_quoted) ... ok
test_commands (test_runner.ParsingTests.test_commands) ... ok
test_depends (test_runner.ParsingTests.test_depends) ... ok
test_depends_inside_a_blockquote (test_runner.ParsingTests.test_depends_inside_a_blockquote) ... ok
test_qualified_dependencies_preserve_repository (test_runner.ParsingTests.test_qualified_dependencies_preserve_repository) ... ok
test_slug (test_runner.ParsingTests.test_slug) ... ok
test_slug_cut_never_ends_in_a_hyphen (test_runner.ParsingTests.test_slug_cut_never_ends_in_a_hyphen) ... ok
test_slug_drops_non_ascii (test_runner.ParsingTests.test_slug_drops_non_ascii) ... ok
test_slug_is_truncated_to_n_chars (test_runner.ParsingTests.test_slug_is_truncated_to_n_chars) ... ok
test_slug_of_already_hyphenated_title_is_unchanged (test_runner.ParsingTests.test_slug_of_already_hyphenated_title_is_unchanged) ... ok
test_slug_of_empty_title_falls_back_to_item (test_runner.ParsingTests.test_slug_of_empty_title_falls_back_to_item) ... ok
test_codex_launch_keeps_worktree_and_lease_fencing (test_runner.PlatformLaunchTests.test_codex_launch_keeps_worktree_and_lease_fencing) ... ok
test_claim_review_checks_out_exact_base_not_saved_branch (test_runner.PrepareAccountEnvTests.test_claim_review_checks_out_exact_base_not_saved_branch) ... ok
test_design_checks_out_pr_head_without_replaying_and_uses_planning_model (test_runner.PrepareAccountEnvTests.test_design_checks_out_pr_head_without_replaying_and_uses_planning_model) ... ok
test_fetch_carries_the_project_s_account_env (test_runner.PrepareAccountEnvTests.test_fetch_carries_the_project_s_account_env) ... ok
test_fix_external_conflict_identifies_untouched_worktree (test_runner.PrepareAccountEnvTests.test_fix_external_conflict_identifies_untouched_worktree) ... ok
test_fix_preserves_pr_branch_without_replaying_saved_work (test_runner.PrepareAccountEnvTests.test_fix_preserves_pr_branch_without_replaying_saved_work) ... ok
test_fix_reclaims_inactive_managed_worktree (test_runner.PrepareAccountEnvTests.test_fix_reclaims_inactive_managed_worktree) ... ok
test_review_worktree_detached_when_branch_held (test_runner.PrepareAccountEnvTests.test_review_worktree_detached_when_branch_held) ... ok
test_double_dollar_is_an_escaped_literal_dollar (test_runner.PromptRenderTests.test_double_dollar_is_an_escaped_literal_dollar) ... ok
test_missing_key_is_left_as_the_literal_placeholder (test_runner.PromptRenderTests.test_missing_key_is_left_as_the_literal_placeholder) ... ok
test_missing_worktree_is_a_noop_but_still_prunes (test_runner.RemoveWorktreeTests.test_missing_worktree_is_a_noop_but_still_prunes) ... ok
test_refuses_a_path_that_escapes_through_a_symlinked_ancestor (test_runner.RemoveWorktreeTests.test_refuses_a_path_that_escapes_through_a_symlinked_ancestor) ... ok
test_refuses_a_sibling_directory_sharing_only_a_string_prefix (test_runner.RemoveWorktreeTests.test_refuses_a_sibling_directory_sharing_only_a_string_prefix) ... ok
test_removes_a_worktree_inside_root (test_runner.RemoveWorktreeTests.test_removes_a_worktree_inside_root) ... ok
test_missing_storage_does_not_spawn_or_select_latest (test_runner.ResumeLaunchTests.test_missing_storage_does_not_spawn_or_select_latest) ... ok
test_rejects_foreign_account_kind_item_and_missing_identity (test_runner.ResumeLaunchTests.test_rejects_foreign_account_kind_item_and_missing_identity) ... ok
test_resume_preserves_prompt_worktree_branch_and_new_fencing (test_runner.ResumeLaunchTests.test_resume_preserves_prompt_worktree_branch_and_new_fencing) ... ok
test_vibe_missing_source_location_is_unsupported (test_runner.ResumeLaunchTests.test_vibe_missing_source_location_is_unsupported) ... ok
test_vibe_reuses_only_source_session_storage (test_runner.ResumeLaunchTests.test_vibe_reuses_only_source_session_storage) ... ok
test_run_env_applies_gh_overlay (test_runner.RunEnvTests.test_run_env_applies_gh_overlay) ... ok
test_run_env_contains_fence_and_epoch (test_runner.RunEnvTests.test_run_env_contains_fence_and_epoch) ... ok
test_setup_tail_reads_the_last_lines (test_runner.SetupTailTests.test_setup_tail_reads_the_last_lines) ... ok
test_launch_shell_string_quotes_adversarial_prompt (test_runner.ShellSanitizationTests.test_launch_shell_string_quotes_adversarial_prompt) ... ok
test_dirty_and_untracked_work_is_saved_untouched (test_runner.SnapshotTests.test_dirty_and_untracked_work_is_saved_untouched) ... ok
test_no_work_probe_distinguishes_dirty_untracked_and_committed_work (test_runner.SnapshotTests.test_no_work_probe_distinguishes_dirty_untracked_and_committed_work) ... ok
test_no_work_probe_errors_are_not_clean_evidence (test_runner.SnapshotTests.test_no_work_probe_errors_are_not_clean_evidence) ... ok
test_no_work_probe_fetches_configured_base (test_runner.SnapshotTests.test_no_work_probe_fetches_configured_base) ... ok
test_nothing_new_means_no_snapshot (test_runner.SnapshotTests.test_nothing_new_means_no_snapshot) ... ok
test_push_carries_the_given_account_env (test_runner.SnapshotTests.test_push_carries_the_given_account_env) ... ok
test_unpushed_commits_are_saved (test_runner.SnapshotTests.test_unpushed_commits_are_saved) ... ok
test_spawn_with_stdin_path_quotes_and_redirects (test_runner.SpawnStdinTests.test_spawn_with_stdin_path_quotes_and_redirects) ... ok
test_spawn_without_stdin_path_omits_redirection (test_runner.SpawnStdinTests.test_spawn_without_stdin_path_omits_redirection) ... ok
test_area_added_to_busy_areas (test_schedule.AccountStartTests.test_area_added_to_busy_areas) ... ok
test_files_added_to_busy_files (test_schedule.AccountStartTests.test_files_added_to_busy_files) ... ok
test_none_area_not_added (test_schedule.AccountStartTests.test_none_area_not_added) ... ok
test_quota_group_incremented_and_busy_set_updated (test_schedule.AccountStartTests.test_quota_group_incremented_and_busy_set_updated) ... ok
test_tier_appended (test_schedule.AccountStartTests.test_tier_appended) ... ok
test_total_and_project_count_increment (test_schedule.AccountStartTests.test_total_and_project_count_increment) ... ok
test_different_areas_both_start (test_schedule.AreaLabelTests.test_different_areas_both_start) ... ok
test_same_area_serializes_only_one_starts (test_schedule.AreaLabelTests.test_same_area_serializes_only_one_starts) ... ok
test_unlabeled_item_is_never_blocked (test_schedule.AreaLabelTests.test_unlabeled_item_is_never_blocked) ... ok
test_verifying_item_holds_its_area_against_a_ready_item (test_schedule.AreaLabelTests.test_verifying_item_holds_its_area_against_a_ready_item) ... ok
test_burst_disabled_turns_off_burst (test_schedule.BurstScheduleTests.test_burst_disabled_turns_off_burst)
enabled = false → no burst, no burst note. ... ok
test_burst_lets_claude_continue_past_normal_hard_line (test_schedule.BurstScheduleTests.test_burst_lets_claude_continue_past_normal_hard_line)
A running Claude run at 85% (normally hard) is not stopped mid-burst. ... ok
test_burst_pick_skips_exhausted_claude (test_schedule.BurstScheduleTests.test_burst_pick_skips_exhausted_claude)
If Claude is already at 98% (hard even under burst), fall to free tiers. ... ok
test_burst_picks_claude_for_build (test_schedule.BurstScheduleTests.test_burst_picks_claude_for_build)
During a burst, Claude builds first — its quota is expiring. ... ok
test_burst_suppressed_by_human_claude_flag (test_schedule.BurstScheduleTests.test_burst_suppressed_by_human_claude_flag)
5h usage rose while no Claude run was live → defer burst. ... ok
test_burst_suppressed_by_transcript_activity (test_schedule.BurstScheduleTests.test_burst_suppressed_by_transcript_activity)
Recent Claude Code transcript activity suppresses the burst. ... ok
test_no_burst_picks_free_tier_first (test_schedule.BurstScheduleTests.test_no_burst_picks_free_tier_first)
Outside a burst, free tiers build before Claude (D8 reserve). ... ok
test_bare_dependency_only_uses_current_project (test_schedule.DependencyTests.test_bare_dependency_only_uses_current_project) ... ok
test_cross_repo_build_waits_for_both_target_issues (test_schedule.DependencyTests.test_cross_repo_build_waits_for_both_target_issues) ... ok
test_disabled_duplicate_does_not_make_shorthand_ambiguous (test_schedule.DependencyTests.test_disabled_duplicate_does_not_make_shorthand_ambiguous) ... ok
test_qualified_local_ref_and_case_insensitive_matching (test_schedule.DependencyTests.test_qualified_local_ref_and_case_insensitive_matching) ... ok
test_qualified_shipped_dependency_unblocks (test_schedule.DependencyTests.test_qualified_shipped_dependency_unblocks) ... ok
test_shipped_dependency_unblocks_before_uat (test_schedule.DependencyTests.test_shipped_dependency_unblocks_before_uat)
Merged work satisfies dependents; UAT never gates the next build (mahler#683). ... ok
test_unknown_disabled_and_ambiguous_refs_remain_blocked (test_schedule.DependencyTests.test_unknown_disabled_and_ambiguous_refs_remain_blocked) ... ok
test_design_routes_through_plan_but_records_design_identity (test_schedule.DesignRoleTests.test_design_routes_through_plan_but_records_design_identity) ... ok
test_builds_beat_sorts_when_one_platform_is_left (test_schedule.FairnessTests.test_builds_beat_sorts_when_one_platform_is_left)
The live failure (mahler#9): one free builder, an older inbox sort ... ok
test_custom_priority_projects_configuration (test_schedule.FairnessTests.test_custom_priority_projects_configuration) ... ok
test_higher_priority_in_other_project_still_beats_mahler (test_schedule.FairnessTests.test_higher_priority_in_other_project_still_beats_mahler)
When not equal (p1 vs p2), issue priority still wins. ... ok
test_mahler_project_prioritized_over_other_projects_all_else_equal (test_schedule.FairnessTests.test_mahler_project_prioritized_over_other_projects_all_else_equal)
All else being equal (same priority, both builds), mahler work is ... ok
test_max_parallel_still_applies (test_schedule.FairnessTests.test_max_parallel_still_applies) ... ok
test_opted_in_codex_route_is_scheduled (test_schedule.FairnessTests.test_opted_in_codex_route_is_scheduled) ... ok
test_per_platform_max_runs_still_applies (test_schedule.FairnessTests.test_per_platform_max_runs_still_applies) ... ok
test_pinned_inbox_sort_uses_the_pin (test_schedule.FairnessTests.test_pinned_inbox_sort_uses_the_pin)
A platform pin on an inbox issue routes the sort to that platform. ... ok
test_pinned_plan_sort_still_uses_the_pin (test_schedule.FairnessTests.test_pinned_plan_sort_still_uses_the_pin)
A platform pin on a planning item overrides the default plan route. ... ok
test_priority_comes_first_across_projects (test_schedule.FairnessTests.test_priority_comes_first_across_projects) ... ok
test_room_beside_an_unmerged_change (test_schedule.FairnessTests.test_room_beside_an_unmerged_change) ... ok
test_round_robin_across_projects (test_schedule.FairnessTests.test_round_robin_across_projects)
Three items in project a and one newer in project b, three slots: ... ok
test_settle_and_dependencies_still_gate_builds (test_schedule.FairnessTests.test_settle_and_dependencies_still_gate_builds) ... ok
test_sorts_are_not_deferred_when_headroom_is_plenty (test_schedule.FairnessTests.test_sorts_are_not_deferred_when_headroom_is_plenty)
With room everywhere the tiebreak is age again: the older sort ... ok
test_unmerged_change_does_not_hold_sorts (test_schedule.FairnessTests.test_unmerged_change_does_not_hold_sorts) ... ok
test_unmerged_change_holds_the_build_slot (test_schedule.FairnessTests.test_unmerged_change_holds_the_build_slot)
The live failure (mahler#27): with max_parallel 1, three builds ran ... ok
test_disjoint_files_both_start (test_schedule.FileOverlapTests.test_disjoint_files_both_start) ... ok
test_item_with_no_files_is_never_blocked (test_schedule.FileOverlapTests.test_item_with_no_files_is_never_blocked) ... ok
test_overlapping_files_serializes_only_one_starts (test_schedule.FileOverlapTests.test_overlapping_files_serializes_only_one_starts) ... ok
test_verifying_item_holds_its_files_against_a_ready_item (test_schedule.FileOverlapTests.test_verifying_item_holds_its_files_against_a_ready_item) ... ok
test_a_project_can_opt_out_of_the_hot_hold (test_schedule.HotHoldTests.test_a_project_can_opt_out_of_the_hot_hold) ... ok
test_a_raised_window_holds_longer (test_schedule.HotHoldTests.test_a_raised_window_holds_longer) ... ok
test_activity_older_than_the_window_lets_builds_start (test_schedule.HotHoldTests.test_activity_older_than_the_window_lets_builds_start) ... ok
test_end_session_lifts_hold_until_new_activity (test_schedule.HotHoldTests.test_end_session_lifts_hold_until_new_activity) ... ok
test_no_activity_at_all_lets_builds_start (test_schedule.HotHoldTests.test_no_activity_at_all_lets_builds_start) ... ok
test_no_hot_hold_let_starts_through_everywhere (test_schedule.HotHoldTests.test_no_hot_hold_let_starts_through_everywhere) ... ok
test_recent_activity_holds_new_builds (test_schedule.HotHoldTests.test_recent_activity_holds_new_builds) ... ok
test_sorts_are_not_gated_by_the_hot_hold (test_schedule.HotHoldTests.test_sorts_are_not_gated_by_the_hot_hold) ... ok
test_no_activity_releases_the_expired_lease (test_schedule.InteractiveLeaseRenewalTests.test_no_activity_releases_the_expired_lease) ... ok
test_recent_claude_activity_renews_the_lease (test_schedule.InteractiveLeaseRenewalTests.test_recent_claude_activity_renews_the_lease) ... ok
test_exclusions_are_project_scoped_for_every_seed_path (test_schedule.ProjectExclusionTests.test_exclusions_are_project_scoped_for_every_seed_path) ... ok
test_canonical_orphan_sweep_preserves_remote_claim_on_inbox_item (test_schedule.QuotaGroupTests.test_canonical_orphan_sweep_preserves_remote_claim_on_inbox_item) ... ok
test_claude_opus_starts_when_free (test_schedule.QuotaGroupTests.test_claude_opus_starts_when_free)
With nothing active, the size:l item starts on claude-opus. ... ok
test_claude_run_blocks_claude_opus (test_schedule.QuotaGroupTests.test_claude_run_blocks_claude_opus)
With a claude run active, claude-opus is marked busy ... ok
test_different_groups_dont_block_each_other (test_schedule.QuotaGroupTests.test_different_groups_dont_block_each_other)
agy-gemini and claude are in different quota groups: with ... ok
test_orphan_lease_on_ready_and_done_items_reaped_on_tick (test_schedule.QuotaGroupTests.test_orphan_lease_on_ready_and_done_items_reaped_on_tick) ... ok
test_orphan_working_item_reclaimed_on_tick (test_schedule.QuotaGroupTests.test_orphan_working_item_reclaimed_on_tick) ... ok
test_red_ci_respects_quota_group (test_schedule.QuotaGroupTests.test_red_ci_respects_quota_group)
_red_ci uses busy_platforms: a fix run doesn't start on ... ok
test_unreachable_canonical_host_skips_project_without_starting (test_schedule.RemoteLeaseFailureTests.test_unreachable_canonical_host_skips_project_without_starting) ... ok
test_candidate_holds (test_schedule.ScheduleHoldTests.test_candidate_holds) ... ok
test_schedule_branches (test_schedule.ScheduleHoldTests.test_schedule_branches) ... ok
test_snapshot_is_bounded_and_dry_run_does_not_write (test_schedule.ScheduleHoldTests.test_snapshot_is_bounded_and_dry_run_does_not_write) ... ok
test_tick_records_paused_and_scheduled_holds_and_survives_failed_write (test_schedule.ScheduleHoldTests.test_tick_records_paused_and_scheduled_holds_and_survives_failed_write) ... ok
test_failed_start_does_not_update_accounting (test_schedule.ScheduleStateUpdateTests.test_failed_start_does_not_update_accounting)
When start() returns False (e.g. lease conflict), the item's slot ... ok
test_rejected_candidate_does_not_pollute_busy_areas (test_schedule.ScheduleStateUpdateTests.test_rejected_candidate_does_not_pollute_busy_areas)
An ineligible candidate (e.g. area collision) must not add its ... ok
test_successful_dry_run_updates_accounting (test_schedule.ScheduleStateUpdateTests.test_successful_dry_run_updates_accounting)
A dry-run 'would build' still counts toward totals so later ... ok
test_absent_by_tier_reproduces_current_behavior (test_schedule.TierBudgetScheduleTests.test_absent_by_tier_reproduces_current_behavior)
Regression guard: with no by_tier configured, two active ... ok
test_by_tier_budget_allows_up_to_its_cap (test_schedule.TierBudgetScheduleTests.test_by_tier_budget_allows_up_to_its_cap)
by_tier = {1: 3}: two active tier-1 runs (cline-free) leave room ... ok
test_by_tier_budget_blocks_a_second_concurrent_scarce_run (test_schedule.TierBudgetScheduleTests.test_by_tier_budget_blocks_a_second_concurrent_scarce_run)
by_tier = {4: 1}: a size:l item that would otherwise route to ... ok
test_by_tier_budget_blocks_once_its_cap_is_reached (test_schedule.TierBudgetScheduleTests.test_by_tier_budget_blocks_once_its_cap_is_reached)
by_tier = {1: 3}: three active tier-1 runs (cline-free + kilo) ... ok
test_total_still_wins_even_when_by_tier_allows_more (test_schedule.TierBudgetScheduleTests.test_total_still_wins_even_when_by_tier_allows_more)
concurrency.total stays the hard outer ceiling: a generous ... ok
test_a_scarcer_run_counts_against_a_laxer_budget (test_schedule.TierBudgetUnitTests.test_a_scarcer_run_counts_against_a_laxer_budget)
A tier-4 (claude-opus) run also counts against a tier-'2 and up' ... ok
test_absent_by_tier_blocks_nothing (test_schedule.TierBudgetUnitTests.test_absent_by_tier_blocks_nothing) ... ok
test_at_cap_also_blocks_tiers_above_it (test_schedule.TierBudgetUnitTests.test_at_cap_also_blocks_tiers_above_it)
'At or above': a budget keyed at tier 3 also blocks tier 4 ... ok
test_at_cap_blocks_its_own_tier (test_schedule.TierBudgetUnitTests.test_at_cap_blocks_its_own_tier) ... ok
test_at_cap_leaves_lower_tiers_free (test_schedule.TierBudgetUnitTests.test_at_cap_leaves_lower_tiers_free) ... ok
test_below_cap_blocks_nothing (test_schedule.TierBudgetUnitTests.test_below_cap_blocks_nothing) ... ok
test_a_running_variant_blocks_a_sibling_variant_at_max_runs_one (test_schedule.VariantQuotaGroupTests.test_a_running_variant_blocks_a_sibling_variant_at_max_runs_one) ... ok
test_group_max_runs_caps_total_starts_across_variants_in_one_tick (test_schedule.VariantQuotaGroupTests.test_group_max_runs_caps_total_starts_across_variants_in_one_tick)
Three variants, max_runs=2 on their shared slot, each item pinned ... ok
test_group_under_max_runs_leaves_the_sibling_free (test_schedule.VariantQuotaGroupTests.test_group_under_max_runs_leaves_the_sibling_free) ... ok
test_two_variants_sharing_one_slot_still_defer_sorts_to_builds (test_schedule.VariantQuotaGroupTests.test_two_variants_sharing_one_slot_still_defer_sorts_to_builds)
Two healthy variants share one quota_group slot (max_runs=1): that ... ok
test_bounds_only_limit_report_not_evidence (test_scorecard.AttemptTests.test_bounds_only_limit_report_not_evidence) ... ok
test_bug_window_and_whole_tokens (test_scorecard.AttemptTests.test_bug_window_and_whole_tokens) ... ok
test_clean_and_metadata (test_scorecard.AttemptTests.test_clean_and_metadata) ... ok
test_crashes (test_scorecard.AttemptTests.test_crashes) ... ok
test_delayed_merge_discovery (test_scorecard.AttemptTests.test_delayed_merge_discovery) ... ok
test_design_run_is_not_scored_as_a_plan_or_build_attempt (test_scorecard.AttemptTests.test_design_run_is_not_scored_as_a_plan_or_build_attempt) ... ok
test_each_exclusion (test_scorecard.AttemptTests.test_each_exclusion) ... ok
test_excluded_fix_remains_defect_evidence (test_scorecard.AttemptTests.test_excluded_fix_remains_defect_evidence) ... ok
test_historical_revert_outbox_and_unexecuted_actions (test_scorecard.AttemptTests.test_historical_revert_outbox_and_unexecuted_actions) ... ok
test_later_fix_including_running_fix (test_scorecard.AttemptTests.test_later_fix_including_running_fix) ... ok
test_legacy_review_failure (test_scorecard.AttemptTests.test_legacy_review_failure) ... ok
test_linked_uat_bug_without_label_or_reference (test_scorecard.AttemptTests.test_linked_uat_bug_without_label_or_reference) ... ok
test_model_unavailable_excluded_from_variant_and_parent_scores (test_scorecard.AttemptTests.test_model_unavailable_excluded_from_variant_and_parent_scores) ... ok
test_old_and_other_project_evidence_does_not_blame_new_run (test_scorecard.AttemptTests.test_old_and_other_project_evidence_does_not_blame_new_run) ... ok
test_read_only_repeatable_and_late_evidence_reclassifies (test_scorecard.AttemptTests.test_read_only_repeatable_and_late_evidence_reclassifies) ... ok
test_ready_escalated_or_split (test_scorecard.AttemptTests.test_ready_escalated_or_split) ... ok
test_ready_first_build_success_failure_pending_and_exclusions (test_scorecard.AttemptTests.test_ready_first_build_success_failure_pending_and_exclusions) ... ok
test_release_shipping_timestamp_supports_bug_evidence (test_scorecard.AttemptTests.test_release_shipping_timestamp_supports_bug_evidence) ... ok
test_revert (test_scorecard.AttemptTests.test_revert) ... ok
test_review_clean_and_missed_defects (test_scorecard.AttemptTests.test_review_clean_and_missed_defects) ... ok
test_review_fail_persists_after_kv_overwrite (test_scorecard.AttemptTests.test_review_fail_persists_after_kv_overwrite) ... ok
test_split_threshold_pending_and_resplit (test_scorecard.AttemptTests.test_split_threshold_pending_and_resplit) ... ok
test_uat_fail (test_scorecard.AttemptTests.test_uat_fail) ... ok
test_uat_shipping_timestamp_supports_bug_evidence (test_scorecard.AttemptTests.test_uat_shipping_timestamp_supports_bug_evidence) ... ok
test_unmerged_close_does_not_open_the_bug_window (test_scorecard.AttemptTests.test_unmerged_close_does_not_open_the_bug_window) ... ok
test_dominance_requires_both_strict_comparisons_and_same_role_size (test_scorecard.TableTests.test_dominance_requires_both_strict_comparisons_and_same_role_size) ... ok
test_pending_excluded_pricing_and_no_resolved_statistics (test_scorecard.TableTests.test_pending_excluded_pricing_and_no_resolved_statistics) ... ok
test_project_and_window_filters (test_scorecard.TableTests.test_project_and_window_filters) ... ok
test_ranked_status_cost_ties_filters_and_input_unchanged (test_scorecard.TableTests.test_ranked_status_cost_ties_filters_and_input_unchanged) ... ok
test_status_minimum_and_role_bars (test_scorecard.TableTests.test_status_minimum_and_role_bars) ... ok
test_unpriced_sample_and_zero_success (test_scorecard.TableTests.test_unpriced_sample_and_zero_success) ... ok
test_weighted_cost_success_tokens_and_minutes (test_scorecard.TableTests.test_weighted_cost_success_tokens_and_minutes) ... ok
test_wilson_hand_computed (test_scorecard.TableTests.test_wilson_hand_computed) ... ok
test_attempts_are_bounded (test_screenshot_delivery.DeliveryTests.test_attempts_are_bounded) ... ok
test_comment_failure_is_advisory_and_retries_without_reupload (test_screenshot_delivery.DeliveryTests.test_comment_failure_is_advisory_and_retries_without_reupload) ... ok
test_deleted_cached_comment_recovers_without_duplicate_or_reupload (test_screenshot_delivery.DeliveryTests.test_deleted_cached_comment_recovers_without_duplicate_or_reupload) ... ok
test_deleted_cached_id_stays_cleared_when_lookup_fails (test_screenshot_delivery.DeliveryTests.test_deleted_cached_id_stays_cleared_when_lookup_fails) ... ok
test_disabled_or_dry_run_does_nothing (test_screenshot_delivery.DeliveryTests.test_disabled_or_dry_run_does_nothing) ... ok
test_duplicate_routes_pair_each_local_image_with_its_durable_url (test_screenshot_delivery.DeliveryTests.test_duplicate_routes_pair_each_local_image_with_its_durable_url) ... ok
test_failed_capture_gets_generic_note_and_no_context (test_screenshot_delivery.DeliveryTests.test_failed_capture_gets_generic_note_and_no_context) ... ok
test_head_drift_after_publication_skips_comment (test_screenshot_delivery.DeliveryTests.test_head_drift_after_publication_skips_comment) ... ok
test_lost_comment_record_recovers_by_marker (test_screenshot_delivery.DeliveryTests.test_lost_comment_record_recovers_by_marker) ... ok
test_new_head_edits_same_comment_and_old_evidence_not_current (test_screenshot_delivery.DeliveryTests.test_new_head_edits_same_comment_and_old_evidence_not_current) ... ok
test_non_404_edit_failure_keeps_cached_id_without_replacement (test_screenshot_delivery.DeliveryTests.test_non_404_edit_failure_keeps_cached_id_without_replacement) ... ok
test_opted_in_publishes_immutable_links_and_reviewer_context (test_screenshot_delivery.DeliveryTests.test_opted_in_publishes_immutable_links_and_reviewer_context) ... ok
test_privacy_not_exactly_true_leaks_nothing (test_screenshot_delivery.DeliveryTests.test_privacy_not_exactly_true_leaks_nothing) ... ok
test_record_merge_keeps_head_and_merge_sha_separate (test_screenshot_delivery.DeliveryTests.test_record_merge_keeps_head_and_merge_sha_separate) ... ok
test_repeat_ticks_and_restart_reuse_records (test_screenshot_delivery.DeliveryTests.test_repeat_ticks_and_restart_reuse_records) ... ok
test_upload_failure_is_advisory_generic_and_keeps_local_images (test_screenshot_delivery.DeliveryTests.test_upload_failure_is_advisory_generic_and_keeps_local_images) ... ok
test_wrong_head_never_publishes_or_comments (test_screenshot_delivery.DeliveryTests.test_wrong_head_never_publishes_or_comments) ... ok
test_configured_worktree_paths_and_symlinks_are_refused (test_screenshots.CaptureTests.test_configured_worktree_paths_and_symlinks_are_refused) ... ok
test_disabled (test_screenshots.CaptureTests.test_disabled) ... ok
test_env_shebang_resolves_configured_interpreter_without_inherited_env (test_screenshots.CaptureTests.test_env_shebang_resolves_configured_interpreter_without_inherited_env) ... ok
test_installed_tool_uses_only_capture_environment (test_screenshots.CaptureTests.test_installed_tool_uses_only_capture_environment) ... ok
test_interrupted_and_persistence_failure (test_screenshots.CaptureTests.test_interrupted_and_persistence_failure) ... ok
test_project_script_and_symlink_are_never_executed (test_screenshots.CaptureTests.test_project_script_and_symlink_are_never_executed) ... ok
test_success_once_and_new_head (test_screenshots.CaptureTests.test_success_once_and_new_head) ... ok
test_timeout_kills_group_and_reaps (test_screenshots.CaptureTests.test_timeout_kills_group_and_reaps) ... ok
test_unavailable_and_failures_are_terminal (test_screenshots.CaptureTests.test_unavailable_and_failures_are_terminal) ... ok
test_worktree_requires_exact_head_and_build_role (test_screenshots.CaptureTests.test_worktree_requires_exact_head_and_build_role) ... ok
test_invalid_manifest_values (test_screenshots.ScreenshotTests.test_invalid_manifest_values) ... ok
test_invalid_paths_and_routes (test_screenshots.ScreenshotTests.test_invalid_paths_and_routes) ... ok
test_malformed_and_oversized_manifest (test_screenshots.ScreenshotTests.test_malformed_and_oversized_manifest) ... ok
test_missing_bad_signature_and_oversized_png (test_screenshots.ScreenshotTests.test_missing_bad_signature_and_oversized_png) ... ok
test_nested_files_and_existing_head (test_screenshots.ScreenshotTests.test_nested_files_and_existing_head) ... ok
test_round_trip_survives_source_removal_and_is_private (test_screenshots.ScreenshotTests.test_round_trip_survives_source_removal_and_is_private) ... ok
test_storage_keys_and_symlinks_cannot_escape (test_screenshots.ScreenshotTests.test_storage_keys_and_symlinks_cannot_escape) ... ok
test_symlinks_and_non_regular_files (test_screenshots.ScreenshotTests.test_symlinks_and_non_regular_files) ... ok
test_total_bound_and_exact_limits (test_screenshots.ScreenshotTests.test_total_bound_and_exact_limits) ... ok
test_answer_returns_id_and_undo (test_serve.TestAnswers.test_answer_returns_id_and_undo) ... serve: 2026-10-08T03:42:32.064+00:00 method="POST" path="/api/answer" status=- size=0 duration_ms=0.173 event="start"
serve: 2026-10-08T03:42:32.064+00:00 method="POST" path="/api/answer" status=200 size=40 duration_ms=0.588 event="end"
serve: 2026-10-08T03:42:32.065+00:00 method="POST" path="/api/answer_undo" status=- size=0 duration_ms=0.057 event="start"
serve: 2026-10-08T03:42:32.065+00:00 method="POST" path="/api/answer_undo" status=200 size=12 duration_ms=0.211 event="end"
serve: 2026-10-08T03:42:32.065+00:00 method="POST" path="/api/answer_undo" status=- size=0 duration_ms=0.046 event="start"
serve: 2026-10-08T03:42:32.066+00:00 method="POST" path="/api/answer_undo" status=400 size=38 duration_ms=0.147 event="end"
ok
test_download (test_serve.TestAttachments.test_download) ... serve: 2026-10-08T03:42:32.092+00:00 method="POST" path="/api/attach" status=- size=0 duration_ms=0.134 event="start"
serve: 2026-10-08T03:42:32.092+00:00 method="POST" path="/api/attach" status=200 size=78 duration_ms=0.571 event="end"
serve: 2026-10-08T03:42:32.093+00:00 method="GET" path="/attachments/8793f77dffa94f84987723c0bb4ec330.png" status=200 size=17 duration_ms=0.337 event="end"
ok
test_download_path_traversal (test_serve.TestAttachments.test_download_path_traversal) ... serve: 2026-10-08T03:42:32.120+00:00 method="GET" path="/attachments/../config.toml" status=- size=0 duration_ms=0.080 event="code 404, message Not Found"
serve: 2026-10-08T03:42:32.120+00:00 method="GET" path="/attachments/../config.toml" status=404 size=455 duration_ms=0.217 event="end"
ok
test_upload (test_serve.TestAttachments.test_upload) ... serve: 2026-10-08T03:42:32.144+00:00 method="POST" path="/api/attach" status=- size=0 duration_ms=0.076 event="start"
serve: 2026-10-08T03:42:32.144+00:00 method="POST" path="/api/attach" status=200 size=78 duration_ms=0.479 event="end"
ok
test_upload_magic_bytes_check (test_serve.TestAttachments.test_upload_magic_bytes_check) ... serve: 2026-10-08T03:42:32.170+00:00 method="POST" path="/api/attach" status=- size=0 duration_ms=0.080 event="start"
serve: 2026-10-08T03:42:32.170+00:00 method="POST" path="/api/attach" status=400 size=60 duration_ms=0.209 event="end"
ok
test_git_error_never_shutdown (test_serve.TestAutoRestart.test_git_error_never_shutdown) ... ok
test_head_change_triggers_shutdown (test_serve.TestAutoRestart.test_head_change_triggers_shutdown) ... serve: code updated abc123 -> def456, restarting
ok
test_serve_subcommand_defaults (test_serve.TestCliWiring.test_serve_subcommand_defaults) ... ok
test_serve_subcommand_passes_args (test_serve.TestCliWiring.test_serve_subcommand_passes_args) ... ok
test_auth_still_applies (test_serve.TestClientLog.test_auth_still_applies) ... serve: 2026-10-08T03:42:32.426+00:00 method="POST" path="/api/client_log" status=- size=0 duration_ms=0.083 event="start"
serve: 2026-10-08T03:42:32.426+00:00 method="POST" path="/api/client_log" status=403 size=57 duration_ms=0.175 event="end"
serve: 2026-10-08T03:42:32.427+00:00 method="POST" path="/api/client_log" status=- size=0 duration_ms=0.047 event="start"
serve: 2026-10-08T03:42:32.427+00:00 method="POST" path="/api/client_log" status=415 size=47 duration_ms=0.101 event="end"
serve: 2026-10-08T03:42:32.427+00:00 method="POST" path="/api/client_log" status=- size=0 duration_ms=0.054 event="start"
serve: 2026-10-08T03:42:32.427+00:00 method="POST" path="/api/client_log" status=403 size=52 duration_ms=0.124 event="end"
serve: 2026-10-08T03:42:32.428+00:00 method="POST" path="/api/client_log" status=- size=0 duration_ms=0.044 event="start"
serve: 2026-10-08T03:42:32.428+00:00 method="POST" path="/api/client_log" status=403 size=83 duration_ms=0.108 event="end"
ok
test_browser_reports_without_waiting_for_telemetry (test_serve.TestClientLog.test_browser_reports_without_waiting_for_telemetry) ... ok
test_does_not_wait_for_action_lock_or_load_config (test_serve.TestClientLog.test_does_not_wait_for_action_lock_or_load_config) ... serve: 2026-10-08T03:42:32.567+00:00 method="POST" path="/api/client_log" status=- size=0 duration_ms=0.110 event="start"
serve: 2026-10-08T03:42:32.567+00:00 method="POST" path="/api/client_log" status=204 size=0 duration_ms=0.405 event="end"
ok
test_ip_budgets_are_independent (test_serve.TestClientLog.test_ip_budgets_are_independent) ... ok
test_malformed_reports_are_silently_discarded (test_serve.TestClientLog.test_malformed_reports_are_silently_discarded) ... serve: 2026-10-08T03:42:32.618+00:00 method="POST" path="/api/client_log" status=- size=0 duration_ms=0.083 event="start"
serve: 2026-10-08T03:42:32.618+00:00 method="POST" path="/api/client_log" status=204 size=0 duration_ms=0.198 event="end"
serve: 2026-10-08T03:42:32.619+00:00 method="POST" path="/api/client_log" status=- size=0 duration_ms=0.049 event="start"
serve: 2026-10-08T03:42:32.619+00:00 method="POST" path="/api/client_log" status=204 size=0 duration_ms=0.147 event="end"
serve: 2026-10-08T03:42:32.619+00:00 method="POST" path="/api/client_log" status=- size=0 duration_ms=0.050 event="start"
serve: 2026-10-08T03:42:32.619+00:00 method="POST" path="/api/client_log" status=204 size=0 duration_ms=0.167 event="end"
serve: 2026-10-08T03:42:32.620+00:00 method="POST" path="/api/client_log" status=- size=0 duration_ms=0.048 event="start"
serve: 2026-10-08T03:42:32.620+00:00 method="POST" path="/api/client_log" status=204 size=0 duration_ms=0.173 event="end"
serve: 2026-10-08T03:42:32.620+00:00 method="POST" path="/api/client_log" status=- size=0 duration_ms=0.045 event="start"
serve: 2026-10-08T03:42:32.620+00:00 method="POST" path="/api/client_log" status=204 size=0 duration_ms=0.116 event="end"
serve: 2026-10-08T03:42:32.621+00:00 method="POST" path="/api/client_log" status=- size=0 duration_ms=0.042 event="start"
serve: 2026-10-08T03:42:32.621+00:00 method="POST" path="/api/client_log" status=204 size=0 duration_ms=0.192 event="end"
serve: 2026-10-08T03:42:32.621+00:00 method="POST" path="/api/client_log" status=- size=0 duration_ms=0.044 event="start"
serve: 2026-10-08T03:42:32.621+00:00 method="POST" path="/api/client_log" status=204 size=0 duration_ms=0.110 event="end"
serve: 2026-10-08T03:42:32.622+00:00 method="POST" path="/api/client_log" status=- size=0 duration_ms=0.041 event="start"
serve: 2026-10-08T03:42:32.622+00:00 method="POST" path="/api/client_log" status=204 size=0 duration_ms=0.094 event="end"
serve: 2026-10-08T03:42:32.622+00:00 method="POST" path="/api/client_log" status=- size=0 duration_ms=0.048 event="start"
serve: 2026-10-08T03:42:32.622+00:00 method="POST" path="/api/client_log" status=204 size=0 duration_ms=0.115 event="end"
serve: 2026-10-08T03:42:32.622+00:00 method="POST" path="/api/client_log" status=- size=0 duration_ms=0.043 event="start"
serve: 2026-10-08T03:42:32.623+00:00 method="POST" path="/api/client_log" status=204 size=0 duration_ms=0.096 event="end"
serve: 2026-10-08T03:42:32.623+00:00 method="POST" path="/api/client_log" status=- size=0 duration_ms=0.041 event="start"
serve: 2026-10-08T03:42:32.623+00:00 method="POST" path="/api/client_log" status=204 size=0 duration_ms=0.101 event="end"
serve: 2026-10-08T03:42:32.623+00:00 method="POST" path="/api/client_log" status=- size=0 duration_ms=0.042 event="start"
serve: 2026-10-08T03:42:32.623+00:00 method="POST" path="/api/client_log" status=204 size=0 duration_ms=0.110 event="end"
serve: 2026-10-08T03:42:32.624+00:00 method="POST" path="/api/client_log" status=- size=0 duration_ms=0.039 event="start"
serve: 2026-10-08T03:42:32.624+00:00 method="POST" path="/api/client_log" status=204 size=0 duration_ms=0.089 event="end"
ok
test_rate_cap_and_window_reset (test_serve.TestClientLog.test_rate_cap_and_window_reset) ... serve: 2026-10-08T03:42:32.650+00:00 method="POST" path="/api/client_log" status=- size=0 duration_ms=0.000 event="start"
serve: 2026-10-08T03:42:32.651+00:00 method="POST" path="/api/client_log" status=204 size=0 duration_ms=0.000 event="end"
serve: 2026-10-08T03:42:32.651+00:00 method="POST" path="/api/client_log" status=- size=0 duration_ms=0.000 event="start"
serve: 2026-10-08T03:42:32.651+00:00 method="POST" path="/api/client_log" status=204 size=0 duration_ms=0.000 event="end"
serve: 2026-10-08T03:42:32.652+00:00 method="POST" path="/api/client_log" status=- size=0 duration_ms=0.000 event="start"
serve: 2026-10-08T03:42:32.652+00:00 method="POST" path="/api/client_log" status=204 size=0 duration_ms=0.000 event="end"
serve: 2026-10-08T03:42:32.652+00:00 method="POST" path="/api/client_log" status=- size=0 duration_ms=0.000 event="start"
serve: 2026-10-08T03:42:32.652+00:00 method="POST" path="/api/client_log" status=204 size=0 duration_ms=0.000 event="end"
serve: 2026-10-08T03:42:32.652+00:00 method="POST" path="/api/client_log" status=- size=0 duration_ms=0.000 event="start"
serve: 2026-10-08T03:42:32.653+00:00 method="POST" path="/api/client_log" status=204 size=0 duration_ms=0.000 event="end"
serve: 2026-10-08T03:42:32.654+00:00 method="POST" path="/api/client_log" status=- size=0 duration_ms=0.000 event="start"
serve: 2026-10-08T03:42:32.654+00:00 method="POST" path="/api/client_log" status=204 size=0 duration_ms=0.000 event="end"
serve: 2026-10-08T03:42:32.654+00:00 method="POST" path="/api/client_log" status=- size=0 duration_ms=0.000 event="start"
serve: 2026-10-08T03:42:32.654+00:00 method="POST" path="/api/client_log" status=204 size=0 duration_ms=0.000 event="end"
serve: 2026-10-08T03:42:32.655+00:00 method="POST" path="/api/client_log" status=- size=0 duration_ms=0.000 event="start"
serve: 2026-10-08T03:42:32.655+00:00 method="POST" path="/api/client_log" status=204 size=0 duration_ms=0.000 event="end"
serve: 2026-10-08T03:42:32.655+00:00 method="POST" path="/api/client_log" status=- size=0 duration_ms=0.000 event="start"
serve: 2026-10-08T03:42:32.655+00:00 method="POST" path="/api/client_log" status=204 size=0 duration_ms=0.000 event="end"
serve: 2026-10-08T03:42:32.655+00:00 method="POST" path="/api/client_log" status=- size=0 duration_ms=0.000 event="start"
serve: 2026-10-08T03:42:32.656+00:00 method="POST" path="/api/client_log" status=204 size=0 duration_ms=0.000 event="end"
serve: 2026-10-08T03:42:32.656+00:00 method="POST" path="/api/client_log" status=- size=0 duration_ms=0.000 event="start"
serve: 2026-10-08T03:42:32.656+00:00 method="POST" path="/api/client_log" status=204 size=0 duration_ms=0.000 event="end"
serve: 2026-10-08T03:42:32.656+00:00 method="POST" path="/api/client_log" status=- size=0 duration_ms=0.000 event="start"
serve: 2026-10-08T03:42:32.657+00:00 method="POST" path="/api/client_log" status=204 size=0 duration_ms=0.000 event="end"
serve: 2026-10-08T03:42:32.657+00:00 method="POST" path="/api/client_log" status=- size=0 duration_ms=0.000 event="start"
serve: 2026-10-08T03:42:32.657+00:00 method="POST" path="/api/client_log" status=204 size=0 duration_ms=0.000 event="end"
serve: 2026-10-08T03:42:32.657+00:00 method="POST" path="/api/client_log" status=- size=0 duration_ms=0.000 event="start"
serve: 2026-10-08T03:42:32.657+00:00 method="POST" path="/api/client_log" status=204 size=0 duration_ms=0.000 event="end"
serve: 2026-10-08T03:42:32.658+00:00 method="POST" path="/api/client_log" status=- size=0 duration_ms=0.000 event="start"
serve: 2026-10-08T03:42:32.658+00:00 method="POST" path="/api/client_log" status=204 size=0 duration_ms=0.000 event="end"
serve: 2026-10-08T03:42:32.658+00:00 method="POST" path="/api/client_log" status=- size=0 duration_ms=0.000 event="start"
serve: 2026-10-08T03:42:32.658+00:00 method="POST" path="/api/client_log" status=204 size=0 duration_ms=0.000 event="end"
serve: 2026-10-08T03:42:32.659+00:00 method="POST" path="/api/client_log" status=- size=0 duration_ms=0.000 event="start"
serve: 2026-10-08T03:42:32.659+00:00 method="POST" path="/api/client_log" status=204 size=0 duration_ms=0.000 event="end"
serve: 2026-10-08T03:42:32.659+00:00 method="POST" path="/api/client_log" status=- size=0 duration_ms=0.000 event="start"
serve: 2026-10-08T03:42:32.659+00:00 method="POST" path="/api/client_log" status=204 size=0 duration_ms=0.000 event="end"
serve: 2026-10-08T03:42:32.660+00:00 method="POST" path="/api/client_log" status=- size=0 duration_ms=0.000 event="start"
serve: 2026-10-08T03:42:32.660+00:00 method="POST" path="/api/client_log" status=204 size=0 duration_ms=0.000 event="end"
serve: 2026-10-08T03:42:32.660+00:00 method="POST" path="/api/client_log" status=- size=0 duration_ms=0.000 event="start"
serve: 2026-10-08T03:42:32.660+00:00 method="POST" path="/api/client_log" status=204 size=0 duration_ms=0.000 event="end"
serve: 2026-10-08T03:42:32.660+00:00 method="POST" path="/api/client_log" status=- size=0 duration_ms=0.000 event="start"
serve: 2026-10-08T03:42:32.661+00:00 method="POST" path="/api/client_log" status=204 size=0 duration_ms=0.000 event="end"
serve: 2026-10-08T03:42:32.661+00:00 method="POST" path="/api/client_log" status=- size=0 duration_ms=0.000 event="start"
serve: 2026-10-08T03:42:32.661+00:00 method="POST" path="/api/client_log" status=204 size=0 duration_ms=0.000 event="end"
serve: 2026-10-08T03:42:32.661+00:00 method="POST" path="/api/client_log" status=- size=0 duration_ms=0.000 event="start"
serve: 2026-10-08T03:42:32.661+00:00 method="POST" path="/api/client_log" status=204 size=0 duration_ms=0.000 event="end"
serve: 2026-10-08T03:42:32.662+00:00 method="POST" path="/api/client_log" status=- size=0 duration_ms=0.000 event="start"
serve: 2026-10-08T03:42:32.662+00:00 method="POST" path="/api/client_log" status=204 size=0 duration_ms=0.000 event="end"
serve: 2026-10-08T03:42:32.662+00:00 method="POST" path="/api/client_log" status=- size=0 duration_ms=0.000 event="start"
serve: 2026-10-08T03:42:32.662+00:00 method="POST" path="/api/client_log" status=204 size=0 duration_ms=0.000 event="end"
serve: 2026-10-08T03:42:32.663+00:00 method="POST" path="/api/client_log" status=- size=0 duration_ms=0.000 event="start"
serve: 2026-10-08T03:42:32.663+00:00 method="POST" path="/api/client_log" status=204 size=0 duration_ms=0.000 event="end"
serve: 2026-10-08T03:42:32.663+00:00 method="POST" path="/api/client_log" status=- size=0 duration_ms=0.000 event="start"
serve: 2026-10-08T03:42:32.663+00:00 method="POST" path="/api/client_log" status=204 size=0 duration_ms=0.000 event="end"
serve: 2026-10-08T03:42:32.664+00:00 method="POST" path="/api/client_log" status=- size=0 duration_ms=0.000 event="start"
serve: 2026-10-08T03:42:32.664+00:00 method="POST" path="/api/client_log" status=204 size=0 duration_ms=0.000 event="end"
serve: 2026-10-08T03:42:32.664+00:00 method="POST" path="/api/client_log" status=- size=0 duration_ms=0.000 event="start"
serve: 2026-10-08T03:42:32.664+00:00 method="POST" path="/api/client_log" status=204 size=0 duration_ms=0.000 event="end"
serve: 2026-10-08T03:42:32.665+00:00 method="POST" path="/api/client_log" status=- size=0 duration_ms=0.000 event="start"
serve: 2026-10-08T03:42:32.665+00:00 method="POST" path="/api/client_log" status=204 size=0 duration_ms=0.000 event="end"
serve: 2026-10-08T03:42:32.665+00:00 method="POST" path="/api/client_log" status=- size=0 duration_ms=0.000 event="start"
serve: 2026-10-08T03:42:32.665+00:00 method="POST" path="/api/client_log" status=204 size=0 duration_ms=0.000 event="end"
serve: 2026-10-08T03:42:32.665+00:00 method="POST" path="/api/client_log" status=- size=0 duration_ms=0.000 event="start"
serve: 2026-10-08T03:42:32.666+00:00 method="POST" path="/api/client_log" status=204 size=0 duration_ms=0.000 event="end"
serve: 2026-10-08T03:42:32.666+00:00 method="POST" path="/api/client_log" status=- size=0 duration_ms=0.000 event="start"
serve: 2026-10-08T03:42:32.666+00:00 method="POST" path="/api/client_log" status=204 size=0 duration_ms=0.000 event="end"
serve: 2026-10-08T03:42:32.666+00:00 method="POST" path="/api/client_log" status=- size=0 duration_ms=0.000 event="start"
serve: 2026-10-08T03:42:32.666+00:00 method="POST" path="/api/client_log" status=204 size=0 duration_ms=0.000 event="end"
serve: 2026-10-08T03:42:32.667+00:00 method="POST" path="/api/client_log" status=- size=0 duration_ms=0.000 event="start"
serve: 2026-10-08T03:42:32.667+00:00 method="POST" path="/api/client_log" status=204 size=0 duration_ms=0.000 event="end"
serve: 2026-10-08T03:42:32.667+00:00 method="POST" path="/api/client_log" status=- size=0 duration_ms=0.000 event="start"
serve: 2026-10-08T03:42:32.667+00:00 method="POST" path="/api/client_log" status=204 size=0 duration_ms=0.000 event="end"
serve: 2026-10-08T03:42:32.668+00:00 method="POST" path="/api/client_log" status=- size=0 duration_ms=0.000 event="start"
serve: 2026-10-08T03:42:32.668+00:00 method="POST" path="/api/client_log" status=204 size=0 duration_ms=0.000 event="end"
serve: 2026-10-08T03:42:32.668+00:00 method="POST" path="/api/client_log" status=- size=0 duration_ms=0.000 event="start"
serve: 2026-10-08T03:42:32.668+00:00 method="POST" path="/api/client_log" status=204 size=0 duration_ms=0.000 event="end"
serve: 2026-10-08T03:42:32.668+00:00 method="POST" path="/api/client_log" status=- size=0 duration_ms=0.000 event="start"
serve: 2026-10-08T03:42:32.669+00:00 method="POST" path="/api/client_log" status=204 size=0 duration_ms=0.000 event="end"
serve: 2026-10-08T03:42:32.669+00:00 method="POST" path="/api/client_log" status=- size=0 duration_ms=0.000 event="start"
serve: 2026-10-08T03:42:32.669+00:00 method="POST" path="/api/client_log" status=204 size=0 duration_ms=0.000 event="end"
serve: 2026-10-08T03:42:32.669+00:00 method="POST" path="/api/client_log" status=- size=0 duration_ms=0.000 event="start"
serve: 2026-10-08T03:42:32.669+00:00 method="POST" path="/api/client_log" status=204 size=0 duration_ms=0.000 event="end"
serve: 2026-10-08T03:42:32.670+00:00 method="POST" path="/api/client_log" status=- size=0 duration_ms=0.000 event="start"
serve: 2026-10-08T03:42:32.670+00:00 method="POST" path="/api/client_log" status=204 size=0 duration_ms=0.000 event="end"
serve: 2026-10-08T03:42:32.670+00:00 method="POST" path="/api/client_log" status=- size=0 duration_ms=0.000 event="start"
serve: 2026-10-08T03:42:32.670+00:00 method="POST" path="/api/client_log" status=204 size=0 duration_ms=0.000 event="end"
serve: 2026-10-08T03:42:32.671+00:00 method="POST" path="/api/client_log" status=- size=0 duration_ms=0.000 event="start"
serve: 2026-10-08T03:42:32.671+00:00 method="POST" path="/api/client_log" status=204 size=0 duration_ms=0.000 event="end"
serve: 2026-10-08T03:42:32.671+00:00 method="POST" path="/api/client_log" status=- size=0 duration_ms=0.000 event="start"
serve: 2026-10-08T03:42:32.671+00:00 method="POST" path="/api/client_log" status=204 size=0 duration_ms=0.000 event="end"
serve: 2026-10-08T03:42:32.671+00:00 method="POST" path="/api/client_log" status=- size=0 duration_ms=0.000 event="start"
serve: 2026-10-08T03:42:32.672+00:00 method="POST" path="/api/client_log" status=204 size=0 duration_ms=0.000 event="end"
serve: 2026-10-08T03:42:32.672+00:00 method="POST" path="/api/client_log" status=- size=0 duration_ms=0.000 event="start"
serve: 2026-10-08T03:42:32.672+00:00 method="POST" path="/api/client_log" status=204 size=0 duration_ms=0.000 event="end"
serve: 2026-10-08T03:42:32.672+00:00 method="POST" path="/api/client_log" status=- size=0 duration_ms=0.000 event="start"
serve: 2026-10-08T03:42:32.672+00:00 method="POST" path="/api/client_log" status=204 size=0 duration_ms=0.000 event="end"
serve: 2026-10-08T03:42:32.673+00:00 method="POST" path="/api/client_log" status=- size=0 duration_ms=0.000 event="start"
serve: 2026-10-08T03:42:32.673+00:00 method="POST" path="/api/client_log" status=204 size=0 duration_ms=0.000 event="end"
serve: 2026-10-08T03:42:32.673+00:00 method="POST" path="/api/client_log" status=- size=0 duration_ms=0.000 event="start"
serve: 2026-10-08T03:42:32.673+00:00 method="POST" path="/api/client_log" status=204 size=0 duration_ms=0.000 event="end"
serve: 2026-10-08T03:42:32.674+00:00 method="POST" path="/api/client_log" status=- size=0 duration_ms=0.000 event="start"
serve: 2026-10-08T03:42:32.674+00:00 method="POST" path="/api/client_log" status=204 size=0 duration_ms=0.000 event="end"
serve: 2026-10-08T03:42:32.674+00:00 method="POST" path="/api/client_log" status=- size=0 duration_ms=0.000 event="start"
serve: 2026-10-08T03:42:32.674+00:00 method="POST" path="/api/client_log" status=204 size=0 duration_ms=0.000 event="end"
serve: 2026-10-08T03:42:32.675+00:00 method="POST" path="/api/client_log" status=- size=0 duration_ms=0.000 event="start"
serve: 2026-10-08T03:42:32.675+00:00 method="POST" path="/api/client_log" status=204 size=0 duration_ms=0.000 event="end"
serve: 2026-10-08T03:42:32.675+00:00 method="POST" path="/api/client_log" status=- size=0 duration_ms=0.000 event="start"
serve: 2026-10-08T03:42:32.675+00:00 method="POST" path="/api/client_log" status=204 size=0 duration_ms=0.000 event="end"
serve: 2026-10-08T03:42:32.675+00:00 method="POST" path="/api/client_log" status=- size=0 duration_ms=0.000 event="start"
serve: 2026-10-08T03:42:32.676+00:00 method="POST" path="/api/client_log" status=204 size=0 duration_ms=0.000 event="end"
serve: 2026-10-08T03:42:32.676+00:00 method="POST" path="/api/client_log" status=- size=0 duration_ms=0.000 event="start"
serve: 2026-10-08T03:42:32.676+00:00 method="POST" path="/api/client_log" status=204 size=0 duration_ms=0.000 event="end"
serve: 2026-10-08T03:42:32.676+00:00 method="POST" path="/api/client_log" status=- size=0 duration_ms=0.000 event="start"
serve: 2026-10-08T03:42:32.677+00:00 method="POST" path="/api/client_log" status=204 size=0 duration_ms=0.000 event="end"
serve: 2026-10-08T03:42:32.677+00:00 method="POST" path="/api/client_log" status=- size=0 duration_ms=0.000 event="start"
serve: 2026-10-08T03:42:32.677+00:00 method="POST" path="/api/client_log" status=204 size=0 duration_ms=0.000 event="end"
serve: 2026-10-08T03:42:32.677+00:00 method="POST" path="/api/client_log" status=- size=0 duration_ms=0.000 event="start"
serve: 2026-10-08T03:42:32.677+00:00 method="POST" path="/api/client_log" status=204 size=0 duration_ms=0.000 event="end"
serve: 2026-10-08T03:42:32.678+00:00 method="POST" path="/api/client_log" status=- size=0 duration_ms=0.000 event="start"
serve: 2026-10-08T03:42:32.678+00:00 method="POST" path="/api/client_log" status=204 size=0 duration_ms=0.000 event="end"
serve: 2026-10-08T03:42:32.678+00:00 method="POST" path="/api/client_log" status=- size=0 duration_ms=0.000 event="start"
serve: 2026-10-08T03:42:32.678+00:00 method="POST" path="/api/client_log" status=204 size=0 duration_ms=0.000 event="end"
serve: 2026-10-08T03:42:32.679+00:00 method="POST" path="/api/client_log" status=- size=0 duration_ms=0.000 event="start"
serve: 2026-10-08T03:42:32.679+00:00 method="POST" path="/api/client_log" status=204 size=0 duration_ms=0.000 event="end"
serve: 2026-10-08T03:42:32.679+00:00 method="POST" path="/api/client_log" status=- size=0 duration_ms=0.000 event="start"
serve: 2026-10-08T03:42:32.679+00:00 method="POST" path="/api/client_log" status=204 size=0 duration_ms=0.000 event="end"
ok
test_records_redacted_detail_and_empty_response (test_serve.TestClientLog.test_records_redacted_detail_and_empty_response) ... serve: 2026-10-08T03:42:32.705+00:00 method="POST" path="/api/client_log" status=- size=0 duration_ms=0.074 event="start"
serve: 2026-10-08T03:42:32.706+00:00 method="POST" path="/api/client_log" status=204 size=0 duration_ms=0.205 event="end"
ok
test_write_failure_returns_204 (test_serve.TestClientLog.test_write_failure_returns_204) ... serve: 2026-10-08T03:42:32.731+00:00 method="POST" path="/api/client_log" status=- size=0 duration_ms=0.062 event="start"
serve: 2026-10-08T03:42:32.731+00:00 method="POST" path="/api/client_log" status=204 size=0 duration_ms=0.166 event="end"
ok
test_project_added_after_start_shows_without_restart (test_serve.TestDynamicConfigReload.test_project_added_after_start_shows_without_restart) ... serve: 2026-10-08T03:42:32.761+00:00 method="GET" path="/?view=backlog" status=200 size=96856 duration_ms=2.924 event="end"
serve: 2026-10-08T03:42:32.765+00:00 method="GET" path="/?view=backlog" status=200 size=97516 duration_ms=3.521 event="end"
ok
test_settings_get_save_and_reload (test_serve.TestDynamicConfigReload.test_settings_get_save_and_reload) ... serve: 2026-10-08T03:42:32.790+00:00 method="GET" path="/api/settings" status=200 size=4015 duration_ms=0.752 event="end"
serve: 2026-10-08T03:42:32.791+00:00 method="POST" path="/api/settings" status=- size=0 duration_ms=0.056 event="start"
serve: 2026-10-08T03:42:32.796+00:00 method="POST" path="/api/settings" status=200 size=4041 duration_ms=5.694 event="end"
serve: 2026-10-08T03:42:32.799+00:00 method="GET" path="/api/settings" status=200 size=4015 duration_ms=1.341 event="end"
ok
test_settings_reject_malformed_before_write (test_serve.TestDynamicConfigReload.test_settings_reject_malformed_before_write) ... serve: 2026-10-08T03:42:32.828+00:00 method="GET" path="/api/settings" status=200 size=4015 duration_ms=0.677 event="end"
serve: 2026-10-08T03:42:32.828+00:00 method="POST" path="/api/settings" status=- size=0 duration_ms=0.047 event="start"
serve: 2026-10-08T03:42:32.830+00:00 method="POST" path="/api/settings" status=400 size=79 duration_ms=1.377 event="end"
ok
test_binds_loopback_only (test_serve.TestPages.test_binds_loopback_only) ... ok
test_fragment_and_state (test_serve.TestPages.test_fragment_and_state) ... serve: 2026-10-08T03:42:32.883+00:00 method="GET" path="/fragment" status=200 size=3824 duration_ms=2.288 event="end"
serve: 2026-10-08T03:42:32.885+00:00 method="GET" path="/api/state" status=200 size=19860 duration_ms=2.154 event="end"
ok
test_other_methods_rejected (test_serve.TestPages.test_other_methods_rejected) ... serve: 2026-10-08T03:42:32.909+00:00 method="PUT" path="/" status=- size=0 duration_ms=0.080 event="code 405, message only GET, and POST to /api/<action>"
serve: 2026-10-08T03:42:32.909+00:00 method="PUT" path="/" status=405 size=503 duration_ms=0.163 event="end"
serve: 2026-10-08T03:42:32.910+00:00 method="DELETE" path="/" status=- size=0 duration_ms=0.058 event="code 405, message only GET, and POST to /api/<action>"
serve: 2026-10-08T03:42:32.910+00:00 method="DELETE" path="/" status=405 size=503 duration_ms=0.104 event="end"
serve: 2026-10-08T03:42:32.910+00:00 method="PATCH" path="/" status=- size=0 duration_ms=0.053 event="code 405, message only GET, and POST to /api/<action>"
serve: 2026-10-08T03:42:32.910+00:00 method="PATCH" path="/" status=405 size=503 duration_ms=0.104 event="end"
serve: 2026-10-08T03:42:32.910+00:00 method="POST" path="/" status=- size=0 duration_ms=0.045 event="start"
serve: 2026-10-08T03:42:32.910+00:00 method="POST" path="/" status=- size=0 duration_ms=0.067 event="code 405, message Method Not Allowed"
serve: 2026-10-08T03:42:32.910+00:00 method="POST" path="/" status=405 size=480 duration_ms=0.110 event="end"
serve: 2026-10-08T03:42:32.911+00:00 method="POST" path="/api/drop_tables" status=- size=0 duration_ms=0.042 event="start"
serve: 2026-10-08T03:42:32.911+00:00 method="POST" path="/api/drop_tables" status=- size=0 duration_ms=0.067 event="code 404, message Not Found"
serve: 2026-10-08T03:42:32.911+00:00 method="POST" path="/api/drop_tables" status=404 size=455 duration_ms=0.108 event="end"
ok
test_root_is_the_console (test_serve.TestPages.test_root_is_the_console) ... serve: 2026-10-08T03:42:32.943+00:00 method="GET" path="/" status=200 size=94766 duration_ms=4.008 event="end"
ok
test_stats_range_query_reaches_server_rendered_state (test_serve.TestPages.test_stats_range_query_reaches_server_rendered_state) ... serve: 2026-10-08T03:42:32.967+00:00 method="GET" path="/api/state?range=last7" status=200 size=19861 duration_ms=2.513 event="end"
serve: 2026-10-08T03:42:32.969+00:00 method="GET" path="/api/state?range=custom&start=2026-09-01&end=2026-09-12" status=200 size=19884 duration_ms=1.766 event="end"
ok
test_unknown_path_404 (test_serve.TestPages.test_unknown_path_404) ... serve: 2026-10-08T03:42:32.994+00:00 method="GET" path="/status" status=- size=0 duration_ms=0.062 event="code 404, message Not Found"
serve: 2026-10-08T03:42:32.994+00:00 method="GET" path="/status" status=404 size=455 duration_ms=0.119 event="end"
ok
test_releases_feed_decodes_project_name (test_serve.TestReleasesFeed.test_releases_feed_decodes_project_name) ... serve: 2026-10-08T03:42:33.029+00:00 method="GET" path="/api/releases/phish-in%2Fcouch-tour.json" status=200 size=118 duration_ms=0.955 event="end"
ok
test_releases_feed_empty_state_and_headers (test_serve.TestReleasesFeed.test_releases_feed_empty_state_and_headers) ... serve: 2026-10-08T03:42:33.061+00:00 method="GET" path="/api/releases/mahler" status=200 size=105 duration_ms=0.575 event="end"
ok
test_releases_feed_limit_query_param (test_serve.TestReleasesFeed.test_releases_feed_limit_query_param) ... serve: 2026-10-08T03:42:33.085+00:00 method="GET" path="/api/releases/mahler?limit=0" status=- size=0 duration_ms=0.132 event="code 400, message invalid limit: must be a positive integer"
serve: 2026-10-08T03:42:33.085+00:00 method="GET" path="/api/releases/mahler?limit=0" status=400 size=498 duration_ms=0.222 event="end"
serve: 2026-10-08T03:42:33.086+00:00 method="GET" path="/api/releases/mahler?limit=-5" status=- size=0 duration_ms=0.092 event="code 400, message invalid limit: must be a positive integer"
serve: 2026-10-08T03:42:33.086+00:00 method="GET" path="/api/releases/mahler?limit=-5" status=400 size=498 duration_ms=0.149 event="end"
serve: 2026-10-08T03:42:33.087+00:00 method="GET" path="/api/releases/mahler?limit=abc" status=- size=0 duration_ms=0.089 event="code 400, message invalid limit: must be a positive integer"
serve: 2026-10-08T03:42:33.087+00:00 method="GET" path="/api/releases/mahler?limit=abc" status=400 size=498 duration_ms=0.149 event="end"
ok
test_releases_feed_populated_release (test_serve.TestReleasesFeed.test_releases_feed_populated_release) ... serve: 2026-10-08T03:42:33.114+00:00 method="GET" path="/api/releases/mahler?limit=5" status=200 size=424 duration_ms=0.392 event="end"
ok
test_releases_feed_unknown_or_disabled_project (test_serve.TestReleasesFeed.test_releases_feed_unknown_or_disabled_project) ... serve: 2026-10-08T03:42:33.140+00:00 method="GET" path="/api/releases/nonexistent" status=- size=0 duration_ms=0.119 event="code 404, message Not Found"
serve: 2026-10-08T03:42:33.140+00:00 method="GET" path="/api/releases/nonexistent" status=404 size=455 duration_ms=0.220 event="end"
serve: 2026-10-08T03:42:33.141+00:00 method="GET" path="/api/releases/mahler" status=- size=0 duration_ms=0.100 event="code 404, message Not Found"
serve: 2026-10-08T03:42:33.141+00:00 method="GET" path="/api/releases/mahler" status=404 size=455 duration_ms=0.144 event="end"
ok
test_releases_feed_url_variants (test_serve.TestReleasesFeed.test_releases_feed_url_variants) ... serve: 2026-10-08T03:42:33.166+00:00 method="GET" path="/api/releases/mahler" status=200 size=105 duration_ms=0.245 event="end"
serve: 2026-10-08T03:42:33.167+00:00 method="GET" path="/api/releases/mahler.json" status=200 size=105 duration_ms=0.159 event="end"
serve: 2026-10-08T03:42:33.167+00:00 method="GET" path="/api/projects/mahler/releases.json" status=200 size=105 duration_ms=0.152 event="end"
ok
test_broken_logging_does_not_fail_request (test_serve.TestRequestLogging.test_broken_logging_does_not_fail_request) ... ok
test_get_and_error_response_sizes (test_serve.TestRequestLogging.test_get_and_error_response_sizes) ... ok
test_start_is_visible_during_lock_wait_and_sleeping_action (test_serve.TestRequestLogging.test_start_is_visible_during_lock_wait_and_sleeping_action) ... ok
test_log_404_for_bad_id (test_serve.TestRunLog.test_log_404_for_bad_id) ... serve: 2026-10-08T03:42:33.426+00:00 method="GET" path="/api/run/abc/log" status=- size=0 duration_ms=0.070 event="code 404, message Not Found"
serve: 2026-10-08T03:42:33.426+00:00 method="GET" path="/api/run/abc/log" status=404 size=455 duration_ms=0.131 event="end"
ok
test_log_404_for_ended_run (test_serve.TestRunLog.test_log_404_for_ended_run) ... serve: 2026-10-08T03:42:33.452+00:00 method="GET" path="/api/run/9997/log" status=- size=0 duration_ms=0.124 event="code 404, message Not Found"
serve: 2026-10-08T03:42:33.452+00:00 method="GET" path="/api/run/9997/log" status=404 size=455 duration_ms=0.192 event="end"
ok
test_log_404_for_unknown_run (test_serve.TestRunLog.test_log_404_for_unknown_run) ... serve: 2026-10-08T03:42:33.478+00:00 method="GET" path="/api/run/9998/log" status=- size=0 duration_ms=0.127 event="code 404, message Not Found"
serve: 2026-10-08T03:42:33.478+00:00 method="GET" path="/api/run/9998/log" status=404 size=455 duration_ms=0.189 event="end"
ok
test_log_returns_lines_and_status (test_serve.TestRunLog.test_log_returns_lines_and_status) ... serve: 2026-10-08T03:42:33.503+00:00 method="GET" path="/api/run/9999/log" status=200 size=60 duration_ms=0.225 event="end"
ok
test_action_over_threshold_records_event (test_serve.TestSlowRequests.test_action_over_threshold_records_event) ... serve: 2026-10-08T03:42:33.529+00:00 method="POST" path="/api/pause" status=- size=0 duration_ms=0.087 event="start"
serve: 2026-10-08T03:42:33.597+00:00 method="POST" path="/api/pause" status=200 size=12 duration_ms=67.753 event="end"
ok
test_event_write_failure_does_not_fail_request (test_serve.TestSlowRequests.test_event_write_failure_does_not_fail_request) ... serve: 2026-10-08T03:42:33.622+00:00 method="POST" path="/api/pause" status=- size=0 duration_ms=0.078 event="start"
serve: 2026-10-08T03:42:33.622+00:00 method="POST" path="/api/pause" status=200 size=12 duration_ms=0.272 event="end"
ok
test_lock_wait_over_threshold_records_event (test_serve.TestSlowRequests.test_lock_wait_over_threshold_records_event) ... serve: 2026-10-08T03:42:33.647+00:00 method="POST" path="/api/pause" status=- size=0 duration_ms=0.073 event="start"
serve: 2026-10-08T03:42:33.732+00:00 method="POST" path="/api/pause" status=200 size=12 duration_ms=84.840 event="end"
ok
test_bad_json_and_bad_input (test_serve.TestWrites.test_bad_json_and_bad_input) ... serve: 2026-10-08T03:42:33.761+00:00 method="POST" path="/api/pause" status=- size=0 duration_ms=0.079 event="start"
serve: 2026-10-08T03:42:33.761+00:00 method="POST" path="/api/pause" status=400 size=52 duration_ms=0.191 event="end"
serve: 2026-10-08T03:42:33.762+00:00 method="POST" path="/api/clear_backoff" status=- size=0 duration_ms=0.057 event="start"
serve: 2026-10-08T03:42:33.762+00:00 method="POST" path="/api/clear_backoff" status=400 size=53 duration_ms=0.139 event="end"
ok
test_end_session_records_override (test_serve.TestWrites.test_end_session_records_override) ... serve: 2026-10-08T03:42:33.790+00:00 method="GET" path="/api/state" status=200 size=20737 duration_ms=2.686 event="end"
serve: 2026-10-08T03:42:33.791+00:00 method="POST" path="/api/end_session" status=- size=0 duration_ms=0.052 event="start"
serve: 2026-10-08T03:42:33.791+00:00 method="POST" path="/api/end_session" status=200 size=12 duration_ms=0.243 event="end"
serve: 2026-10-08T03:42:33.794+00:00 method="GET" path="/api/state" status=200 size=20767 duration_ms=2.045 event="end"
serve: 2026-10-08T03:42:33.796+00:00 method="GET" path="/fragment" status=200 size=3820 duration_ms=1.787 event="end"
serve: 2026-10-08T03:42:33.798+00:00 method="GET" path="/fragment" status=200 size=4184 duration_ms=1.390 event="end"
serve: 2026-10-08T03:42:33.798+00:00 method="POST" path="/api/end_session" status=- size=0 duration_ms=0.048 event="start"
serve: 2026-10-08T03:42:33.798+00:00 method="POST" path="/api/end_session" status=400 size=49 duration_ms=0.184 event="end"
ok
test_guard (test_serve.TestWrites.test_guard) ... serve: 2026-10-08T03:42:33.825+00:00 method="POST" path="/api/pause" status=- size=0 duration_ms=0.080 event="start"
serve: 2026-10-08T03:42:33.825+00:00 method="POST" path="/api/pause" status=403 size=57 duration_ms=0.175 event="end"
serve: 2026-10-08T03:42:33.826+00:00 method="POST" path="/api/pause" status=- size=0 duration_ms=0.048 event="start"
serve: 2026-10-08T03:42:33.826+00:00 method="POST" path="/api/pause" status=403 size=52 duration_ms=0.109 event="end"
serve: 2026-10-08T03:42:33.826+00:00 method="POST" path="/api/pause" status=- size=0 duration_ms=0.054 event="start"
serve: 2026-10-08T03:42:33.826+00:00 method="POST" path="/api/pause" status=415 size=47 duration_ms=0.141 event="end"
ok
test_only_this_machine_and_the_tailnet_may_write (test_serve.TestWrites.test_only_this_machine_and_the_tailnet_may_write) ... ok
test_pause_then_resume (test_serve.TestWrites.test_pause_then_resume) ... serve: 2026-10-08T03:42:33.878+00:00 method="POST" path="/api/pause" status=- size=0 duration_ms=0.071 event="start"
serve: 2026-10-08T03:42:33.878+00:00 method="POST" path="/api/pause" status=200 size=12 duration_ms=0.215 event="end"
serve: 2026-10-08T03:42:33.878+00:00 method="POST" path="/api/resume" status=- size=0 duration_ms=0.096 event="start"
serve: 2026-10-08T03:42:33.878+00:00 method="POST" path="/api/resume" status=200 size=12 duration_ms=0.178 event="end"
ok
test_project_brief_acknowledgement (test_serve.TestWrites.test_project_brief_acknowledgement) ... serve: 2026-10-08T03:42:33.903+00:00 method="POST" path="/api/brief_seen" status=- size=0 duration_ms=0.081 event="start"
serve: 2026-10-08T03:42:33.903+00:00 method="POST" path="/api/brief_seen" status=200 size=23 duration_ms=0.288 event="end"
serve: 2026-10-08T03:42:33.906+00:00 method="GET" path="/api/state" status=200 size=21044 duration_ms=2.654 event="end"
ok
test_same_origin_is_allowed (test_serve.TestWrites.test_same_origin_is_allowed) ... serve: 2026-10-08T03:42:33.929+00:00 method="POST" path="/api/pause" status=- size=0 duration_ms=0.072 event="start"
serve: 2026-10-08T03:42:33.929+00:00 method="POST" path="/api/pause" status=200 size=12 duration_ms=0.220 event="end"
ok
test_comment_failure_does_not_break_the_setup_failure_handling (test_setup_failures.SetupFailureTests.test_comment_failure_does_not_break_the_setup_failure_handling) ... ok
test_diagnostic_deduplication_is_per_cycle_and_keeps_pending_history (test_setup_failures.SetupFailureTests.test_diagnostic_deduplication_is_per_cycle_and_keeps_pending_history) ... ok
test_first_setup_failure_on_a_sorted_item_goes_to_ready_not_inbox (test_setup_failures.SetupFailureTests.test_first_setup_failure_on_a_sorted_item_goes_to_ready_not_inbox)
A setup failure retries an already-sorted item into 'ready', not ... ok
test_first_setup_failure_retries_without_burning_an_attempt (test_setup_failures.SetupFailureTests.test_first_setup_failure_retries_without_burning_an_attempt) ... ok
test_go_clears_the_count (test_setup_failures.SetupFailureTests.test_go_clears_the_count) ... ok
test_legacy_over_limit_diagnostic_reports_actual_exhausted_budget (test_setup_failures.SetupFailureTests.test_legacy_over_limit_diagnostic_reports_actual_exhausted_budget) ... ok
test_missing_setup_log_is_said_so (test_setup_failures.SetupFailureTests.test_missing_setup_log_is_said_so) ... ok
test_non_setup_exit_resets_the_consecutive_count (test_setup_failures.SetupFailureTests.test_non_setup_exit_resets_the_consecutive_count) ... ok
test_second_consecutive_setup_failure_needs_you_with_the_log_tail (test_setup_failures.SetupFailureTests.test_second_consecutive_setup_failure_needs_you_with_the_log_tail) ... ok
test_account_client_and_project_exception_isolation (test_ship.DependencyPRTests.test_account_client_and_project_exception_isolation) ... ok
test_changed_exact_head_base_checks_and_metadata (test_ship.DependencyPRTests.test_changed_exact_head_base_checks_and_metadata) ... ok
test_daily_cap_restart_next_day_override_and_idempotence (test_ship.DependencyPRTests.test_daily_cap_restart_next_day_override_and_idempotence) ... ok
test_dependency_metadata_uses_account_environment (test_ship.DependencyPRTests.test_dependency_metadata_uses_account_environment) ... ok
test_each_bot_patch_and_minor_merge (test_ship.DependencyPRTests.test_each_bot_patch_and_minor_merge) ... ok
test_major_dedup_and_scope (test_ship.DependencyPRTests.test_major_dedup_and_scope) ... ok
test_opt_out_capacity_precedence_dry_run_and_one_per_tick (test_ship.DependencyPRTests.test_opt_out_capacity_precedence_dry_run_and_one_per_tick) ... ok
test_patch_minor_and_actions (test_ship.DependencyPRTests.test_patch_minor_and_actions) ... ok
test_queue_and_uncertain_response_recovery (test_ship.DependencyPRTests.test_queue_and_uncertain_response_recovery) ... ok
test_refusals (test_ship.DependencyPRTests.test_refusals) ... ok
test_rejected_request_retries_after_timeout_with_fresh_gates (test_ship.DependencyPRTests.test_rejected_request_retries_after_timeout_with_fresh_gates) ... ok
test_renovate_ambiguous_group_and_conflicting_type (test_ship.DependencyPRTests.test_renovate_ambiguous_group_and_conflicting_type) ... ok
test_ancestry_timeout_is_unknown (test_ship.FreshnessAdapterTests.test_ancestry_timeout_is_unknown) ... ok
test_fetch_order_and_git_account_are_preserved (test_ship.FreshnessAdapterTests.test_fetch_order_and_git_account_are_preserved) ... ok
test_merge_pins_checked_sha_and_keeps_account (test_ship.FreshnessAdapterTests.test_merge_pins_checked_sha_and_keeps_account) ... ok
test_missing_metadata_and_indeterminate_git_fail_closed (test_ship.FreshnessAdapterTests.test_missing_metadata_and_indeterminate_git_fail_closed) ... ok
test_real_origin_drift_and_replacement_head (test_ship.FreshnessAdapterTests.test_real_origin_drift_and_replacement_head) ... ok
test_shallow_history_is_unknown (test_ship.FreshnessAdapterTests.test_shallow_history_is_unknown) ... ok
test_checks_state (test_ship.HelpersTests.test_checks_state) ... ok
test_completed_check_uses_its_conclusion (test_ship.HelpersTests.test_completed_check_uses_its_conclusion) ... ok
test_needs_human_of_issue_body (test_ship.HelpersTests.test_needs_human_of_issue_body) ... ok
test_pr_body_round_trip (test_ship.HelpersTests.test_pr_body_round_trip) ... ok
test_a_db_from_before_the_columns_gets_them (test_ship.MigrationTests.test_a_db_from_before_the_columns_gets_them) ... ok
test_pushes_once_and_is_idempotent (test_ship.PushBranchTests.test_pushes_once_and_is_idempotent) ... ok
test_ci_fix_wait_is_recorded_each_tick_as_one_interval (test_ship.ShipCapacityTests.test_ci_fix_wait_is_recorded_each_tick_as_one_interval) ... ok
test_ci_fix_wait_when_global_slots_full_preserves_escalated_metadata_through_launch (test_ship.ShipCapacityTests.test_ci_fix_wait_when_global_slots_full_preserves_escalated_metadata_through_launch) ... ok
test_diagnosis_failure_does_not_change_the_wait (test_ship.ShipCapacityTests.test_diagnosis_failure_does_not_change_the_wait) ... ok
test_dry_run_records_nothing (test_ship.ShipCapacityTests.test_dry_run_records_nothing) ... ok
test_history_write_failure_does_not_stop_shipping (test_ship.ShipCapacityTests.test_history_write_failure_does_not_stop_shipping) ... ok
test_launch_after_a_wait_closes_the_interval (test_ship.ShipCapacityTests.test_launch_after_a_wait_closes_the_interval) ... ok
test_review_triggered_fix_wait_is_recorded (test_ship.ShipCapacityTests.test_review_triggered_fix_wait_is_recorded) ... ok
test_review_triggered_fix_wait_when_global_slots_full_preserves_escalated_metadata (test_ship.ShipCapacityTests.test_review_triggered_fix_wait_when_global_slots_full_preserves_escalated_metadata) ... ok
test_review_wait_is_recorded_and_retry_delay_stays_observable (test_ship.ShipCapacityTests.test_review_wait_is_recorded_and_retry_delay_stays_observable) ... ok
test_a_failed_fix_counts_and_retries_like_a_build (test_ship.ShipTests.test_a_failed_fix_counts_and_retries_like_a_build) ... ok
test_a_failing_uat_write_does_not_stop_the_ship (test_ship.ShipTests.test_a_failing_uat_write_does_not_stop_the_ship) ... ok
test_a_fix_run_gets_the_pr_branch_in_its_prompt (test_ship.ShipTests.test_a_fix_run_gets_the_pr_branch_in_its_prompt) ... ok
test_a_preempted_fix_leaves_the_pr_alone (test_ship.ShipTests.test_a_preempted_fix_leaves_the_pr_alone) ... ok
test_capacity_recovery_leaves_session_and_dry_run_alone (test_ship.ShipTests.test_capacity_recovery_leaves_session_and_dry_run_alone) ... ok
test_capacity_recovery_preserves_decisions_and_later_pauses (test_ship.ShipTests.test_capacity_recovery_preserves_decisions_and_later_pauses) ... ok
test_capacity_recovery_resets_waits_before_real_shipping (test_ship.ShipTests.test_capacity_recovery_resets_waits_before_real_shipping) ... ok
test_capacity_recovery_respects_review_independence (test_ship.ShipTests.test_capacity_recovery_respects_review_independence) ... ok
test_capacity_recovery_waits_for_quota_and_required_fix_tier (test_ship.ShipTests.test_capacity_recovery_waits_for_quota_and_required_fix_tier) ... ok
test_capture_after_acceptable_ci_before_review_even_low_risk (test_ship.ShipTests.test_capture_after_acceptable_ci_before_review_even_low_risk) ... ok
test_capture_failure_still_reaches_review (test_ship.ShipTests.test_capture_failure_still_reaches_review) ... ok
test_changed_pr_observation_never_merges (test_ship.ShipTests.test_changed_pr_observation_never_merges) ... ok
test_ci_pending_timeout_reports_launch_failure_not_transient_error (test_ship.ShipTests.test_ci_pending_timeout_reports_launch_failure_not_transient_error) ... ok
test_claude_never_pinned_as_its_own_reviewer (test_ship.ShipTests.test_claude_never_pinned_as_its_own_reviewer)
Would otherwise deadlock: pin=claude plus exclude={claude} leaves ... ok
test_claude_variant_never_pins_its_own_slot_for_review (test_ship.ShipTests.test_claude_variant_never_pins_its_own_slot_for_review)
A D33 variant is still the Claude platform that built the PR. ... ok
test_closed_deleted_pr_branch_rebuilds_from_latest_snapshot (test_ship.ShipTests.test_closed_deleted_pr_branch_rebuilds_from_latest_snapshot) ... ok
test_closed_immediately_after_merge_request_is_not_shipped (test_ship.ShipTests.test_closed_immediately_after_merge_request_is_not_shipped) ... ok
test_closed_pr_adopts_replacement_on_actual_pr_head (test_ship.ShipTests.test_closed_pr_adopts_replacement_on_actual_pr_head) ... ok
test_closed_pr_dry_run_reports_retry_without_writes (test_ship.ShipTests.test_closed_pr_dry_run_reports_retry_without_writes) ... ok
test_closed_unmerged_pr_fails_at_attempt_limit (test_ship.ShipTests.test_closed_unmerged_pr_fails_at_attempt_limit) ... ok
test_closed_unmerged_pr_returns_to_ready (test_ship.ShipTests.test_closed_unmerged_pr_returns_to_ready) ... ok
test_conductor_holds_the_lease_while_verifying (test_ship.ShipTests.test_conductor_holds_the_lease_while_verifying) ... ok
test_conflicting_pr_goes_back_for_a_rebuild (test_ship.ShipTests.test_conflicting_pr_goes_back_for_a_rebuild) ... ok
test_data_touching_item_pins_claude_for_review (test_ship.ShipTests.test_data_touching_item_pins_claude_for_review) ... ok
test_deferred_exploration_failures_preserve_retry_and_escalation_budgets (test_ship.ShipTests.test_deferred_exploration_failures_preserve_retry_and_escalation_budgets)
DONE is provisional: later CI/review failure is still the explored ... ok
test_delivery_records_final_head_beside_merge_sha (test_ship.ShipTests.test_delivery_records_final_head_beside_merge_sha) ... ok
test_delivery_runs_between_capture_and_review_and_never_blocks (test_ship.ShipTests.test_delivery_runs_between_capture_and_review_and_never_blocks) ... ok
test_disabled_maintenance_does_not_track_shipments (test_ship.ShipTests.test_disabled_maintenance_does_not_track_shipments) ... ok
test_exploration_attribution_survives_a_failed_fix_launch (test_ship.ShipTests.test_exploration_attribution_survives_a_failed_fix_launch)
A fix that never launched (or died on quota) leaves a newer run row ... ok
test_failed_review_launch_keeps_the_wait_clock (test_ship.ShipTests.test_failed_review_launch_keeps_the_wait_clock) ... ok
test_failed_review_launch_restores_watch_lease_without_capacity (test_ship.ShipTests.test_failed_review_launch_restores_watch_lease_without_capacity) ... ok
test_failed_review_releases_capacity_for_another_green_pr (test_ship.ShipTests.test_failed_review_releases_capacity_for_another_green_pr) ... ok
test_fix_announcements_identify_the_trigger (test_ship.ShipTests.test_fix_announcements_identify_the_trigger)
Exercise real start() announcements through both shipping paths. ... ok
test_fix_capacity_waits_retry_and_only_unknown_backstop_escalates (test_ship.ShipTests.test_fix_capacity_waits_retry_and_only_unknown_backstop_escalates) ... ok
test_fix_start_clears_wait_only_on_success (test_ship.ShipTests.test_fix_start_clears_wait_only_on_success) ... ok
test_green_ci_squash_merges_and_closes_the_loop (test_ship.ShipTests.test_green_ci_squash_merges_and_closes_the_loop) ... ok
test_incomplete_check_does_not_authorize_merge (test_ship.ShipTests.test_incomplete_check_does_not_authorize_merge) ... ok
test_known_hold_skips_routing_then_recovers (test_ship.ShipTests.test_known_hold_skips_routing_then_recovers) ... ok
test_lease_lost_before_the_pr_is_also_a_handoff (test_ship.ShipTests.test_lease_lost_before_the_pr_is_also_a_handoff) ... ok
test_lease_lost_never_merges (test_ship.ShipTests.test_lease_lost_never_merges)
A session took the item: Mahler steps aside, PR stays open. ... ok
test_legacy_capacity_pauses_recover_only_when_route_returns (test_ship.ShipTests.test_legacy_capacity_pauses_recover_only_when_route_returns) ... ok
test_lookup_failure_has_separate_verification_deadline (test_ship.ShipTests.test_lookup_failure_has_separate_verification_deadline) ... ok
test_low_risk_item_merges_without_a_review (test_ship.ShipTests.test_low_risk_item_merges_without_a_review)
No size:m/l label and nothing risk-flagged in the title: unchanged ... ok
test_manual_reship_review_budget_is_fresh_once_and_still_bounded (test_ship.ShipTests.test_manual_reship_review_budget_is_fresh_once_and_still_bounded) ... ok
test_merge_queue_confirmation_failure_does_not_repeat_request (test_ship.ShipTests.test_merge_queue_confirmation_failure_does_not_repeat_request) ... ok
test_merge_queue_does_not_re_request_every_tick (test_ship.ShipTests.test_merge_queue_does_not_re_request_every_tick) ... ok
test_merge_queue_new_head_gets_a_fresh_request_and_timeout (test_ship.ShipTests.test_merge_queue_new_head_gets_a_fresh_request_and_timeout) ... ok
test_merge_queue_stuck_times_out_to_needs_you (test_ship.ShipTests.test_merge_queue_stuck_times_out_to_needs_you) ... ok
test_merge_queue_waits_then_ships_once_it_lands (test_ship.ShipTests.test_merge_queue_waits_then_ships_once_it_lands) ... ok
test_mergeability_not_known_yet_waits (test_ship.ShipTests.test_mergeability_not_known_yet_waits) ... ok
test_merged_pr_with_saved_snapshot_records_shipping (test_ship.ShipTests.test_merged_pr_with_saved_snapshot_records_shipping) ... ok
test_missing_metadata_on_first_observation_waits (test_ship.ShipTests.test_missing_metadata_on_first_observation_waits) ... ok
test_missing_required_fix_tier_escalates_distinctly (test_ship.ShipTests.test_missing_required_fix_tier_escalates_distinctly) ... ok
test_new_capacity_escalation_persists_recoverable_marker (test_ship.ShipTests.test_new_capacity_escalation_persists_recoverable_marker) ... ok
test_no_checks_still_requires_freshness (test_ship.ShipTests.test_no_checks_still_requires_freshness) ... ok
test_no_ci_configured_counts_as_green (test_ship.ShipTests.test_no_ci_configured_counts_as_green) ... ok
test_non_main_target_is_used (test_ship.ShipTests.test_non_main_target_is_used) ... ok
test_nothing_to_ship_is_a_failed_attempt (test_ship.ShipTests.test_nothing_to_ship_is_a_failed_attempt) ... ok
test_old_untracked_pr_pings_once (test_ship.ShipTests.test_old_untracked_pr_pings_once) ... ok
test_one_failing_item_does_not_break_the_pass (test_ship.ShipTests.test_one_failing_item_does_not_break_the_pass) ... ok
test_only_one_merge_request_per_project_per_tick (test_ship.ShipTests.test_only_one_merge_request_per_project_per_tick) ... ok
test_pending_ci_timeout_restarts_on_a_new_sha (test_ship.ShipTests.test_pending_ci_timeout_restarts_on_a_new_sha)
A push to the PR (e.g. the fix run) restarts the wait: CI starts over. ... ok
test_pending_ci_times_out_to_needs_you (test_ship.ShipTests.test_pending_ci_times_out_to_needs_you) ... ok
test_pending_ci_waits_across_ticks (test_ship.ShipTests.test_pending_ci_waits_across_ticks) ... ok
test_pending_ci_within_the_timeout_just_waits (test_ship.ShipTests.test_pending_ci_within_the_timeout_just_waits) ... ok
test_pr_merged_outside_mahler_is_shipped (test_ship.ShipTests.test_pr_merged_outside_mahler_is_shipped) ... ok
test_pr_opening_is_idempotent (test_ship.ShipTests.test_pr_opening_is_idempotent)
A tick that died after `gh pr create` must not open a second PR. ... ok
test_pr_review_ignores_old_no_change_claim (test_ship.ShipTests.test_pr_review_ignores_old_no_change_claim) ... ok
test_preemption_during_failed_fetch_keeps_human_ownership (test_ship.ShipTests.test_preemption_during_failed_fetch_keeps_human_ownership) ... ok
test_preemption_during_fetch_blocks_merge_and_rebuild (test_ship.ShipTests.test_preemption_during_fetch_blocks_merge_and_rebuild) ... ok
test_pushes_the_branch_and_opens_the_pr (test_ship.ShipTests.test_pushes_the_branch_and_opens_the_pr) ... ok
test_queued_request_does_not_recheck_freshness (test_ship.ShipTests.test_queued_request_does_not_recheck_freshness) ... ok
test_rebuild_adopts_fresh_pr_before_watching_stale_pr (test_ship.ShipTests.test_rebuild_adopts_fresh_pr_before_watching_stale_pr) ... ok
test_rebuild_pr_is_not_reported_as_unowned (test_ship.ShipTests.test_rebuild_pr_is_not_reported_as_unowned) ... ok
test_rebuild_with_snapshot_and_closed_pr_opens_replacement_pr (test_ship.ShipTests.test_rebuild_with_snapshot_and_closed_pr_opens_replacement_pr) ... ok
test_red_ci_does_not_reescalate_every_tick_on_the_same_sha (test_ship.ShipTests.test_red_ci_does_not_reescalate_every_tick_on_the_same_sha)
mahler#232 — a tick that can't start a fix run (no free slot, no ... ok
test_red_ci_gives_up_after_max_attempts (test_ship.ShipTests.test_red_ci_gives_up_after_max_attempts) ... ok
test_red_ci_ping_is_not_repeated_per_sha (test_ship.ShipTests.test_red_ci_ping_is_not_repeated_per_sha) ... ok
test_red_ci_pings_once_and_starts_a_fix_run (test_ship.ShipTests.test_red_ci_pings_once_and_starts_a_fix_run) ... ok
test_red_ci_with_no_free_slot_waits_for_the_next_tick (test_ship.ShipTests.test_red_ci_with_no_free_slot_waits_for_the_next_tick) ... ok
test_refresh_reread_failure_waits_safely (test_ship.ShipTests.test_refresh_reread_failure_waits_safely) ... ok
test_refresh_uses_changed_target_for_conflict_and_keeps_merge_guards (test_ship.ShipTests.test_refresh_uses_changed_target_for_conflict_and_keeps_merge_guards) ... ok
test_replacement_lookup_failure_does_not_consume_attempt (test_ship.ShipTests.test_replacement_lookup_failure_does_not_consume_attempt) ... ok
test_review_capacity_wait_uses_its_own_backstop_and_resets_per_head (test_ship.ShipTests.test_review_capacity_wait_uses_its_own_backstop_and_resets_per_head) ... ok
test_review_excludes_the_builder_platform (test_ship.ShipTests.test_review_excludes_the_builder_platform)
DESIGN D11: the reviewer must be a different platform than ... ok
test_review_fail_posts_findings_and_records_the_verdict (test_ship.ShipTests.test_review_fail_posts_findings_and_records_the_verdict) ... ok
test_review_fail_verdict_starts_a_fix_round_with_findings (test_ship.ShipTests.test_review_fail_verdict_starts_a_fix_round_with_findings) ... ok
test_review_in_flight_just_waits (test_ship.ShipTests.test_review_in_flight_just_waits) ... ok
test_review_limit_comments_findings_once (test_ship.ShipTests.test_review_limit_comments_findings_once) ... ok
test_review_pass_lists_non_blocking_notes (test_ship.ShipTests.test_review_pass_lists_non_blocking_notes) ... ok
test_review_pass_posts_a_comment_and_records_the_verdict (test_ship.ShipTests.test_review_pass_posts_a_comment_and_records_the_verdict) ... ok
test_review_pass_verdict_merges (test_ship.ShipTests.test_review_pass_verdict_merges) ... ok
test_review_quota_wait_does_not_block_another_review_or_merge (test_ship.ShipTests.test_review_quota_wait_does_not_block_another_review_or_merge) ... ok
test_review_retry_still_excludes_the_builder_not_the_failed_reviewer (test_ship.ShipTests.test_review_retry_still_excludes_the_builder_not_the_failed_reviewer)
A prior review did not produce the PR head and cannot replace the ... ok
test_review_run_never_snapshots_the_worktree (test_ship.ShipTests.test_review_run_never_snapshots_the_worktree)
A review run is read-only (recipes/review.md): finalize must not ... ok
test_review_run_with_no_status_line_clears_the_pending_verdict (test_ship.ShipTests.test_review_run_with_no_status_line_clears_the_pending_verdict) ... ok
test_review_start_delivers_effective_operating_context_in_prompt (test_ship.ShipTests.test_review_start_delivers_effective_operating_context_in_prompt) ... ok
test_reviewed_conflict_fixes_same_pr_and_reviews_resolved_head (test_ship.ShipTests.test_reviewed_conflict_fixes_same_pr_and_reviews_resolved_head) ... ok
test_reviewed_conflict_rechecks_head_before_starting_fix (test_ship.ShipTests.test_reviewed_conflict_rechecks_head_before_starting_fix) ... ok
test_reviewed_stale_pr_updates_then_waits_for_ci_and_fresh_base (test_ship.ShipTests.test_reviewed_stale_pr_updates_then_waits_for_ci_and_fresh_base) ... ok
test_reviewed_update_changed_patch_requires_review (test_ship.ShipTests.test_reviewed_update_changed_patch_requires_review) ... ok
test_reviewed_update_error_preserves_pr_and_pass (test_ship.ShipTests.test_reviewed_update_error_preserves_pr_and_pass) ... ok
test_run_capacity_refuses_review_and_fix_until_holder_finishes (test_ship.ShipTests.test_run_capacity_refuses_review_and_fix_until_holder_finishes) ... ok
test_same_head_allowance_is_scoped_to_pr_head_and_survives_reship (test_ship.ShipTests.test_same_head_allowance_is_scoped_to_pr_head_and_survives_reship) ... ok
test_same_head_done_at_last_attempt_still_gets_review (test_ship.ShipTests.test_same_head_done_at_last_attempt_still_gets_review) ... ok
test_same_head_done_reviews_once_then_passes_normal_merge_gate (test_ship.ShipTests.test_same_head_done_reviews_once_then_passes_normal_merge_gate) ... ok
test_same_head_eligibility_requires_exact_completed_review_fix (test_ship.ShipTests.test_same_head_eligibility_requires_exact_completed_review_fix) ... ok
test_same_head_pending_survives_restart_capacity_and_failed_launch (test_ship.ShipTests.test_same_head_pending_survives_restart_capacity_and_failed_launch) ... ok
test_same_head_replays_invalidation_after_interrupted_tick (test_ship.ShipTests.test_same_head_replays_invalidation_after_interrupted_tick) ... ok
test_same_head_reviewer_fallback_keeps_fixer_slot_excluded (test_ship.ShipTests.test_same_head_reviewer_fallback_keeps_fixer_slot_excluded) ... ok
test_same_head_second_done_is_charged_and_exhausts_budget (test_ship.ShipTests.test_same_head_second_done_is_charged_and_exhausts_budget) ... ok
test_scan_is_throttled (test_ship.ShipTests.test_scan_is_throttled) ... ok
test_second_merge_rechecks_base_after_first_tick (test_ship.ShipTests.test_second_merge_rechecks_base_after_first_tick) ... ok
test_shipped_comment_failure_still_closes_the_loop (test_ship.ShipTests.test_shipped_comment_failure_still_closes_the_loop) ... ok
test_shipped_event_tracks_enabled_maintenance_passes (test_ship.ShipTests.test_shipped_event_tracks_enabled_maintenance_passes) ... ok
test_shipped_issue_lands_in_unreleased_draft (test_ship.ShipTests.test_shipped_issue_lands_in_unreleased_draft) ... ok
test_shipped_issue_snapshot_is_idempotent_on_retry (test_ship.ShipTests.test_shipped_issue_snapshot_is_idempotent_on_retry) ... ok
test_shipped_label_failure_retries_after_issue_leaves_open_poll (test_ship.ShipTests.test_shipped_label_failure_retries_after_issue_leaves_open_poll) ... ok
test_shipped_needs_human_lands_in_the_uat_queue (test_ship.ShipTests.test_shipped_needs_human_lands_in_the_uat_queue) ... ok
test_shipped_without_a_needs_human_list_gets_default_check (test_ship.ShipTests.test_shipped_without_a_needs_human_list_gets_default_check) ... ok
test_size_m_item_on_green_ci_starts_a_review_instead_of_merging (test_ship.ShipTests.test_size_m_item_on_green_ci_starts_a_review_instead_of_merging) ... ok
test_stale_base_rebuild_preserves_attempts_and_work (test_ship.ShipTests.test_stale_base_rebuild_preserves_attempts_and_work) ... ok
test_stale_review_verdict_on_a_new_sha_re_reviews (test_ship.ShipTests.test_stale_review_verdict_on_a_new_sha_re_reviews)
A fix round (or any new push) changes the head sha: a verdict ... ok
test_successful_lookup_clears_lookup_failure_timer (test_ship.ShipTests.test_successful_lookup_clears_lookup_failure_timer) ... ok
test_unknown_ancestry_and_api_failure_wait (test_ship.ShipTests.test_unknown_ancestry_and_api_failure_wait) ... ok
test_unknown_changed_identity_restarts_observations (test_ship.ShipTests.test_unknown_changed_identity_restarts_observations) ... ok
test_unknown_freshness_retries_then_times_out_without_attempts (test_ship.ShipTests.test_unknown_freshness_retries_then_times_out_without_attempts) ... ok
test_unknown_pending_checks_still_timeout (test_ship.ShipTests.test_unknown_pending_checks_still_timeout) ... ok
test_unknown_refresh_backoff_survives_context_restart (test_ship.ShipTests.test_unknown_refresh_backoff_survives_context_restart) ... ok
test_unknown_refresh_dispatches_normal_states (test_ship.ShipTests.test_unknown_refresh_dispatches_normal_states) ... ok
test_unknown_refresh_error_is_rate_limited_and_other_items_continue (test_ship.ShipTests.test_unknown_refresh_error_is_rate_limited_and_other_items_continue) ... ok
test_unknown_refresh_rechecks_session_lease (test_ship.ShipTests.test_unknown_refresh_rechecks_session_lease) ... ok
test_unowned_check_failure_does_not_break_the_ship_pass (test_ship.ShipTests.test_unowned_check_failure_does_not_break_the_ship_pass) ... ok
test_young_draft_and_bot_prs_are_left_alone (test_ship.ShipTests.test_young_draft_and_bot_prs_are_left_alone) ... ok
test_create_failure_stays_pending_and_retries_without_fix (test_ship.TestClassifiedReview.test_create_failure_stays_pending_and_retries_without_fix) ... ok
test_failure_retry_and_remote_recovery_after_lost_local_write (test_ship.TestClassifiedReview.test_failure_retry_and_remote_recovery_after_lost_local_write) ... ok
test_followups_merge_without_fix_and_retries_preserve_links (test_ship.TestClassifiedReview.test_followups_merge_without_fix_and_retries_preserve_links) ... ok
test_malformed_inconsistent_and_missing_citations_never_approve (test_ship.TestClassifiedReview.test_malformed_inconsistent_and_missing_citations_never_approve) ... ok
test_mixed_only_hands_blockers_to_fix_and_retains_followups (test_ship.TestClassifiedReview.test_mixed_only_hands_blockers_to_fix_and_retains_followups) ... ok
test_old_finalization_does_not_replace_new_run (test_ship.TestClassifiedReview.test_old_finalization_does_not_replace_new_run) ... ok
test_stale_head_and_dry_run_never_file (test_ship.TestClassifiedReview.test_stale_head_and_dry_run_never_file) ... ok
test_inclusive_threshold_and_different_file_followups_merge (test_ship.TestGreenReviewRounds.test_inclusive_threshold_and_different_file_followups_merge) ... ok
test_new_and_unresolved_blockers_remain_blocking_after_threshold (test_ship.TestGreenReviewRounds.test_new_and_unresolved_blockers_remain_blocking_after_threshold) ... ok
test_red_pending_stale_and_missing_verdicts_never_count (test_ship.TestGreenReviewRounds.test_red_pending_stale_and_missing_verdicts_never_count) ... ok
test_review_start_receives_prior_classified_evidence (test_ship.TestGreenReviewRounds.test_review_start_receives_prior_classified_evidence) ... ok
test_rounds_survive_restart_retries_and_manual_reship (test_ship.TestGreenReviewRounds.test_rounds_survive_restart_retries_and_manual_reship) ... ok
test_same_location_new_classified_evidence_is_not_repeat (test_ship.TestGreenReviewRounds.test_same_location_new_classified_evidence_is_not_repeat) ... ok
test_alternate_reviewer_confirming_the_finding_starts_the_fix (test_ship.TestRepeatReviewFinding.test_alternate_reviewer_confirming_the_finding_starts_the_fix) ... ok
test_changed_source_line_or_new_finding_follows_the_fix_flow (test_ship.TestRepeatReviewFinding.test_changed_source_line_or_new_finding_follows_the_fix_flow) ... ok
test_repeat_on_unchanged_line_asks_another_platform_without_a_fix (test_ship.TestRepeatReviewFinding.test_repeat_on_unchanged_line_asks_another_platform_without_a_fix) ... ok
test_extensionless_locations_preserve_paths_and_ignore_prose (test_ship.TestReviewConvergence.test_extensionless_locations_preserve_paths_and_ignore_prose) ... ok
test_full_paths_and_compound_filenames_remain_distinct (test_ship.TestReviewConvergence.test_full_paths_and_compound_filenames_remain_distinct) ... ok
test_one_divergence_then_overlap_or_repeat_starts_a_fix (test_ship.TestReviewConvergence.test_one_divergence_then_overlap_or_repeat_starts_a_fix) ... ok
test_pass_breaks_streak_and_failed_finalization_is_idempotent (test_ship.TestReviewConvergence.test_pass_breaks_streak_and_failed_finalization_is_idempotent) ... ok
test_repeated_dotfile_location_starts_a_fix (test_ship.TestReviewConvergence.test_repeated_dotfile_location_starts_a_fix) ... ok
test_repeated_extensionless_location_starts_a_fix (test_ship.TestReviewConvergence.test_repeated_extensionless_location_starts_a_fix) ... ok
test_retry_does_not_reescalate_the_same_history (test_ship.TestReviewConvergence.test_retry_does_not_reescalate_the_same_history) ... ok
test_shared_dotted_expression_does_not_mask_divergent_locations (test_ship.TestReviewConvergence.test_shared_dotted_expression_does_not_mask_divergent_locations) ... ok
test_two_divergent_transitions_keep_blockers_in_bounded_fix_flow (test_ship.TestReviewConvergence.test_two_divergent_transitions_keep_blockers_in_bounded_fix_flow) ... ok
test_new_nested_dirs_under_state_are_user_only (test_state_permissions.EnsurePrivateDirTests.test_new_nested_dirs_under_state_are_user_only) ... ok
test_paths_outside_state_get_the_leaf_only (test_state_permissions.EnsurePrivateDirTests.test_paths_outside_state_get_the_leaf_only) ... ok
test_preexisting_loose_dirs_are_tightened (test_state_permissions.EnsurePrivateDirTests.test_preexisting_loose_dirs_are_tightened) ... ok
test_db_dir_0700_and_db_file_0600_on_creation (test_state_permissions.StateFilePermissionsTests.test_db_dir_0700_and_db_file_0600_on_creation) ... ok
test_loose_preexisting_db_is_tightened (test_state_permissions.StateFilePermissionsTests.test_loose_preexisting_db_is_tightened) ... ok
test_state_dir_and_lock_tightened_when_preexisting_loose (test_state_permissions.StateFilePermissionsTests.test_state_dir_and_lock_tightened_when_preexisting_loose) ... ok
test_state_dir_created_0700_by_take_lock_and_lock_0600 (test_state_permissions.StateFilePermissionsTests.test_state_dir_created_0700_by_take_lock_and_lock_0600) ... ok
test_busy_tick_does_not_take_ledger_ownership (test_state_permissions.TickResourceTests.test_busy_tick_does_not_take_ledger_ownership) ... ok
test_lock_and_ledger_close_on_every_owned_exit (test_state_permissions.TickResourceTests.test_lock_and_ledger_close_on_every_owned_exit) ... ok
test_real_lock_is_released_while_handle_is_still_referenced (test_state_permissions.TickResourceTests.test_real_lock_is_released_while_handle_is_still_referenced) ...   claude-low   stale  5h 25%, weekly: no sample  [5h in 4h 0m]
  claude       stale  5h 25%, weekly: no sample  [5h in 4h 0m]
  claude-opus  stale  5h 25%, weekly: no sample  [5h in 4h 0m]
  agy-claude   stale  5h: no sample, weekly: no sample
  agy-gemini   stale  5h: no sample, weekly: no sample
  codex-low    stale  5h: no sample, weekly: no sample
  codex        stale  5h: no sample, weekly: no sample
  codex-high   stale  5h: no sample, weekly: no sample
  cline-free   ok     unknown limit (platform reports no quota signal)
  jetstream    ok     unknown limit (platform reports no quota signal)
  kilo         ok     unknown limit (platform reports no quota signal)
  copilot      stale  monthly: no sample
  copilot-high stale  monthly: no sample
  kiro         stale  monthly: no sample
  vibe         ok     unknown limit (platform reports no quota signal)
peak override on — Claude runs allowed until 14:00 ET (in 4h 0m)
x#5: PR #88 handed to the conductor — it watches CI and merges on green.
x#5: PR #88 handed to the conductor — it watches CI and merges on green.
x#5: PR #88 handed to the conductor — it watches CI and merges on green.
ok
test_detector_accepts_assertions (test_suite_hygiene.SuiteHygieneTests.test_detector_accepts_assertions) ... ok
test_detector_rejects_false_greens (test_suite_hygiene.SuiteHygieneTests.test_detector_rejects_false_greens) ... ok
test_exceptions_have_reasons (test_suite_hygiene.SuiteHygieneTests.test_exceptions_have_reasons) ... ok
test_suite_has_assertions (test_suite_hygiene.SuiteHygieneTests.test_suite_has_assertions) ... ok
test_304_migrates_only_known_capacity_questions_once (test_sync.CapacityMigrationTests.test_304_migrates_only_known_capacity_questions_once) ... ok
test_dry_run_does_not_consume_migration (test_sync.CapacityMigrationTests.test_dry_run_does_not_consume_migration) ... ok
test_all_scope_and_dry_run_do_not_record_counts (test_sync.MissingScopeTests.test_all_scope_and_dry_run_do_not_record_counts) ... ok
test_counts_only_over_24_hours_without_configured_label (test_sync.MissingScopeTests.test_counts_only_over_24_hours_without_configured_label) ... ok
test_failed_listing_preserves_latest_count (test_sync.MissingScopeTests.test_failed_listing_preserves_latest_count) ... ok
test_backtick_paths_with_trailing_parentheticals (test_sync_pin.FilesOfParsingTests.test_backtick_paths_with_trailing_parentheticals) ... ok
test_bold_files_label (test_sync_pin.FilesOfParsingTests.test_bold_files_label) ... ok
test_bullet_list_under_bare_files_label (test_sync_pin.FilesOfParsingTests.test_bullet_list_under_bare_files_label) ... ok
test_files_label_requires_colon (test_sync_pin.FilesOfParsingTests.test_files_label_requires_colon) ... ok
test_files_label_with_extra_words (test_sync_pin.FilesOfParsingTests.test_files_label_with_extra_words) ... ok
test_inline_comma_separated (test_sync_pin.FilesOfParsingTests.test_inline_comma_separated) ... ok
test_inline_prose_on_next_line_is_not_swallowed (test_sync_pin.FilesOfParsingTests.test_inline_prose_on_next_line_is_not_swallowed) ... ok
test_inline_wrapped_list (test_sync_pin.FilesOfParsingTests.test_inline_wrapped_list) ... ok
test_inline_wrapped_list_stops_at_blank_line (test_sync_pin.FilesOfParsingTests.test_inline_wrapped_list_stops_at_blank_line) ... ok
test_no_plan_section_returns_empty (test_sync_pin.FilesOfParsingTests.test_no_plan_section_returns_empty) ... ok
test_none_placeholder_yields_no_files (test_sync_pin.FilesOfParsingTests.test_none_placeholder_yields_no_files) ... ok
test_only_reads_the_plan_sections_own_files_line (test_sync_pin.FilesOfParsingTests.test_only_reads_the_plan_sections_own_files_line)
A `Files:` mention outside `## Plan` must not leak in. ... ok
test_path_wrappers_and_invalid_tokens (test_sync_pin.FilesOfParsingTests.test_path_wrappers_and_invalid_tokens) ... ok
test_plan_section_without_files_line_returns_empty (test_sync_pin.FilesOfParsingTests.test_plan_section_without_files_line_returns_empty) ... ok
test_prose_bullet_is_dropped_without_losing_clean_paths (test_sync_pin.FilesOfParsingTests.test_prose_bullet_is_dropped_without_losing_clean_paths) ... ok
test_a_later_successful_mirror_recovers (test_sync_pin.MirrorLabelsTests.test_a_later_successful_mirror_recovers) ... ok
test_label_update_failure_is_recorded_and_mirror_stays_stale (test_sync_pin.MirrorLabelsTests.test_label_update_failure_is_recorded_and_mirror_stays_stale) ... ok
test_bare_platform_is_logged_without_change (test_sync_pin.PinTests.test_bare_platform_is_logged_without_change) ... ok
test_closed_issue_lookup_failure_is_skipped_not_raised (test_sync_pin.PinTests.test_closed_issue_lookup_failure_is_skipped_not_raised)
sync()'s per-item closed-issue check must not break the tick when ... ok
test_hand_set_label_still_pins_without_a_command (test_sync_pin.PinTests.test_hand_set_label_still_pins_without_a_command) ... ok
test_platform_auto_unpins (test_sync_pin.PinTests.test_platform_auto_unpins) ... ok
test_platform_command_sets_the_label_and_sticks (test_sync_pin.PinTests.test_platform_command_sets_the_label_and_sticks) ... ok
test_platform_none_unpins (test_sync_pin.PinTests.test_platform_none_unpins) ... ok
test_set_pin_label_failure_still_updates_the_ledger (test_sync_pin.PinTests.test_set_pin_label_failure_still_updates_the_ledger)
The label edit failing must not stop the ledger's pin from taking ... ok
test_switching_platforms_replaces_the_label (test_sync_pin.PinTests.test_switching_platforms_replaces_the_label) ... ok
test_unknown_platform_changes_nothing (test_sync_pin.PinTests.test_unknown_platform_changes_nothing) ... ok
test_has_sections_matches_markdown_headings_case_insensitively (test_sync_pin.PlannedChildTests.test_has_sections_matches_markdown_headings_case_insensitively) ... ok
test_incomplete_sub_issue_stays_in_inbox (test_sync_pin.PlannedChildTests.test_incomplete_sub_issue_stays_in_inbox) ... ok
test_planned_sub_issue_is_born_ready_without_a_sort (test_sync_pin.PlannedChildTests.test_planned_sub_issue_is_born_ready_without_a_sort) ... ok
test_bootstrap_is_idempotent (test_sync_pin.ReleaseBaselineSyncTests.test_bootstrap_is_idempotent) ... ok
test_existing_two_part_release_becomes_baseline_without_sealing_draft (test_sync_pin.ReleaseBaselineSyncTests.test_existing_two_part_release_becomes_baseline_without_sealing_draft) ... ok
test_lookup_failure_does_not_stop_issue_sync_or_mutate_draft (test_sync_pin.ReleaseBaselineSyncTests.test_lookup_failure_does_not_stop_issue_sync_or_mutate_draft) ... ok
test_no_remote_release_keeps_initial_fallback (test_sync_pin.ReleaseBaselineSyncTests.test_no_remote_release_keeps_initial_fallback) ... ok
test_ambiguous_qualified_ref_is_preserved (test_sync_pin.SatisfiableDependsTests.test_ambiguous_qualified_ref_is_preserved) ... ok
test_cached_grandparent_is_removed (test_sync_pin.SatisfiableDependsTests.test_cached_grandparent_is_removed) ... ok
test_current_parents_override_cache_and_issue_order (test_sync_pin.SatisfiableDependsTests.test_current_parents_override_cache_and_issue_order) ... ok
test_cycles_terminate_and_preserve_unrelated_dependencies (test_sync_pin.SatisfiableDependsTests.test_cycles_terminate_and_preserve_unrelated_dependencies) ... ok
test_native_blockers_merge_with_body_dependencies_and_deduplicate (test_sync_pin.SatisfiableDependsTests.test_native_blockers_merge_with_body_dependencies_and_deduplicate) ... ok
test_native_self_and_ancestor_blockers_are_removed (test_sync_pin.SatisfiableDependsTests.test_native_self_and_ancestor_blockers_are_removed) ... ok
test_parent_is_removed_and_correction_logged_once (test_sync_pin.SatisfiableDependsTests.test_parent_is_removed_and_correction_logged_once) ... ok
test_qualified_local_refs_removed_but_other_repos_kept (test_sync_pin.SatisfiableDependsTests.test_qualified_local_refs_removed_but_other_repos_kept) ... ok
test_self_is_removed (test_sync_pin.SatisfiableDependsTests.test_self_is_removed) ... ok
test_sibling_survives_and_still_blocks_until_done (test_sync_pin.SatisfiableDependsTests.test_sibling_survives_and_still_blocks_until_done) ... ok
test_walk_has_a_fixed_bound (test_sync_pin.SatisfiableDependsTests.test_walk_has_a_fixed_bound) ... ok
test_recipe_includes_plan_and_no_split_rule (test_sync_pin.SortRecipeTests.test_recipe_includes_plan_and_no_split_rule) ... ok
test_part_of_parsing (test_sync_pin.SubIssueScopeTests.test_part_of_parsing) ... ok
test_sub_issue_inherits_scope_from_closed_parent_in_ledger (test_sync_pin.SubIssueScopeTests.test_sub_issue_inherits_scope_from_closed_parent_in_ledger) ... ok
test_sub_issues_inherit_scope_label (test_sync_pin.SubIssueScopeTests.test_sub_issues_inherit_scope_label) ... ok
test_files_parsed_from_plan_section (test_sync_pin.SyncStoresFilesTests.test_files_parsed_from_plan_section) ... ok
test_files_updated_on_a_later_sync (test_sync_pin.SyncStoresFilesTests.test_files_updated_on_a_later_sync) ... ok
test_issue_body_is_cached_and_updated_on_a_later_sync (test_sync_pin.SyncStoresFilesTests.test_issue_body_is_cached_and_updated_on_a_later_sync) ... ok
test_missing_files_line_stores_empty_list (test_sync_pin.SyncStoresFilesTests.test_missing_files_line_stores_empty_list) ... ok
test_closed_without_a_pr_never_looks_one_up (test_sync_uat.ClosedOnGitHubUATTests.test_closed_without_a_pr_never_looks_one_up) ... ok
test_done_label_retries_when_shipped_write_succeeded_ambiguously (test_sync_uat.ClosedOnGitHubUATTests.test_done_label_retries_when_shipped_write_succeeded_ambiguously) ... ok
test_evidence_closed_poll_even_on_304_is_idempotent (test_sync_uat.ClosedOnGitHubUATTests.test_evidence_closed_poll_even_on_304_is_idempotent) ... ok
test_hand_merged_pr_with_needs_human_lands_in_uat_queue (test_sync_uat.ClosedOnGitHubUATTests.test_hand_merged_pr_with_needs_human_lands_in_uat_queue) ... ok
test_hand_merged_pr_without_needs_human_gets_default_check (test_sync_uat.ClosedOnGitHubUATTests.test_hand_merged_pr_without_needs_human_gets_default_check) ... ok
test_label_failure_retries_after_local_completion (test_sync_uat.ClosedOnGitHubUATTests.test_label_failure_retries_after_local_completion) ... ok
test_parent_and_dependent_unblock_only_after_evidence (test_sync_uat.ClosedOnGitHubUATTests.test_parent_and_dependent_unblock_only_after_evidence) ... ok
test_pr_lookup_failure_retries_without_losing_shipment (test_sync_uat.ClosedOnGitHubUATTests.test_pr_lookup_failure_retries_without_losing_shipment) ... ok
test_unmerged_manual_closure_is_not_shipped (test_sync_uat.ClosedOnGitHubUATTests.test_unmerged_manual_closure_is_not_shipped) ... ok
test_accepted_and_rejected_forms_and_metadata (test_sync_uat.EvidenceGrammarTests.test_accepted_and_rejected_forms_and_metadata) ... ok
test_comment_fetch_preserves_attribution_across_pages (test_sync_uat.EvidenceGrammarTests.test_comment_fetch_preserves_attribution_across_pages) ... ok
test_diagnosis_failure_never_changes_the_choice (test_tick_capacity.CapacityObservationTests.test_diagnosis_failure_never_changes_the_choice) ... ok
test_dry_run_writes_nothing (test_tick_capacity.CapacityObservationTests.test_dry_run_writes_nothing) ... ok
test_full_global_slots_preserve_escalated_routing_metadata_through_launch (test_tick_capacity.CapacityObservationTests.test_full_global_slots_preserve_escalated_routing_metadata_through_launch) ... ok
test_full_tick_flushes_even_when_the_ship_pass_raises (test_tick_capacity.CapacityObservationTests.test_full_tick_flushes_even_when_the_ship_pass_raises) ... ok
test_item_blockers_are_recorded (test_tick_capacity.CapacityObservationTests.test_item_blockers_are_recorded) ... ok
test_launch_breaker_is_an_item_blocker (test_tick_capacity.CapacityObservationTests.test_launch_breaker_is_an_item_blocker) ... ok
test_launch_is_recorded_only_after_start_succeeds (test_tick_capacity.CapacityObservationTests.test_launch_is_recorded_only_after_start_succeeds) ... ok
test_paused_tick_stays_observable (test_tick_capacity.CapacityObservationTests.test_paused_tick_stays_observable) ... ok
test_real_start_marks_the_interval_launched (test_tick_capacity.CapacityObservationTests.test_real_start_marks_the_interval_launched) ... ok
test_recording_failure_never_breaks_the_tick (test_tick_capacity.CapacityObservationTests.test_recording_failure_never_breaks_the_tick) ... ok
test_sort_plan_and_build_waits_are_recorded_with_platform_reasons (test_tick_capacity.CapacityObservationTests.test_sort_plan_and_build_waits_are_recorded_with_platform_reasons) ... ok
test_fix_launch_external_worktree_conflict_parks_needs_you (test_tick_capacity.LaunchCapacityTests.test_fix_launch_external_worktree_conflict_parks_needs_you) ... ok
test_resume_fix_gets_new_run_lease_and_current_rendered_prompt (test_tick_capacity.LaunchCapacityTests.test_resume_fix_gets_new_run_lease_and_current_rendered_prompt) ... ok
test_three_launch_failures_preserve_budget_and_retry_after_backoff (test_tick_capacity.LaunchCapacityTests.test_three_launch_failures_preserve_budget_and_retry_after_backoff) ... ok
test_pinned_opt_in_platform_is_probed_only_when_pinned (test_usage.VerifyingUsageTests.test_pinned_opt_in_platform_is_probed_only_when_pinned) ... ok
test_verifying_item_marks_review_platforms_wanted (test_usage.VerifyingUsageTests.test_verifying_item_marks_review_platforms_wanted) ... ok
test_cline_nudge_capped_at_two (test_verify_fallback.ClineNudgeTests.test_cline_nudge_capped_at_two)
A run that was nudged twice (nudged=2) is not nudged a third time. ... ok
test_cline_nudge_fires_on_completed_no_status (test_verify_fallback.ClineNudgeTests.test_cline_nudge_fires_on_completed_no_status)
Cline exit=0, finishReason=completed, no STATUS → nudge once. ... ok
test_cline_nudge_fires_second_time_when_nudged_once (test_verify_fallback.ClineNudgeTests.test_cline_nudge_fires_second_time_when_nudged_once)
A run that was nudged once (nudged=1) resumes a second time. ... ok
test_cline_nudge_handles_sqlite_row (test_verify_fallback.ClineNudgeTests.test_cline_nudge_handles_sqlite_row)
Regression test for mahler#165: _try_cline_nudge must accept sqlite3.Row. ... ok
test_cline_nudge_skipped_on_non_zero_exit (test_verify_fallback.ClineNudgeTests.test_cline_nudge_skipped_on_non_zero_exit)
Cline exit=1 → no nudge, straight to failed attempt. finishReason ... ok
test_cline_nudge_skipped_when_not_completed_despite_zero_exit (test_verify_fallback.ClineNudgeTests.test_cline_nudge_skipped_when_not_completed_despite_zero_exit)
Cline exit=0 but finishReason != 'completed' (log["ok"]=False) → ... ok
test_kilo_nudge_shell_string_quotes_session_id (test_verify_fallback.ClineNudgeTests.test_kilo_nudge_shell_string_quotes_session_id)
mahler#74: the session id comes from kilo events — ... ok
test_non_cline_platform_skips_nudge (test_verify_fallback.ClineNudgeTests.test_non_cline_platform_skips_nudge)
An agy run without STATUS doesn't get the Cline nudge. ... ok
test_verify_fallback_beats_cline_nudge (test_verify_fallback.ClineNudgeTests.test_verify_fallback_beats_cline_nudge)
When verify passes, the fallback fires — no nudge needed. ... ok
test_pr_body_with_unconfirmed_note (test_verify_fallback.PRBodyUnconfirmedTests.test_pr_body_with_unconfirmed_note) ... ok
test_pr_body_without_unconfirmed_note (test_verify_fallback.PRBodyUnconfirmedTests.test_pr_body_without_unconfirmed_note) ... ok
test_fallback_done_commits_ahead_and_verify_green (test_verify_fallback.VerifyFallbackTests.test_fallback_done_commits_ahead_and_verify_green)
No status line, commits ahead, verify passes → verifying (the conductor ships it). ... ok
test_fallback_done_uncommitted_snapshot_and_verify_green (test_verify_fallback.VerifyFallbackTests.test_fallback_done_uncommitted_snapshot_and_verify_green)
No status line, 0 commits ahead in worktree, but snapshot has uncommitted ... ok
test_fallback_with_timeout_and_uncommitted_snapshot_fires (test_verify_fallback.VerifyFallbackTests.test_fallback_with_timeout_and_uncommitted_snapshot_fires)
A timed-out run with only uncommitted changes snapshotted gets fallback if verify passes. ... ok
test_fallback_with_timeout_fails_when_verify_red (test_verify_fallback.VerifyFallbackTests.test_fallback_with_timeout_fails_when_verify_red)
A run stopped for timeout with failing verify fails the attempt. ... ok
test_fallback_with_timeout_fires_when_verify_green (test_verify_fallback.VerifyFallbackTests.test_fallback_with_timeout_fires_when_verify_green)
A run stopped for timeout gets fallback if verify passes (mahler#145). ... ok
test_no_commits_ahead_is_failed_attempt (test_verify_fallback.VerifyFallbackTests.test_no_commits_ahead_is_failed_attempt)
No status line, 0 commits ahead and no uncommitted snapshot → failed attempt, as today. ... ok
test_no_verify_command_skips_fallback (test_verify_fallback.VerifyFallbackTests.test_no_verify_command_skips_fallback)
When the project has no verify command, the fallback is skipped. ... ok
test_non_timeout_stop_reason_doesnt_fire_verify_fallback (test_verify_fallback.VerifyFallbackTests.test_non_timeout_stop_reason_doesnt_fire_verify_fallback)
A run stopped for e.g. parked or quota doesn't fire verify fallback. ... ok
test_verify_fails_is_failed_attempt (test_verify_fallback.VerifyFallbackTests.test_verify_fails_is_failed_attempt)
No status line, commits ahead, verify fails → failed attempt. ... ok
test_all_good (test_version.FormatVersionTests.test_all_good) ... ok
test_behind (test_version.FormatVersionTests.test_behind) ... ok
test_behind_one (test_version.FormatVersionTests.test_behind_one) ... ok
test_mismatch (test_version.FormatVersionTests.test_mismatch) ... ok
test_no_known_good (test_version.FormatVersionTests.test_no_known_good) ... ok
test_not_git (test_version.FormatVersionTests.test_not_git) ... ok
test_behind_nonzero (test_version.VersionInfoTests.test_behind_nonzero) ... ok
test_behind_zero_when_up_to_date (test_version.VersionInfoTests.test_behind_zero_when_up_to_date) ... ok
test_commit_is_reported (test_version.VersionInfoTests.test_commit_is_reported) ... ok
test_known_good_does_not_match (test_version.VersionInfoTests.test_known_good_does_not_match) ... ok
test_known_good_full_sha_matches_short (test_version.VersionInfoTests.test_known_good_full_sha_matches_short) ... ok
test_known_good_matches (test_version.VersionInfoTests.test_known_good_matches) ... ok
test_no_known_good_file (test_version.VersionInfoTests.test_no_known_good_file) ... ok
test_not_a_git_repo (test_version.VersionInfoTests.test_not_a_git_repo) ... ok
test_agy_refresh_detects_a_rise (test_warmup.HumanRiseTests.test_agy_refresh_detects_a_rise) ... ok
test_exhaustion_event_at_90_pct (test_warmup.HumanRiseTests.test_exhaustion_event_at_90_pct) ... ok
test_no_cross_group_contamination (test_warmup.HumanRiseTests.test_no_cross_group_contamination) ... ok
test_refresh_codex_detects_a_rise (test_warmup.HumanRiseTests.test_refresh_codex_detects_a_rise) ... ok
test_rise_sets_flag_and_event_per_group (test_warmup.HumanRiseTests.test_rise_sets_flag_and_event_per_group) ... ok
test_suppressed_after_our_own_warmup_nudge (test_warmup.HumanRiseTests.test_suppressed_after_our_own_warmup_nudge) ... ok
test_suppressed_while_a_run_is_live (test_warmup.HumanRiseTests.test_suppressed_while_a_run_is_live) ... ok
test_collect_days_ignores_events_outside_window (test_warmup.LearnCollectTests.test_collect_days_ignores_events_outside_window) ... ok
test_collect_days_merges_transcript_and_events (test_warmup.LearnCollectTests.test_collect_days_merges_transcript_and_events) ... ok
test_learned_lines_fallback_and_learned (test_warmup.LearnCollectTests.test_learned_lines_fallback_and_learned) ... ok
test_relearn_dry_run_writes_nothing (test_warmup.LearnCollectTests.test_relearn_dry_run_writes_nothing) ... ok
test_relearn_persists_kv_and_gates_daily (test_warmup.LearnCollectTests.test_relearn_persists_kv_and_gates_daily) ... ok
test_relearn_waits_for_03_00_local (test_warmup.LearnCollectTests.test_relearn_waits_for_03_00_local) ... ok
test_days_without_use_are_ignored (test_warmup.LearnTimeTests.test_days_without_use_are_ignored) ... ok
test_exhaustion_rule (test_warmup.LearnTimeTests.test_exhaustion_rule) ... ok
test_hhmm (test_warmup.LearnTimeTests.test_hhmm) ... ok
test_lower_clamp (test_warmup.LearnTimeTests.test_lower_clamp) ... ok
test_median_combines_days (test_warmup.LearnTimeTests.test_median_combines_days) ... ok
test_no_exhaustion_fallback (test_warmup.LearnTimeTests.test_no_exhaustion_fallback) ... ok
test_rounding_to_15_minutes (test_warmup.LearnTimeTests.test_rounding_to_15_minutes) ... ok
test_too_few_days_keeps_configured (test_warmup.LearnTimeTests.test_too_few_days_keeps_configured) ... ok
test_upper_clamp (test_warmup.LearnTimeTests.test_upper_clamp) ... ok
test_weekend_with_no_use_is_off (test_warmup.LearnTimeTests.test_weekend_with_no_use_is_off) ... ok
test_first_use_per_day (test_warmup.TranscriptTests.test_first_use_per_day) ... ok
test_mahler_worktree_and_tempdir_lines_are_excluded (test_warmup.TranscriptTests.test_mahler_worktree_and_tempdir_lines_are_excluded) ... ok
test_only_user_message_timestamps_count (test_warmup.TranscriptTests.test_only_user_message_timestamps_count) ... ok
test_stale_files_are_skipped (test_warmup.TranscriptTests.test_stale_files_are_skipped) ... ok
test_worktree_transcript_excluded_whole (test_warmup.TranscriptTests.test_worktree_transcript_excluded_whole) ... ok
test_agy_failed_status_is_not_success (test_warmup.WarmupAdapterTests.test_agy_failed_status_is_not_success) ... ok
test_codex_command_timeout_and_environment (test_warmup.WarmupAdapterTests.test_codex_command_timeout_and_environment) ... ok
test_free_codex_reader_uses_work_login (test_warmup.WarmupAdapterTests.test_free_codex_reader_uses_work_login) ... ok
test_defaults_and_validation (test_warmup.WarmupConfigTests.test_defaults_and_validation) ... ok
test_invalid_hours_and_mismatched_account (test_warmup.WarmupConfigTests.test_invalid_hours_and_mismatched_account) ... ok
test_account_environment (test_warmup.WarmupTests.test_account_environment) ... ok
test_active_avoids_even_free_read (test_warmup.WarmupTests.test_active_avoids_even_free_read) ... ok
test_daily_and_manual (test_warmup.WarmupTests.test_daily_and_manual) ... ok
test_dry_run_does_not_write (test_warmup.WarmupTests.test_dry_run_does_not_write) ... ok
test_end_exclusive_and_next_weekday (test_warmup.WarmupTests.test_end_exclusive_and_next_weekday) ... ok
test_failed_free_read_preserves_previous_fire_guard (test_warmup.WarmupTests.test_failed_free_read_preserves_previous_fire_guard) ... ok
test_failed_nudge_backoff_survives_restart (test_warmup.WarmupTests.test_failed_nudge_backoff_survives_restart) ... ok
test_failure_backoff (test_warmup.WarmupTests.test_failure_backoff) ... ok
test_first_and_chained_window (test_warmup.WarmupTests.test_first_and_chained_window) ... ok
test_four_hour_guard_and_restart (test_warmup.WarmupTests.test_four_hour_guard_and_restart) ... ok
test_free_read_detects_human_window (test_warmup.WarmupTests.test_free_read_detects_human_window) ... ok
test_hours_weekends_and_off (test_warmup.WarmupTests.test_hours_weekends_and_off) ... ok
test_pause_exhaustion_and_block (test_warmup.WarmupTests.test_pause_exhaustion_and_block) ... ok
test_peer_exhaustion_prevents_spending (test_warmup.WarmupTests.test_peer_exhaustion_prevents_spending) ... ok
test_per_target_exception_isolation (test_warmup.WarmupTests.test_per_target_exception_isolation) ... ok
test_tick_relearn_uses_context_ledger (test_warmup.WarmupTests.test_tick_relearn_uses_context_ledger) ... ok
test_unknown_skips_without_spending (test_warmup.WarmupTests.test_unknown_skips_without_spending) ... ok
test_zero_used_future_reset_is_idle (test_warmup.WarmupTests.test_zero_used_future_reset_is_idle) ... ok
test_a_live_run_past_the_wall_clock_is_stopped_at_once (test_watchdog.EscalationTests.test_a_live_run_past_the_wall_clock_is_stopped_at_once) ... ok
test_a_stopping_run_that_ignored_sigterm_is_killed_the_next_tick (test_watchdog.EscalationTests.test_a_stopping_run_that_ignored_sigterm_is_killed_the_next_tick) ... ok
test_one_poisoned_run_does_not_disarm_the_watchdog (test_watchdog.EscalationTests.test_one_poisoned_run_does_not_disarm_the_watchdog) ... ok
test_empty_log_inside_the_startup_limit_is_fine (test_watchdog.HealthTests.test_empty_log_inside_the_startup_limit_is_fine) ... ok
test_empty_log_past_the_startup_limit_is_silent (test_watchdog.HealthTests.test_empty_log_past_the_startup_limit_is_silent) ... ok
test_output_means_the_startup_check_is_over (test_watchdog.HealthTests.test_output_means_the_startup_check_is_over) ... ok
test_overage_stops_the_run_and_holds_all_claude_platforms (test_watchdog.HealthTests.test_overage_stops_the_run_and_holds_all_claude_platforms) ... ok
test_silent_is_not_the_items_fault (test_watchdog.HealthTests.test_silent_is_not_the_items_fault) ... ok
test_hold_stops_new_runs_until_it_lifts (test_watchdog.HoldTests.test_hold_stops_new_runs_until_it_lifts) ... ok
test_lapsed_hold_is_ignored (test_watchdog.HoldTests.test_lapsed_hold_is_ignored) ... ok
test_model_unavailable_hold_is_a_day_and_reads_distinctly (test_watchdog.HoldTests.test_model_unavailable_hold_is_a_day_and_reads_distinctly)
Issue #420: a model-rejection hold is worded differently from the ... ok
test_silent_and_model_unavailable_holds_do_not_bleed_labels (test_watchdog.HoldTests.test_silent_and_model_unavailable_holds_do_not_bleed_labels)
A fresh silent hold after a stale model-unavailable one must not ... ok
test_a_projects_own_window_wins_over_the_default (test_watchdog.HumanClaudePresenceTests.test_a_projects_own_window_wins_over_the_default)
D6: hot_hold_minutes is per project — burst suppression and the ... ok
test_no_path_no_activity (test_watchdog.HumanClaudePresenceTests.test_no_path_no_activity) ... ok
test_no_projects_no_activity (test_watchdog.HumanClaudePresenceTests.test_no_projects_no_activity) ... ok
test_old_transcript_is_not_human_activity (test_watchdog.HumanClaudePresenceTests.test_old_transcript_is_not_human_activity) ... ok
test_recent_transcript_is_human_activity (test_watchdog.HumanClaudePresenceTests.test_recent_transcript_is_human_activity) ... ok
test_5h_usage_rise_with_live_claude_run_does_not_set_flag (test_watchdog.HumanClaudeTests.test_5h_usage_rise_with_live_claude_run_does_not_set_flag)
The rise is from Mahler's own run, not a human. ... ok
test_5h_usage_rise_with_live_other_run_does_not_set_flag (test_watchdog.HumanClaudeTests.test_5h_usage_rise_with_live_other_run_does_not_set_flag)
A free-tier run doesn't explain a 5h rise on the Claude account. ... ok
test_5h_usage_rise_with_no_live_run_sets_flag (test_watchdog.HumanClaudeTests.test_5h_usage_rise_with_no_live_run_sets_flag)
A 5h usage increase spotted by the probe, with no Claude run live, ... ok
test_check_human_false_does_not_set_flag (test_watchdog.HumanClaudeTests.test_check_human_false_does_not_set_flag)
The run's own log should not trigger human detection. ... ok
test_no_5h_rise_does_not_set_flag (test_watchdog.HumanClaudeTests.test_no_5h_rise_does_not_set_flag) ... ok
test_a_run_that_lost_its_lease_is_stopped (test_watchdog.LeaseLossTests.test_a_run_that_lost_its_lease_is_stopped) ... ok
test_dead_shell_still_gets_its_group_killed_before_finalize (test_watchdog.ReapTests.test_dead_shell_still_gets_its_group_killed_before_finalize) ... ok
test_killing_the_group_reaches_a_child_that_outlived_its_shell (test_watchdog.ReapTests.test_killing_the_group_reaches_a_child_that_outlived_its_shell)
What mahler#12 hit: SIGTERM kills the shell, a child shrugs it off, ... ok
test_a_stale_setup_is_hung (test_watchdog.SetupPhaseTests.test_a_stale_setup_is_hung) ... ok
test_an_active_setup_is_not_a_hung_run (test_watchdog.SetupPhaseTests.test_an_active_setup_is_not_a_hung_run) ... ok
test_no_log_at_all_is_silent_after_the_startup_limit (test_watchdog.SetupPhaseTests.test_no_log_at_all_is_silent_after_the_startup_limit) ... ok
test_no_log_shortly_after_start_is_fine (test_watchdog.SetupPhaseTests.test_no_log_shortly_after_start_is_fine) ... ok
test_a_hung_run_is_snapshotted_and_handed_off (test_watchdog.TimeoutHandoffTests.test_a_hung_run_is_snapshotted_and_handed_off) ... ok
test_a_timed_out_run_counts_as_a_failed_attempt (test_watchdog.TimeoutHandoffTests.test_a_timed_out_run_counts_as_a_failed_attempt) ... ok
test_a_timed_out_run_is_snapshotted_and_handed_off (test_watchdog.TimeoutHandoffTests.test_a_timed_out_run_is_snapshotted_and_handed_off) ... ok
test_a_chatty_run_inside_the_limit_is_fine (test_watchdog.WallClockTests.test_a_chatty_run_inside_the_limit_is_fine) ... ok
test_past_the_wall_clock_is_timeout_even_with_fresh_output (test_watchdog.WallClockTests.test_past_the_wall_clock_is_timeout_even_with_fresh_output) ... ok
test_the_wall_clock_beats_the_progress_check (test_watchdog.WallClockTests.test_the_wall_clock_beats_the_progress_check) ... ok
test_a_fresh_yield_is_inside_the_grace_and_left_alone (test_watchdog.YieldGraceTests.test_a_fresh_yield_is_inside_the_grace_and_left_alone) ... ok
test_a_non_claude_run_gets_no_yield_file (test_watchdog.YieldGraceTests.test_a_non_claude_run_gets_no_yield_file) ... ok
test_a_parked_run_gets_no_grace (test_watchdog.YieldGraceTests.test_a_parked_run_gets_no_grace) ... ok
test_a_yield_past_the_grace_is_stopped (test_watchdog.YieldGraceTests.test_a_yield_past_the_grace_is_stopped) ... ok

======================================================================
ERROR: test_followup_disposition_is_accepted_when_valid (test_finalize.RunTests.test_followup_disposition_is_accepted_when_valid)
----------------------------------------------------------------------
Traceback (most recent call last):
  File "/Users/mike/.mahler/worktrees/mahler/714-run11265/tests/test_finalize.py", line 604, in test_followup_disposition_is_accepted_when_valid
    self.assertEqual(result.record["disposition"], "followups")
                     ^^^^^^^^^^^^^
AttributeError: 'dict' object has no attribute 'record'

----------------------------------------------------------------------
Ran 2229 tests in 93.814s

FAILED (errors=1)
